<?xml version="1.0" encoding="ISO-8859-1" ?>
<link_info>
   <banner>TI ARM Linker PC v20.2.2.LTS</banner>
   <copyright>Copyright (c) 1996-2018 Texas Instruments Incorporated</copyright>
   <link_time>0x60bb4f87</link_time>
   <link_errors>0x0</link_errors>
   <output_file>FinalProject_EthanDeLeon.out</output_file>
   <entry_point>
      <name>_c_int00_noargs</name>
      <address>0x2000f065</address>
   </entry_point>
   <input_file_list>
      <input_file id="fl-2">
         <path>.\</path>
         <kind>object</kind>
         <file>Adafruit_GFX.obj</file>
         <name>Adafruit_GFX.obj</name>
      </input_file>
      <input_file id="fl-3">
         <path>.\</path>
         <kind>object</kind>
         <file>Adafruit_OLED.obj</file>
         <name>Adafruit_OLED.obj</name>
      </input_file>
      <input_file id="fl-4">
         <path>.\</path>
         <kind>object</kind>
         <file>gpio_if.obj</file>
         <name>gpio_if.obj</name>
      </input_file>
      <input_file id="fl-5">
         <path>.\</path>
         <kind>object</kind>
         <file>i2c_if.obj</file>
         <name>i2c_if.obj</name>
      </input_file>
      <input_file id="fl-6">
         <path>.\</path>
         <kind>object</kind>
         <file>main.obj</file>
         <name>main.obj</name>
      </input_file>
      <input_file id="fl-7">
         <path>.\</path>
         <kind>object</kind>
         <file>network_common.obj</file>
         <name>network_common.obj</name>
      </input_file>
      <input_file id="fl-8">
         <path>.\</path>
         <kind>object</kind>
         <file>pin_mux_config.obj</file>
         <name>pin_mux_config.obj</name>
      </input_file>
      <input_file id="fl-9">
         <path>.\</path>
         <kind>object</kind>
         <file>startup_ccs.obj</file>
         <name>startup_ccs.obj</name>
      </input_file>
      <input_file id="fl-a">
         <path>.\</path>
         <kind>object</kind>
         <file>uart_if.obj</file>
         <name>uart_if.obj</name>
      </input_file>
      <input_file id="fl-10">
         <kind>object</kind>
         <file>&lt;internal&gt;</file>
         <name>&lt;internal&gt;</name>
      </input_file>
      <input_file id="fl-c6">
         <path>C:\ti\ccs1020\ccs\tools\compiler\ti-cgt-arm_20.2.2.LTS\lib\</path>
         <kind>archive</kind>
         <file>rtsv7M4_T_le_v4SPD16_eabi.lib</file>
         <name>snprintf.c.obj</name>
      </input_file>
      <input_file id="fl-c7">
         <path>C:\ti\ccs1020\ccs\tools\compiler\ti-cgt-arm_20.2.2.LTS\lib\</path>
         <kind>archive</kind>
         <file>rtsv7M4_T_le_v4SPD16_eabi.lib</file>
         <name>sprintf.c.obj</name>
      </input_file>
      <input_file id="fl-c8">
         <path>C:\ti\ccs1020\ccs\tools\compiler\ti-cgt-arm_20.2.2.LTS\lib\</path>
         <kind>archive</kind>
         <file>rtsv7M4_T_le_v4SPD16_eabi.lib</file>
         <name>vsnprintf.c.obj</name>
      </input_file>
      <input_file id="fl-c9">
         <path>C:\ti\ccs1020\ccs\tools\compiler\ti-cgt-arm_20.2.2.LTS\lib\</path>
         <kind>archive</kind>
         <file>rtsv7M4_T_le_v4SPD16_eabi.lib</file>
         <name>memcpy_t2.asm.obj</name>
      </input_file>
      <input_file id="fl-ca">
         <path>C:\ti\ccs1020\ccs\tools\compiler\ti-cgt-arm_20.2.2.LTS\lib\</path>
         <kind>archive</kind>
         <file>rtsv7M4_T_le_v4SPD16_eabi.lib</file>
         <name>memset_t2.asm.obj</name>
      </input_file>
      <input_file id="fl-cb">
         <path>C:\ti\ccs1020\ccs\tools\compiler\ti-cgt-arm_20.2.2.LTS\lib\</path>
         <kind>archive</kind>
         <file>rtsv7M4_T_le_v4SPD16_eabi.lib</file>
         <name>copy_zero_init.c.obj</name>
      </input_file>
      <input_file id="fl-cc">
         <path>C:\ti\ccs1020\ccs\tools\compiler\ti-cgt-arm_20.2.2.LTS\lib\</path>
         <kind>archive</kind>
         <file>rtsv7M4_T_le_v4SPD16_eabi.lib</file>
         <name>copy_decompress_none.c.obj</name>
      </input_file>
      <input_file id="fl-cd">
         <path>C:\ti\ccs1020\ccs\tools\compiler\ti-cgt-arm_20.2.2.LTS\lib\</path>
         <kind>archive</kind>
         <file>rtsv7M4_T_le_v4SPD16_eabi.lib</file>
         <name>copy_decompress_lzss.c.obj</name>
      </input_file>
      <input_file id="fl-ce">
         <path>C:\ti\ccs1020\ccs\tools\compiler\ti-cgt-arm_20.2.2.LTS\lib\</path>
         <kind>archive</kind>
         <file>rtsv7M4_T_le_v4SPD16_eabi.lib</file>
         <name>memmov.c.obj</name>
      </input_file>
      <input_file id="fl-cf">
         <path>C:\ti\ccs1020\ccs\tools\compiler\ti-cgt-arm_20.2.2.LTS\lib\</path>
         <kind>archive</kind>
         <file>rtsv7M4_T_le_v4SPD16_eabi.lib</file>
         <name>memory.c.obj</name>
      </input_file>
      <input_file id="fl-d0">
         <path>C:\ti\ccs1020\ccs\tools\compiler\ti-cgt-arm_20.2.2.LTS\lib\</path>
         <kind>archive</kind>
         <file>rtsv7M4_T_le_v4SPD16_eabi.lib</file>
         <name>strcpy.c.obj</name>
      </input_file>
      <input_file id="fl-d1">
         <path>C:\ti\ccs1020\ccs\tools\compiler\ti-cgt-arm_20.2.2.LTS\lib\</path>
         <kind>archive</kind>
         <file>rtsv7M4_T_le_v4SPD16_eabi.lib</file>
         <name>strlen.c.obj</name>
      </input_file>
      <input_file id="fl-d2">
         <path>C:\ti\ccs1020\ccs\tools\compiler\ti-cgt-arm_20.2.2.LTS\lib\</path>
         <kind>archive</kind>
         <file>rtsv7M4_T_le_v4SPD16_eabi.lib</file>
         <name>time.c.obj</name>
      </input_file>
      <input_file id="fl-d3">
         <path>C:\ti\ccs1020\ccs\tools\compiler\ti-cgt-arm_20.2.2.LTS\lib\</path>
         <kind>archive</kind>
         <file>rtsv7M4_T_le_v4SPD16_eabi.lib</file>
         <name>boot_cortex_m.c.obj</name>
      </input_file>
      <input_file id="fl-d4">
         <path>C:\ti\ccs1020\ccs\tools\compiler\ti-cgt-arm_20.2.2.LTS\lib\</path>
         <kind>archive</kind>
         <file>rtsv7M4_T_le_v4SPD16_eabi.lib</file>
         <name>_printfi.c.obj</name>
      </input_file>
      <input_file id="fl-d5">
         <path>C:\ti\ccs1020\ccs\tools\compiler\ti-cgt-arm_20.2.2.LTS\lib\</path>
         <kind>archive</kind>
         <file>rtsv7M4_T_le_v4SPD16_eabi.lib</file>
         <name>fd_add_t2.asm.obj</name>
      </input_file>
      <input_file id="fl-d6">
         <path>C:\ti\ccs1020\ccs\tools\compiler\ti-cgt-arm_20.2.2.LTS\lib\</path>
         <kind>archive</kind>
         <file>rtsv7M4_T_le_v4SPD16_eabi.lib</file>
         <name>fd_cmp_t2.asm.obj</name>
      </input_file>
      <input_file id="fl-d7">
         <path>C:\ti\ccs1020\ccs\tools\compiler\ti-cgt-arm_20.2.2.LTS\lib\</path>
         <kind>archive</kind>
         <file>rtsv7M4_T_le_v4SPD16_eabi.lib</file>
         <name>fd_div_t2.asm.obj</name>
      </input_file>
      <input_file id="fl-d8">
         <path>C:\ti\ccs1020\ccs\tools\compiler\ti-cgt-arm_20.2.2.LTS\lib\</path>
         <kind>archive</kind>
         <file>rtsv7M4_T_le_v4SPD16_eabi.lib</file>
         <name>fd_mul_t2.asm.obj</name>
      </input_file>
      <input_file id="fl-d9">
         <path>C:\ti\ccs1020\ccs\tools\compiler\ti-cgt-arm_20.2.2.LTS\lib\</path>
         <kind>archive</kind>
         <file>rtsv7M4_T_le_v4SPD16_eabi.lib</file>
         <name>fd_toi_t2.asm.obj</name>
      </input_file>
      <input_file id="fl-da">
         <path>C:\ti\ccs1020\ccs\tools\compiler\ti-cgt-arm_20.2.2.LTS\lib\</path>
         <kind>archive</kind>
         <file>rtsv7M4_T_le_v4SPD16_eabi.lib</file>
         <name>i_tofd_t2.asm.obj</name>
      </input_file>
      <input_file id="fl-db">
         <path>C:\ti\ccs1020\ccs\tools\compiler\ti-cgt-arm_20.2.2.LTS\lib\</path>
         <kind>archive</kind>
         <file>rtsv7M4_T_le_v4SPD16_eabi.lib</file>
         <name>ull_div_t2.asm.obj</name>
      </input_file>
      <input_file id="fl-dc">
         <path>C:\ti\ccs1020\ccs\tools\compiler\ti-cgt-arm_20.2.2.LTS\lib\</path>
         <kind>archive</kind>
         <file>rtsv7M4_T_le_v4SPD16_eabi.lib</file>
         <name>autoinit.c.obj</name>
      </input_file>
      <input_file id="fl-dd">
         <path>C:\ti\ccs1020\ccs\tools\compiler\ti-cgt-arm_20.2.2.LTS\lib\</path>
         <kind>archive</kind>
         <file>rtsv7M4_T_le_v4SPD16_eabi.lib</file>
         <name>pre_init.c.obj</name>
      </input_file>
      <input_file id="fl-de">
         <path>C:\ti\ccs1020\ccs\tools\compiler\ti-cgt-arm_20.2.2.LTS\lib\</path>
         <kind>archive</kind>
         <file>rtsv7M4_T_le_v4SPD16_eabi.lib</file>
         <name>cpy_tbl.c.obj</name>
      </input_file>
      <input_file id="fl-df">
         <path>C:\ti\ccs1020\ccs\tools\compiler\ti-cgt-arm_20.2.2.LTS\lib\</path>
         <kind>archive</kind>
         <file>rtsv7M4_T_le_v4SPD16_eabi.lib</file>
         <name>exit.c.obj</name>
      </input_file>
      <input_file id="fl-e0">
         <path>C:\ti\ccs1020\ccs\tools\compiler\ti-cgt-arm_20.2.2.LTS\lib\</path>
         <kind>archive</kind>
         <file>rtsv7M4_T_le_v4SPD16_eabi.lib</file>
         <name>_lock.c.obj</name>
      </input_file>
      <input_file id="fl-e1">
         <path>C:\ti\ccs1020\ccs\tools\compiler\ti-cgt-arm_20.2.2.LTS\lib\</path>
         <kind>archive</kind>
         <file>rtsv7M4_T_le_v4SPD16_eabi.lib</file>
         <name>_ltoa.c.obj</name>
      </input_file>
      <input_file id="fl-e2">
         <path>C:\ti\ccs1020\ccs\tools\compiler\ti-cgt-arm_20.2.2.LTS\lib\</path>
         <kind>archive</kind>
         <file>rtsv7M4_T_le_v4SPD16_eabi.lib</file>
         <name>args_main.c.obj</name>
      </input_file>
      <input_file id="fl-e3">
         <path>C:\ti\ccs1020\ccs\tools\compiler\ti-cgt-arm_20.2.2.LTS\lib\</path>
         <kind>archive</kind>
         <file>rtsv7M4_T_le_v4SPD16_eabi.lib</file>
         <name>atoi.c.obj</name>
      </input_file>
      <input_file id="fl-e4">
         <path>C:\ti\ccs1020\ccs\tools\compiler\ti-cgt-arm_20.2.2.LTS\lib\</path>
         <kind>archive</kind>
         <file>rtsv7M4_T_le_v4SPD16_eabi.lib</file>
         <name>ctype.c.obj</name>
      </input_file>
      <input_file id="fl-e5">
         <path>C:\ti\ccs1020\ccs\tools\compiler\ti-cgt-arm_20.2.2.LTS\lib\</path>
         <kind>archive</kind>
         <file>rtsv7M4_T_le_v4SPD16_eabi.lib</file>
         <name>memccpy.c.obj</name>
      </input_file>
      <input_file id="fl-e6">
         <path>C:\ti\ccs1020\ccs\tools\compiler\ti-cgt-arm_20.2.2.LTS\lib\</path>
         <kind>archive</kind>
         <file>rtsv7M4_T_le_v4SPD16_eabi.lib</file>
         <name>strchr.c.obj</name>
      </input_file>
      <input_file id="fl-e7">
         <path>C:\ti\ccs1020\ccs\tools\compiler\ti-cgt-arm_20.2.2.LTS\lib\</path>
         <kind>archive</kind>
         <file>rtsv7M4_T_le_v4SPD16_eabi.lib</file>
         <name>hosttime.c.obj</name>
      </input_file>
      <input_file id="fl-e8">
         <path>C:\ti\ccs1020\ccs\tools\compiler\ti-cgt-arm_20.2.2.LTS\lib\</path>
         <kind>archive</kind>
         <file>rtsv7M4_T_le_v4SPD16_eabi.lib</file>
         <name>trgmsg.c.obj</name>
      </input_file>
      <input_file id="fl-e9">
         <path>C:\ti\ccs1020\ccs\tools\compiler\ti-cgt-arm_20.2.2.LTS\lib\</path>
         <kind>archive</kind>
         <file>rtsv7M4_T_le_v4SPD16_eabi.lib</file>
         <name>errno.c.obj</name>
      </input_file>
      <input_file id="fl-ea">
         <path>C:\ti\ccs1020\ccs\tools\compiler\ti-cgt-arm_20.2.2.LTS\lib\</path>
         <kind>archive</kind>
         <file>rtsv7M4_T_le_v4SPD16_eabi.lib</file>
         <name>s_frexp.c.obj</name>
      </input_file>
      <input_file id="fl-eb">
         <path>C:\ti\ccs1020\ccs\tools\compiler\ti-cgt-arm_20.2.2.LTS\lib\</path>
         <kind>archive</kind>
         <file>rtsv7M4_T_le_v4SPD16_eabi.lib</file>
         <name>s_scalbn.c.obj</name>
      </input_file>
      <input_file id="fl-ec">
         <path>C:\ti\ccs1020\ccs\tools\compiler\ti-cgt-arm_20.2.2.LTS\lib\</path>
         <kind>archive</kind>
         <file>rtsv7M4_T_le_v4SPD16_eabi.lib</file>
         <name>wcslen.c.obj</name>
      </input_file>
      <input_file id="fl-ed">
         <path>C:\ti\ccs1020\ccs\tools\compiler\ti-cgt-arm_20.2.2.LTS\lib\</path>
         <kind>archive</kind>
         <file>rtsv7M4_T_le_v4SPD16_eabi.lib</file>
         <name>s_copysign.c.obj</name>
      </input_file>
      <input_file id="fl-ee">
         <path>C:\ti\ccs1020\ccs\tools\compiler\ti-cgt-arm_20.2.2.LTS\lib\</path>
         <kind>archive</kind>
         <file>rtsv7M4_T_le_v4SPD16_eabi.lib</file>
         <name>div0.asm.obj</name>
      </input_file>
      <input_file id="fl-ef">
         <path>C:\ti\ccs1020\ccs\tools\compiler\ti-cgt-arm_20.2.2.LTS\lib\</path>
         <kind>archive</kind>
         <file>rtsv7M4_T_le_v4SPD16_eabi.lib</file>
         <name>hostopen.c.obj</name>
      </input_file>
      <input_file id="fl-f0">
         <path>C:\ti\CC3200SDK_1.5.0\cc3200-sdk\driverlib\ccs\Release\</path>
         <kind>archive</kind>
         <file>driverlib.a</file>
         <name>gpio.obj</name>
      </input_file>
      <input_file id="fl-f1">
         <path>C:\ti\CC3200SDK_1.5.0\cc3200-sdk\driverlib\ccs\Release\</path>
         <kind>archive</kind>
         <file>driverlib.a</file>
         <name>i2c.obj</name>
      </input_file>
      <input_file id="fl-f2">
         <path>C:\ti\CC3200SDK_1.5.0\cc3200-sdk\driverlib\ccs\Release\</path>
         <kind>archive</kind>
         <file>driverlib.a</file>
         <name>interrupt.obj</name>
      </input_file>
      <input_file id="fl-f3">
         <path>C:\ti\CC3200SDK_1.5.0\cc3200-sdk\driverlib\ccs\Release\</path>
         <kind>archive</kind>
         <file>driverlib.a</file>
         <name>pin.obj</name>
      </input_file>
      <input_file id="fl-f4">
         <path>C:\ti\CC3200SDK_1.5.0\cc3200-sdk\driverlib\ccs\Release\</path>
         <kind>archive</kind>
         <file>driverlib.a</file>
         <name>prcm.obj</name>
      </input_file>
      <input_file id="fl-f5">
         <path>C:\ti\CC3200SDK_1.5.0\cc3200-sdk\driverlib\ccs\Release\</path>
         <kind>archive</kind>
         <file>driverlib.a</file>
         <name>spi.obj</name>
      </input_file>
      <input_file id="fl-f6">
         <path>C:\ti\CC3200SDK_1.5.0\cc3200-sdk\driverlib\ccs\Release\</path>
         <kind>archive</kind>
         <file>driverlib.a</file>
         <name>uart.obj</name>
      </input_file>
      <input_file id="fl-f7">
         <path>C:\ti\CC3200SDK_1.5.0\cc3200-sdk\driverlib\ccs\Release\</path>
         <kind>archive</kind>
         <file>driverlib.a</file>
         <name>utils.obj</name>
      </input_file>
      <input_file id="fl-f8">
         <path>C:\ti\CC3200SDK_1.5.0\cc3200-sdk\driverlib\ccs\Release\</path>
         <kind>archive</kind>
         <file>driverlib.a</file>
         <name>cpu.obj</name>
      </input_file>
      <input_file id="fl-f9">
         <path>C:\ti\CC3200SDK_1.5.0\cc3200-sdk\driverlib\ccs\Release\</path>
         <kind>archive</kind>
         <file>driverlib.a</file>
         <name>flash.obj</name>
      </input_file>
      <input_file id="fl-fa">
         <path>C:\ti\CC3200SDK_1.5.0\cc3200-sdk\simplelink\ccs\NON_OS\</path>
         <kind>archive</kind>
         <file>simplelink.a</file>
         <name>device.obj</name>
      </input_file>
      <input_file id="fl-fb">
         <path>C:\ti\CC3200SDK_1.5.0\cc3200-sdk\simplelink\ccs\NON_OS\</path>
         <kind>archive</kind>
         <file>simplelink.a</file>
         <name>driver.obj</name>
      </input_file>
      <input_file id="fl-fc">
         <path>C:\ti\CC3200SDK_1.5.0\cc3200-sdk\simplelink\ccs\NON_OS\</path>
         <kind>archive</kind>
         <file>simplelink.a</file>
         <name>netapp.obj</name>
      </input_file>
      <input_file id="fl-fd">
         <path>C:\ti\CC3200SDK_1.5.0\cc3200-sdk\simplelink\ccs\NON_OS\</path>
         <kind>archive</kind>
         <file>simplelink.a</file>
         <name>netcfg.obj</name>
      </input_file>
      <input_file id="fl-fe">
         <path>C:\ti\CC3200SDK_1.5.0\cc3200-sdk\simplelink\ccs\NON_OS\</path>
         <kind>archive</kind>
         <file>simplelink.a</file>
         <name>nonos.obj</name>
      </input_file>
      <input_file id="fl-ff">
         <path>C:\ti\CC3200SDK_1.5.0\cc3200-sdk\simplelink\ccs\NON_OS\</path>
         <kind>archive</kind>
         <file>simplelink.a</file>
         <name>socket.obj</name>
      </input_file>
      <input_file id="fl-100">
         <path>C:\ti\CC3200SDK_1.5.0\cc3200-sdk\simplelink\ccs\NON_OS\</path>
         <kind>archive</kind>
         <file>simplelink.a</file>
         <name>wlan.obj</name>
      </input_file>
      <input_file id="fl-101">
         <path>C:\ti\CC3200SDK_1.5.0\cc3200-sdk\simplelink\ccs\NON_OS\</path>
         <kind>archive</kind>
         <file>simplelink.a</file>
         <name>cc_pal.obj</name>
      </input_file>
      <input_file id="fl-102">
         <path>C:\ti\CC3200SDK_1.5.0\cc3200-sdk\driverlib\ccs\Release\</path>
         <kind>archive</kind>
         <file>driverlib.a</file>
         <name>timer.obj</name>
      </input_file>
      <input_file id="fl-103">
         <path>C:\ti\CC3200SDK_1.5.0\cc3200-sdk\driverlib\ccs\Release\</path>
         <kind>archive</kind>
         <file>driverlib.a</file>
         <name>udma.obj</name>
      </input_file>
   </input_file_list>
   <object_component_list>
      <object_component id="oc-12">
         <name>.intvecs</name>
         <load_address>0x20004000</load_address>
         <run_address>0x20004000</run_address>
         <size>0x400</size>
         <input_file_ref idref="fl-9"/>
      </object_component>
      <object_component id="oc-97">
         <name>.text</name>
         <load_address>0x20004400</load_address>
         <run_address>0x20004400</run_address>
         <size>0x2d48</size>
         <input_file_ref idref="fl-6"/>
      </object_component>
      <object_component id="oc-195">
         <name>.text</name>
         <load_address>0x20007148</load_address>
         <run_address>0x20007148</run_address>
         <size>0xa80</size>
         <input_file_ref idref="fl-2"/>
      </object_component>
      <object_component id="oc-3df">
         <name>.text:__TI_printfi</name>
         <load_address>0x20007bc8</load_address>
         <run_address>0x20007bc8</run_address>
         <size>0xa4e</size>
         <input_file_ref idref="fl-d4"/>
      </object_component>
      <object_component id="oc-793">
         <name>.text:IntDefaultHandler</name>
         <load_address>0x20008616</load_address>
         <run_address>0x20008616</run_address>
         <size>0x2</size>
         <input_file_ref idref="fl-f2"/>
      </object_component>
      <object_component id="oc-7a5">
         <name>.text:_SlDrvMsgRead</name>
         <load_address>0x20008618</load_address>
         <run_address>0x20008618</run_address>
         <size>0x590</size>
         <input_file_ref idref="fl-fb"/>
      </object_component>
      <object_component id="oc-19c">
         <name>.text</name>
         <load_address>0x20008ba8</load_address>
         <run_address>0x20008ba8</run_address>
         <size>0x47a</size>
         <input_file_ref idref="fl-3"/>
      </object_component>
      <object_component id="oc-71d">
         <name>.text:_nop</name>
         <load_address>0x20009022</load_address>
         <run_address>0x20009022</run_address>
         <size>0x2</size>
         <input_file_ref idref="fl-e0"/>
      </object_component>
      <object_component id="oc-1b0">
         <name>.text</name>
         <load_address>0x20009024</load_address>
         <run_address>0x20009024</run_address>
         <size>0x2b4</size>
         <input_file_ref idref="fl-5"/>
      </object_component>
      <object_component id="oc-13f">
         <name>.text:sl_WlanConnect</name>
         <load_address>0x200092d8</load_address>
         <run_address>0x200092d8</run_address>
         <size>0x280</size>
         <input_file_ref idref="fl-100"/>
      </object_component>
      <object_component id="oc-c5">
         <name>.text</name>
         <load_address>0x20009558</load_address>
         <run_address>0x20009558</run_address>
         <size>0x27c</size>
         <input_file_ref idref="fl-a"/>
      </object_component>
      <object_component id="oc-67f">
         <name>.text:_pconv_a</name>
         <load_address>0x200097d4</load_address>
         <run_address>0x200097d4</run_address>
         <size>0x270</size>
         <input_file_ref idref="fl-d4"/>
      </object_component>
      <object_component id="oc-889">
         <name>.text:_SlDrvRxHdrRead</name>
         <load_address>0x20009a44</load_address>
         <run_address>0x20009a44</run_address>
         <size>0x248</size>
         <input_file_ref idref="fl-fb"/>
      </object_component>
      <object_component id="oc-407">
         <name>.text:_SlDrvDataReadOp</name>
         <load_address>0x20009c8c</load_address>
         <run_address>0x20009c8c</run_address>
         <size>0x1e4</size>
         <input_file_ref idref="fl-fb"/>
      </object_component>
      <object_component id="oc-2db">
         <name>.text:_SlDrvReleasePoolObj</name>
         <load_address>0x20009e70</load_address>
         <run_address>0x20009e70</run_address>
         <size>0x1d0</size>
         <input_file_ref idref="fl-fb"/>
      </object_component>
      <object_component id="oc-66d">
         <name>.text:_pconv_g</name>
         <load_address>0x2000a040</load_address>
         <run_address>0x2000a040</run_address>
         <size>0x1d0</size>
         <input_file_ref idref="fl-d4"/>
      </object_component>
      <object_component id="oc-7f7">
         <name>.text</name>
         <load_address>0x2000a210</load_address>
         <run_address>0x2000a210</run_address>
         <size>0x1b6</size>
         <input_file_ref idref="fl-d5"/>
      </object_component>
      <object_component id="oc-8c4">
         <name>.text</name>
         <load_address>0x2000a3c6</load_address>
         <run_address>0x2000a3c6</run_address>
         <size>0x2</size>
         <input_file_ref idref="fl-ee"/>
      </object_component>
      <object_component id="oc-2b1">
         <name>.text:_SlDrvDriverCBInit</name>
         <load_address>0x2000a3c8</load_address>
         <run_address>0x2000a3c8</run_address>
         <size>0x1b4</size>
         <input_file_ref idref="fl-fb"/>
      </object_component>
      <object_component id="oc-5fe">
         <name>.text:_SlDrvMsgWrite</name>
         <load_address>0x2000a57c</load_address>
         <run_address>0x2000a57c</run_address>
         <size>0x19c</size>
         <input_file_ref idref="fl-fb"/>
      </object_component>
      <object_component id="oc-3a2">
         <name>.text:_SlDrvWaitForPoolObj</name>
         <load_address>0x2000a718</load_address>
         <run_address>0x2000a718</run_address>
         <size>0x190</size>
         <input_file_ref idref="fl-fb"/>
      </object_component>
      <object_component id="oc-170">
         <name>.text:sl_Connect</name>
         <load_address>0x2000a8a8</load_address>
         <run_address>0x2000a8a8</run_address>
         <size>0x18c</size>
         <input_file_ref idref="fl-ff"/>
      </object_component>
      <object_component id="oc-133">
         <name>.text:PRCMCC3200MCUInit</name>
         <load_address>0x2000aa34</load_address>
         <run_address>0x2000aa34</run_address>
         <size>0x178</size>
         <input_file_ref idref="fl-f4"/>
      </object_component>
      <object_component id="oc-89b">
         <name>.text:_SlFindAndSetActiveObj</name>
         <load_address>0x2000abac</load_address>
         <run_address>0x2000abac</run_address>
         <size>0x170</size>
         <input_file_ref idref="fl-fb"/>
      </object_component>
      <object_component id="oc-3f9">
         <name>.text:_SlDrvDataWriteOp</name>
         <load_address>0x2000ad1c</load_address>
         <run_address>0x2000ad1c</run_address>
         <size>0x150</size>
         <input_file_ref idref="fl-fb"/>
      </object_component>
      <object_component id="oc-1ba">
         <name>.text</name>
         <load_address>0x2000ae6c</load_address>
         <run_address>0x2000ae6c</run_address>
         <size>0x148</size>
         <input_file_ref idref="fl-8"/>
      </object_component>
      <object_component id="oc-2b7">
         <name>.text:spi_Open</name>
         <load_address>0x2000afb4</load_address>
         <run_address>0x2000afb4</run_address>
         <size>0x148</size>
         <input_file_ref idref="fl-101"/>
      </object_component>
      <object_component id="oc-604">
         <name>.text:_SlDrvMsgReadCmdCtx</name>
         <load_address>0x2000b0fc</load_address>
         <run_address>0x2000b0fc</run_address>
         <size>0x144</size>
         <input_file_ref idref="fl-fb"/>
      </object_component>
      <object_component id="oc-152">
         <name>.text:sl_NetAppDnsGetHostByName</name>
         <load_address>0x2000b240</load_address>
         <run_address>0x2000b240</run_address>
         <size>0x144</size>
         <input_file_ref idref="fl-fc"/>
      </object_component>
      <object_component id="oc-679">
         <name>.text:_pconv_e</name>
         <load_address>0x2000b384</load_address>
         <run_address>0x2000b384</run_address>
         <size>0x13c</size>
         <input_file_ref idref="fl-d4"/>
      </object_component>
      <object_component id="oc-7dd">
         <name>.text</name>
         <load_address>0x2000b4c0</load_address>
         <run_address>0x2000b4c0</run_address>
         <size>0x136</size>
         <input_file_ref idref="fl-d7"/>
      </object_component>
      <object_component id="oc-183">
         <name>.text:sl_Send</name>
         <load_address>0x2000b5f8</load_address>
         <run_address>0x2000b5f8</run_address>
         <size>0x134</size>
         <input_file_ref idref="fl-ff"/>
      </object_component>
      <object_component id="oc-320">
         <name>.text:_SlDrvDriverCBDeinit</name>
         <load_address>0x2000b72c</load_address>
         <run_address>0x2000b72c</run_address>
         <size>0x130</size>
         <input_file_ref idref="fl-fb"/>
      </object_component>
      <object_component id="oc-809">
         <name>.text:fcvt</name>
         <load_address>0x2000b85c</load_address>
         <run_address>0x2000b85c</run_address>
         <size>0x124</size>
         <input_file_ref idref="fl-d4"/>
      </object_component>
      <object_component id="oc-81d">
         <name>.text:scalbn</name>
         <load_address>0x2000b980</load_address>
         <run_address>0x2000b980</run_address>
         <size>0x110</size>
         <input_file_ref idref="fl-eb"/>
      </object_component>
      <object_component id="oc-919">
         <name>.text:_SlDrvNetAppEventHandler</name>
         <load_address>0x2000ba90</load_address>
         <run_address>0x2000ba90</run_address>
         <size>0x104</size>
         <input_file_ref idref="fl-fc"/>
      </object_component>
      <object_component id="oc-517">
         <name>.text:aligned_alloc</name>
         <load_address>0x2000bb94</load_address>
         <run_address>0x2000bb94</run_address>
         <size>0x100</size>
         <input_file_ref idref="fl-cf"/>
      </object_component>
      <object_component id="oc-7d8">
         <name>.text</name>
         <load_address>0x2000bc94</load_address>
         <run_address>0x2000bc94</run_address>
         <size>0xfc</size>
         <input_file_ref idref="fl-d8"/>
      </object_component>
      <object_component id="oc-e4">
         <name>.text:sl_Stop</name>
         <load_address>0x2000bd90</load_address>
         <run_address>0x2000bd90</run_address>
         <size>0xf0</size>
         <input_file_ref idref="fl-fa"/>
      </object_component>
      <object_component id="oc-895">
         <name>.text:spi_Read</name>
         <load_address>0x2000be80</load_address>
         <run_address>0x2000be80</run_address>
         <size>0xf0</size>
         <input_file_ref idref="fl-101"/>
      </object_component>
      <object_component id="oc-9d6">
         <name>.text:uDMAChannelTransferSet</name>
         <load_address>0x2000bf70</load_address>
         <run_address>0x2000bf70</run_address>
         <size>0xf0</size>
         <input_file_ref idref="fl-103"/>
      </object_component>
      <object_component id="oc-d2">
         <name>.text:sl_Start</name>
         <load_address>0x2000c060</load_address>
         <run_address>0x2000c060</run_address>
         <size>0xec</size>
         <input_file_ref idref="fl-fa"/>
      </object_component>
      <object_component id="oc-7ab">
         <name>.text:_SlAsyncEventGenericHandler</name>
         <load_address>0x2000c14c</load_address>
         <run_address>0x2000c14c</run_address>
         <size>0xe8</size>
         <input_file_ref idref="fl-fb"/>
      </object_component>
      <object_component id="oc-5e5">
         <name>.text:_SlDrvMsgReadSpawnCtx</name>
         <load_address>0x2000c234</load_address>
         <run_address>0x2000c234</run_address>
         <size>0xe8</size>
         <input_file_ref idref="fl-fb"/>
      </object_component>
      <object_component id="oc-274">
         <name>.text:free</name>
         <load_address>0x2000c31c</load_address>
         <run_address>0x2000c31c</run_address>
         <size>0xe4</size>
         <input_file_ref idref="fl-cf"/>
      </object_component>
      <object_component id="oc-26e">
         <name>.text:realloc</name>
         <load_address>0x2000c400</load_address>
         <run_address>0x2000c400</run_address>
         <size>0xe4</size>
         <input_file_ref idref="fl-cf"/>
      </object_component>
      <object_component id="oc-35b">
         <name>.text:sl_NetAppMDNSRegisterUnregisterService</name>
         <load_address>0x2000c4e4</load_address>
         <run_address>0x2000c4e4</run_address>
         <size>0xe4</size>
         <input_file_ref idref="fl-fc"/>
      </object_component>
      <object_component id="oc-88f">
         <name>.text:_SlDrvClassifyRxMsg</name>
         <load_address>0x2000c5c8</load_address>
         <run_address>0x2000c5c8</run_address>
         <size>0xdc</size>
         <input_file_ref idref="fl-fb"/>
      </object_component>
      <object_component id="oc-994">
         <name>.text:_sl_HandleAsync_DnsGetHostByService</name>
         <load_address>0x2000c6a4</load_address>
         <run_address>0x2000c6a4</run_address>
         <size>0xcc</size>
         <input_file_ref idref="fl-fc"/>
      </object_component>
      <object_component id="oc-ea">
         <name>.text:sl_DevGet</name>
         <load_address>0x2000c770</load_address>
         <run_address>0x2000c770</run_address>
         <size>0xcc</size>
         <input_file_ref idref="fl-fa"/>
      </object_component>
      <object_component id="oc-5c0">
         <name>.text:_SlRemoveFromList</name>
         <load_address>0x2000c83c</load_address>
         <run_address>0x2000c83c</run_address>
         <size>0xc4</size>
         <input_file_ref idref="fl-fb"/>
      </object_component>
      <object_component id="oc-304">
         <name>.text:_SlDrvCmdOp</name>
         <load_address>0x2000c900</load_address>
         <run_address>0x2000c900</run_address>
         <size>0xc0</size>
         <input_file_ref idref="fl-fb"/>
      </object_component>
      <object_component id="oc-662">
         <name>.text:_ltostr</name>
         <load_address>0x2000c9c0</load_address>
         <run_address>0x2000c9c0</run_address>
         <size>0xb1</size>
         <input_file_ref idref="fl-d4"/>
      </object_component>
      <object_component id="oc-543">
         <name>.text:_SlNonOsSemGet</name>
         <load_address>0x2000ca74</load_address>
         <run_address>0x2000ca74</run_address>
         <size>0xb0</size>
         <input_file_ref idref="fl-fe"/>
      </object_component>
      <object_component id="oc-59f">
         <name>.text:IntDisable</name>
         <load_address>0x2000cb24</load_address>
         <run_address>0x2000cb24</run_address>
         <size>0xa8</size>
         <input_file_ref idref="fl-f2"/>
      </object_component>
      <object_component id="oc-12d">
         <name>.text:IntEnable</name>
         <load_address>0x2000cbcc</load_address>
         <run_address>0x2000cbcc</run_address>
         <size>0xa8</size>
         <input_file_ref idref="fl-f2"/>
      </object_component>
      <object_component id="oc-5b9">
         <name>.text:_SlDriverHandleError</name>
         <load_address>0x2000cc74</load_address>
         <run_address>0x2000cc74</run_address>
         <size>0xa4</size>
         <input_file_ref idref="fl-fb"/>
      </object_component>
      <object_component id="oc-1d8">
         <name>.text:SPIConfigSetExpClk</name>
         <load_address>0x2000cd18</load_address>
         <run_address>0x2000cd18</run_address>
         <size>0xa0</size>
         <input_file_ref idref="fl-f5"/>
      </object_component>
      <object_component id="oc-18f">
         <name>.text:sl_Recv</name>
         <load_address>0x2000cdb8</load_address>
         <run_address>0x2000cdb8</run_address>
         <size>0xa0</size>
         <input_file_ref idref="fl-ff"/>
      </object_component>
      <object_component id="oc-3d">
         <name>.text</name>
         <load_address>0x2000ce58</load_address>
         <run_address>0x2000ce58</run_address>
         <size>0x9c</size>
         <input_file_ref idref="fl-c9"/>
      </object_component>
      <object_component id="oc-97a">
         <name>.text:_SlDrvDeviceEventHandler</name>
         <load_address>0x2000cef4</load_address>
         <run_address>0x2000cef4</run_address>
         <size>0x9a</size>
         <input_file_ref idref="fl-fa"/>
      </object_component>
      <object_component id="oc-146">
         <name>.text:sl_DevSet</name>
         <load_address>0x2000cf90</load_address>
         <run_address>0x2000cf90</run_address>
         <size>0x98</size>
         <input_file_ref idref="fl-fa"/>
      </object_component>
      <object_component id="oc-102">
         <name>.text:sl_NetCfgSet</name>
         <load_address>0x2000d028</load_address>
         <run_address>0x2000d028</run_address>
         <size>0x98</size>
         <input_file_ref idref="fl-fd"/>
      </object_component>
      <object_component id="oc-16a">
         <name>.text:sl_SetSockOpt</name>
         <load_address>0x2000d0c0</load_address>
         <run_address>0x2000d0c0</run_address>
         <size>0x98</size>
         <input_file_ref idref="fl-ff"/>
      </object_component>
      <object_component id="oc-108">
         <name>.text:sl_WlanSet</name>
         <load_address>0x2000d158</load_address>
         <run_address>0x2000d158</run_address>
         <size>0x98</size>
         <input_file_ref idref="fl-100"/>
      </object_component>
      <object_component id="oc-7b4">
         <name>.text:spi_Write</name>
         <load_address>0x2000d1f0</load_address>
         <run_address>0x2000d1f0</run_address>
         <size>0x98</size>
         <input_file_ref idref="fl-101"/>
      </object_component>
      <object_component id="oc-7d1">
         <name>.text</name>
         <load_address>0x2000d288</load_address>
         <run_address>0x2000d288</run_address>
         <size>0x96</size>
         <input_file_ref idref="fl-db"/>
      </object_component>
      <object_component id="oc-1d2">
         <name>.text:PRCMPeripheralClockGet</name>
         <load_address>0x2000d320</load_address>
         <run_address>0x2000d320</run_address>
         <size>0x94</size>
         <input_file_ref idref="fl-f4"/>
      </object_component>
      <object_component id="oc-98e">
         <name>.text:_sl_HandleAsync_DnsGetHostByName</name>
         <load_address>0x2000d3b4</load_address>
         <run_address>0x2000d3b4</run_address>
         <size>0x90</size>
         <input_file_ref idref="fl-fc"/>
      </object_component>
      <object_component id="oc-91f">
         <name>.text:_sl_HandleAsync_PingResponse</name>
         <load_address>0x2000d444</load_address>
         <run_address>0x2000d444</run_address>
         <size>0x90</size>
         <input_file_ref idref="fl-fc"/>
      </object_component>
      <object_component id="oc-f0">
         <name>.text:sl_WlanPolicySet</name>
         <load_address>0x2000d4d4</load_address>
         <run_address>0x2000d4d4</run_address>
         <size>0x90</size>
         <input_file_ref idref="fl-100"/>
      </object_component>
      <object_component id="oc-926">
         <name>.text:SetupDMAReceive</name>
         <load_address>0x2000d564</load_address>
         <run_address>0x2000d564</run_address>
         <size>0x8c</size>
         <input_file_ref idref="fl-101"/>
      </object_component>
      <object_component id="oc-8a6">
         <name>.text:SetupDMASend</name>
         <load_address>0x2000d5f0</load_address>
         <run_address>0x2000d5f0</run_address>
         <size>0x8c</size>
         <input_file_ref idref="fl-101"/>
      </object_component>
      <object_component id="oc-754">
         <name>.text:_SlDrvIsTimeoutExpired</name>
         <load_address>0x2000d67c</load_address>
         <run_address>0x2000d67c</run_address>
         <size>0x8c</size>
         <input_file_ref idref="fl-fb"/>
      </object_component>
      <object_component id="oc-9e7">
         <name>.text:_sl_HandleAsync_InitComplete</name>
         <load_address>0x2000d708</load_address>
         <run_address>0x2000d708</run_address>
         <size>0x8c</size>
         <input_file_ref idref="fl-fa"/>
      </object_component>
      <object_component id="oc-164">
         <name>.text:sl_Socket</name>
         <load_address>0x2000d794</load_address>
         <run_address>0x2000d794</run_address>
         <size>0x8c</size>
         <input_file_ref idref="fl-ff"/>
      </object_component>
      <object_component id="oc-703">
         <name>.text:PinConfigSet</name>
         <load_address>0x2000d820</load_address>
         <run_address>0x2000d820</run_address>
         <size>0x88</size>
         <input_file_ref idref="fl-f3"/>
      </object_component>
      <object_component id="oc-668">
         <name>.text:__aeabi_cdcmple</name>
         <load_address>0x2000d8a8</load_address>
         <run_address>0x2000d8a8</run_address>
         <size>0x86</size>
         <input_file_ref idref="fl-d6"/>
      </object_component>
      <object_component id="oc-7e2">
         <name>.text:__aeabi_cdrcmple</name>
         <load_address>0x2000d92e</load_address>
         <run_address>0x2000d92e</run_address>
         <size>0x86</size>
         <input_file_ref idref="fl-d6"/>
      </object_component>
      <object_component id="oc-47d">
         <name>.text:I2CMasterInitExpClk</name>
         <load_address>0x2000d9b4</load_address>
         <run_address>0x2000d9b4</run_address>
         <size>0x84</size>
         <input_file_ref idref="fl-f1"/>
      </object_component>
      <object_component id="oc-11a">
         <name>.text:sl_WlanRxFilterSet</name>
         <load_address>0x2000da38</load_address>
         <run_address>0x2000da38</run_address>
         <size>0x84</size>
         <input_file_ref idref="fl-100"/>
      </object_component>
      <object_component id="oc-9b6">
         <name>.text:_sl_HandleAsync_Connect</name>
         <load_address>0x2000dabc</load_address>
         <run_address>0x2000dabc</run_address>
         <size>0x80</size>
         <input_file_ref idref="fl-ff"/>
      </object_component>
      <object_component id="oc-92c">
         <name>.text:spi_Read_CPU</name>
         <load_address>0x2000db3c</load_address>
         <run_address>0x2000db3c</run_address>
         <size>0x80</size>
         <input_file_ref idref="fl-101"/>
      </object_component>
      <object_component id="oc-8b2">
         <name>.text:spi_Write_CPU</name>
         <load_address>0x2000dbbc</load_address>
         <run_address>0x2000dbbc</run_address>
         <size>0x80</size>
         <input_file_ref idref="fl-101"/>
      </object_component>
      <object_component id="oc-8b">
         <name>.text</name>
         <load_address>0x2000dc3c</load_address>
         <run_address>0x2000dc3c</run_address>
         <size>0x7a</size>
         <input_file_ref idref="fl-ca"/>
      </object_component>
      <object_component id="oc-31a">
         <name>.text:spi_Close</name>
         <load_address>0x2000dcb8</load_address>
         <run_address>0x2000dcb8</run_address>
         <size>0x78</size>
         <input_file_ref idref="fl-101"/>
      </object_component>
      <object_component id="oc-244">
         <name>.text:UARTConfigSetExpClk</name>
         <load_address>0x2000dd30</load_address>
         <run_address>0x2000dd30</run_address>
         <size>0x76</size>
         <input_file_ref idref="fl-f6"/>
      </object_component>
      <object_component id="oc-d8">
         <name>.text:_SlNonOsMainLoopTask</name>
         <load_address>0x2000dda8</load_address>
         <run_address>0x2000dda8</run_address>
         <size>0x74</size>
         <input_file_ref idref="fl-fe"/>
      </object_component>
      <object_component id="oc-524">
         <name>.text:split</name>
         <load_address>0x2000de1c</load_address>
         <run_address>0x2000de1c</run_address>
         <size>0x70</size>
         <input_file_ref idref="fl-cf"/>
      </object_component>
      <object_component id="oc-802">
         <name>.text:_mcpy</name>
         <load_address>0x2000de8c</load_address>
         <run_address>0x2000de8c</run_address>
         <size>0x6e</size>
         <input_file_ref idref="fl-d4"/>
      </object_component>
      <object_component id="oc-9ff">
         <name>.text:_SlDrvCmdSend</name>
         <load_address>0x2000defc</load_address>
         <run_address>0x2000defc</run_address>
         <size>0x6c</size>
         <input_file_ref idref="fl-fb"/>
      </object_component>
      <object_component id="oc-9a0">
         <name>.text:_sl_NetAppSendTokenValue</name>
         <load_address>0x2000df68</load_address>
         <run_address>0x2000df68</run_address>
         <size>0x6c</size>
         <input_file_ref idref="fl-fc"/>
      </object_component>
      <object_component id="oc-15">
         <name>.text:decompress:lzss:__TI_decompress_lzss</name>
         <load_address>0x2000dfd4</load_address>
         <run_address>0x2000dfd4</run_address>
         <size>0x68</size>
         <input_file_ref idref="fl-cd"/>
      </object_component>
      <object_component id="oc-5df">
         <name>.text:_SlNonOsSpawn</name>
         <load_address>0x2000e03c</load_address>
         <run_address>0x2000e03c</run_address>
         <size>0x64</size>
         <input_file_ref idref="fl-fe"/>
      </object_component>
      <object_component id="oc-9b0">
         <name>.text:_sl_HandleAsync_Accept</name>
         <load_address>0x2000e0a0</load_address>
         <run_address>0x2000e0a0</run_address>
         <size>0x64</size>
         <input_file_ref idref="fl-ff"/>
      </object_component>
      <object_component id="oc-817">
         <name>.text:frexp</name>
         <load_address>0x2000e104</load_address>
         <run_address>0x2000e104</run_address>
         <size>0x64</size>
         <input_file_ref idref="fl-ea"/>
      </object_component>
      <object_component id="oc-10e">
         <name>.text:sl_NetAppMDNSUnRegisterService</name>
         <load_address>0x2000e168</load_address>
         <run_address>0x2000e168</run_address>
         <size>0x64</size>
         <input_file_ref idref="fl-fc"/>
      </object_component>
      <object_component id="oc-768">
         <name>.text:uDMAChannelAttributeDisable</name>
         <load_address>0x2000e1cc</load_address>
         <run_address>0x2000e1cc</run_address>
         <size>0x64</size>
         <input_file_ref idref="fl-103"/>
      </object_component>
      <object_component id="oc-9d0">
         <name>.text:uDMAChannelAttributeEnable</name>
         <load_address>0x2000e230</load_address>
         <run_address>0x2000e230</run_address>
         <size>0x64</size>
         <input_file_ref idref="fl-103"/>
      </object_component>
      <object_component id="oc-189">
         <name>.text:sl_Close</name>
         <load_address>0x2000e294</load_address>
         <run_address>0x2000e294</run_address>
         <size>0x60</size>
         <input_file_ref idref="fl-ff"/>
      </object_component>
      <object_component id="oc-f6">
         <name>.text:sl_WlanProfileDel</name>
         <load_address>0x2000e2f4</load_address>
         <run_address>0x2000e2f4</run_address>
         <size>0x60</size>
         <input_file_ref idref="fl-100"/>
      </object_component>
      <object_component id="oc-de">
         <name>.text:sl_WlanSetMode</name>
         <load_address>0x2000e354</load_address>
         <run_address>0x2000e354</run_address>
         <size>0x60</size>
         <input_file_ref idref="fl-100"/>
      </object_component>
      <object_component id="oc-5ab">
         <name>.text:IntPendClear</name>
         <load_address>0x2000e3b4</load_address>
         <run_address>0x2000e3b4</run_address>
         <size>0x58</size>
         <input_file_ref idref="fl-f2"/>
      </object_component>
      <object_component id="oc-1c6">
         <name>.text:PRCMPeripheralReset</name>
         <load_address>0x2000e40c</load_address>
         <run_address>0x2000e40c</run_address>
         <size>0x58</size>
         <input_file_ref idref="fl-f4"/>
      </object_component>
      <object_component id="oc-673">
         <name>.text:_pconv_f</name>
         <load_address>0x2000e464</load_address>
         <run_address>0x2000e464</run_address>
         <size>0x56</size>
         <input_file_ref idref="fl-d4"/>
      </object_component>
      <object_component id="oc-578">
         <name>.text:IntPrioritySet</name>
         <load_address>0x2000e4bc</load_address>
         <run_address>0x2000e4bc</run_address>
         <size>0x54</size>
         <input_file_ref idref="fl-f2"/>
      </object_component>
      <object_component id="oc-2ed">
         <name>.text:_SlDrvRxIrqHandler</name>
         <load_address>0x2000e510</load_address>
         <run_address>0x2000e510</run_address>
         <size>0x54</size>
         <input_file_ref idref="fl-fb"/>
      </object_component>
      <object_component id="oc-7ec">
         <name>.text:__TI_ltoa</name>
         <load_address>0x2000e564</load_address>
         <run_address>0x2000e564</run_address>
         <size>0x54</size>
         <input_file_ref idref="fl-e1"/>
      </object_component>
      <object_component id="oc-9bc">
         <name>.text:_sl_HandleAsync_Select</name>
         <load_address>0x2000e5b8</load_address>
         <run_address>0x2000e5b8</run_address>
         <size>0x54</size>
         <input_file_ref idref="fl-ff"/>
      </object_component>
      <object_component id="oc-7fc">
         <name>.text:_ecpy</name>
         <load_address>0x2000e60c</load_address>
         <run_address>0x2000e60c</run_address>
         <size>0x52</size>
         <input_file_ref idref="fl-d4"/>
      </object_component>
      <object_component id="oc-9c2">
         <name>.text:_sl_HandleAsync_Stop</name>
         <load_address>0x2000e660</load_address>
         <run_address>0x2000e660</run_address>
         <size>0x50</size>
         <input_file_ref idref="fl-fa"/>
      </object_component>
      <object_component id="oc-57e">
         <name>.text:SPIIntEnable</name>
         <load_address>0x2000e6b0</load_address>
         <run_address>0x2000e6b0</run_address>
         <size>0x4c</size>
         <input_file_ref idref="fl-f5"/>
      </object_component>
      <object_component id="oc-7bf">
         <name>.text:SPIIntNumberGet</name>
         <load_address>0x2000e6fc</load_address>
         <run_address>0x2000e6fc</run_address>
         <size>0x4c</size>
         <input_file_ref idref="fl-f5"/>
      </object_component>
      <object_component id="oc-2bd">
         <name>.text:_SlDrvProtectAsyncRespSetting</name>
         <load_address>0x2000e748</load_address>
         <run_address>0x2000e748</run_address>
         <size>0x4c</size>
         <input_file_ref idref="fl-fb"/>
      </object_component>
      <object_component id="oc-3d3">
         <name>.text:_sl_BuildAddress</name>
         <load_address>0x2000e794</load_address>
         <run_address>0x2000e794</run_address>
         <size>0x4c</size>
         <input_file_ref idref="fl-ff"/>
      </object_component>
      <object_component id="oc-65c">
         <name>.text:atoi</name>
         <load_address>0x2000e7e0</load_address>
         <run_address>0x2000e7e0</run_address>
         <size>0x4c</size>
         <input_file_ref idref="fl-e3"/>
      </object_component>
      <object_component id="oc-1ea">
         <name>.text:snprintf</name>
         <load_address>0x2000e82c</load_address>
         <run_address>0x2000e82c</run_address>
         <size>0x4c</size>
         <input_file_ref idref="fl-c6"/>
      </object_component>
      <object_component id="oc-762">
         <name>.text:uDMAChannelAssign</name>
         <load_address>0x2000e878</load_address>
         <run_address>0x2000e878</run_address>
         <size>0x4c</size>
         <input_file_ref idref="fl-103"/>
      </object_component>
      <object_component id="oc-434">
         <name>.text:HOSTtime</name>
         <load_address>0x2000e8c4</load_address>
         <run_address>0x2000e8c4</run_address>
         <size>0x48</size>
         <input_file_ref idref="fl-e7"/>
      </object_component>
      <object_component id="oc-787">
         <name>.text:SPIIntClear</name>
         <load_address>0x2000e90c</load_address>
         <run_address>0x2000e90c</run_address>
         <size>0x48</size>
         <input_file_ref idref="fl-f5"/>
      </object_component>
      <object_component id="oc-346">
         <name>.text:_SlDrvBasicCmd</name>
         <load_address>0x2000e954</load_address>
         <run_address>0x2000e954</run_address>
         <size>0x48</size>
         <input_file_ref idref="fl-fb"/>
      </object_component>
      <object_component id="oc-7e7">
         <name>.text</name>
         <load_address>0x2000e99c</load_address>
         <run_address>0x2000e99c</run_address>
         <size>0x48</size>
         <input_file_ref idref="fl-d9"/>
      </object_component>
      <object_component id="oc-777">
         <name>.text:SPIDmaMaskGet</name>
         <load_address>0x2000e9e4</load_address>
         <run_address>0x2000e9e4</run_address>
         <size>0x44</size>
         <input_file_ref idref="fl-f5"/>
      </object_component>
      <object_component id="oc-95c">
         <name>.text:TimerConfigure</name>
         <load_address>0x2000ea28</load_address>
         <run_address>0x2000ea28</run_address>
         <size>0x44</size>
         <input_file_ref idref="fl-102"/>
      </object_component>
      <object_component id="oc-9f8">
         <name>.text:_SlDrvHandleHttpServerEvents</name>
         <load_address>0x2000ea6c</load_address>
         <run_address>0x2000ea6c</run_address>
         <size>0x44</size>
         <input_file_ref idref="fl-fb"/>
      </object_component>
      <object_component id="oc-2d5">
         <name>.text:_SlDrvSyncObjWaitTimeout</name>
         <load_address>0x2000eab0</load_address>
         <run_address>0x2000eab0</run_address>
         <size>0x44</size>
         <input_file_ref idref="fl-fb"/>
      </object_component>
      <object_component id="oc-212">
         <name>.text:__TI_auto_init_nobinit_nopinit:__TI_auto_init_nobinit_nopinit</name>
         <load_address>0x2000eaf4</load_address>
         <run_address>0x2000eaf4</run_address>
         <size>0x44</size>
         <input_file_ref idref="fl-dc"/>
      </object_component>
      <object_component id="oc-939">
         <name>.text:cc_SetupTransfer</name>
         <load_address>0x2000eb38</load_address>
         <run_address>0x2000eb38</run_address>
         <size>0x44</size>
         <input_file_ref idref="fl-101"/>
      </object_component>
      <object_component id="oc-15e">
         <name>.text:sl_Htonl</name>
         <load_address>0x2000eb7c</load_address>
         <run_address>0x2000eb7c</run_address>
         <size>0x42</size>
         <input_file_ref idref="fl-ff"/>
      </object_component>
      <object_component id="oc-48a">
         <name>.text:PinModeSet</name>
         <load_address>0x2000ebc0</load_address>
         <run_address>0x2000ebc0</run_address>
         <size>0x40</size>
         <input_file_ref idref="fl-f3"/>
      </object_component>
      <object_component id="oc-986">
         <name>.text:_SlDrvHandleNetAppEvents</name>
         <load_address>0x2000ec00</load_address>
         <run_address>0x2000ec00</run_address>
         <size>0x40</size>
         <input_file_ref idref="fl-fb"/>
      </object_component>
      <object_component id="oc-980">
         <name>.text:_SlDrvHandleWlanEvents</name>
         <load_address>0x2000ec40</load_address>
         <run_address>0x2000ec40</run_address>
         <size>0x40</size>
         <input_file_ref idref="fl-fb"/>
      </object_component>
      <object_component id="oc-3f3">
         <name>.text:_sl_TruncatePayloadByProtocol</name>
         <load_address>0x2000ec80</load_address>
         <run_address>0x2000ec80</run_address>
         <size>0x40</size>
         <input_file_ref idref="fl-ff"/>
      </object_component>
      <object_component id="oc-17d">
         <name>.text:sprintf</name>
         <load_address>0x2000ecc0</load_address>
         <run_address>0x2000ecc0</run_address>
         <size>0x40</size>
         <input_file_ref idref="fl-c7"/>
      </object_component>
      <object_component id="oc-250">
         <name>.text:vsnprintf</name>
         <load_address>0x2000ed00</load_address>
         <run_address>0x2000ed00</run_address>
         <size>0x40</size>
         <input_file_ref idref="fl-c8"/>
      </object_component>
      <object_component id="oc-2c9">
         <name>.text:NwpRegisterInterruptHandler</name>
         <load_address>0x2000ed40</load_address>
         <run_address>0x2000ed40</run_address>
         <size>0x3e</size>
         <input_file_ref idref="fl-101"/>
      </object_component>
      <object_component id="oc-80f">
         <name>.text:_fcpy</name>
         <load_address>0x2000ed7e</load_address>
         <run_address>0x2000ed7e</run_address>
         <size>0x3e</size>
         <input_file_ref idref="fl-d4"/>
      </object_component>
      <object_component id="oc-9a7">
         <name>.text:CopyPingResultsToReport</name>
         <load_address>0x2000edbc</load_address>
         <run_address>0x2000edbc</run_address>
         <size>0x3c</size>
         <input_file_ref idref="fl-fc"/>
      </object_component>
      <object_component id="oc-1c0">
         <name>.text:PRCMPeripheralClkEnable</name>
         <load_address>0x2000edf8</load_address>
         <run_address>0x2000edf8</run_address>
         <size>0x3c</size>
         <input_file_ref idref="fl-f4"/>
      </object_component>
      <object_component id="oc-900">
         <name>.text:simplelink_timerA2_start</name>
         <load_address>0x2000ee34</load_address>
         <run_address>0x2000ee34</run_address>
         <size>0x3c</size>
         <input_file_ref idref="fl-101"/>
      </object_component>
      <object_component id="oc-158">
         <name>.text:sl_Htons</name>
         <load_address>0x2000ee70</load_address>
         <run_address>0x2000ee70</run_address>
         <size>0x3c</size>
         <input_file_ref idref="fl-ff"/>
      </object_component>
      <object_component id="oc-9ca">
         <name>.text:uDMAChannelControlSet</name>
         <load_address>0x2000eeac</load_address>
         <run_address>0x2000eeac</run_address>
         <size>0x3c</size>
         <input_file_ref idref="fl-103"/>
      </object_component>
      <object_component id="oc-2c3">
         <name>.text:NwpPowerOff</name>
         <load_address>0x2000eee8</load_address>
         <run_address>0x2000eee8</run_address>
         <size>0x38</size>
         <input_file_ref idref="fl-101"/>
      </object_component>
      <object_component id="oc-6cc">
         <name>.text:__TI_writemsg</name>
         <load_address>0x2000ef20</load_address>
         <run_address>0x2000ef20</run_address>
         <size>0x38</size>
         <input_file_ref idref="fl-e8"/>
      </object_component>
      <object_component id="oc-fc">
         <name>.text:sl_WlanDisconnect</name>
         <load_address>0x2000ef58</load_address>
         <run_address>0x2000ef58</run_address>
         <size>0x38</size>
         <input_file_ref idref="fl-100"/>
      </object_component>
      <object_component id="oc-496">
         <name>.text:GPIODirModeSet</name>
         <load_address>0x2000ef90</load_address>
         <run_address>0x2000ef90</run_address>
         <size>0x36</size>
         <input_file_ref idref="fl-f0"/>
      </object_component>
      <object_component id="oc-554">
         <name>.text:PRCMPeripheralStatusGet</name>
         <load_address>0x2000efc8</load_address>
         <run_address>0x2000efc8</run_address>
         <size>0x34</size>
         <input_file_ref idref="fl-f4"/>
      </object_component>
      <object_component id="oc-56c">
         <name>.text:SPIFIFOLevelSet</name>
         <load_address>0x2000effc</load_address>
         <run_address>0x2000effc</run_address>
         <size>0x34</size>
         <input_file_ref idref="fl-f5"/>
      </object_component>
      <object_component id="oc-6d2">
         <name>.text:__TI_readmsg</name>
         <load_address>0x2000f030</load_address>
         <run_address>0x2000f030</run_address>
         <size>0x34</size>
         <input_file_ref idref="fl-e8"/>
      </object_component>
      <object_component id="oc-5b">
         <name>.text:_c_int00_noargs:_c_int00_noargs</name>
         <load_address>0x2000f064</load_address>
         <run_address>0x2000f064</run_address>
         <size>0x34</size>
         <input_file_ref idref="fl-d3"/>
      </object_component>
      <object_component id="oc-490">
         <name>.text:PinTypeGPIO</name>
         <load_address>0x2000f098</load_address>
         <run_address>0x2000f098</run_address>
         <size>0x30</size>
         <input_file_ref idref="fl-f3"/>
      </object_component>
      <object_component id="oc-4f2">
         <name>.text:UARTDisable</name>
         <load_address>0x2000f0c8</load_address>
         <run_address>0x2000f0c8</run_address>
         <size>0x30</size>
         <input_file_ref idref="fl-f6"/>
      </object_component>
      <object_component id="oc-4ba">
         <name>.text:_outs</name>
         <load_address>0x2000f0f8</load_address>
         <run_address>0x2000f0f8</run_address>
         <size>0x30</size>
         <input_file_ref idref="fl-c6"/>
      </object_component>
      <object_component id="oc-500">
         <name>.text:_outs</name>
         <load_address>0x2000f128</load_address>
         <run_address>0x2000f128</run_address>
         <size>0x30</size>
         <input_file_ref idref="fl-c8"/>
      </object_component>
      <object_component id="oc-7f2">
         <name>.text</name>
         <load_address>0x2000f158</load_address>
         <run_address>0x2000f158</run_address>
         <size>0x2e</size>
         <input_file_ref idref="fl-da"/>
      </object_component>
      <object_component id="oc-459">
         <name>.text:I2CMasterErr</name>
         <load_address>0x2000f186</load_address>
         <run_address>0x2000f186</run_address>
         <size>0x2c</size>
         <input_file_ref idref="fl-f1"/>
      </object_component>
      <object_component id="oc-2cf">
         <name>.text:NwpPowerOn</name>
         <load_address>0x2000f1b4</load_address>
         <run_address>0x2000f1b4</run_address>
         <size>0x2c</size>
         <input_file_ref idref="fl-101"/>
      </object_component>
      <object_component id="oc-377">
         <name>.text:PRCMSysResetCauseGet</name>
         <load_address>0x2000f1e0</load_address>
         <run_address>0x2000f1e0</run_address>
         <size>0x2c</size>
         <input_file_ref idref="fl-f4"/>
      </object_component>
      <object_component id="oc-5f2">
         <name>.text:_SlDrvObjGlobalLockWaitForever</name>
         <load_address>0x2000f20c</load_address>
         <run_address>0x2000f20c</run_address>
         <size>0x2c</size>
         <input_file_ref idref="fl-fb"/>
      </object_component>
      <object_component id="oc-3a8">
         <name>.text:_SlDrvProtectionObjLockWaitForever</name>
         <load_address>0x2000f238</load_address>
         <run_address>0x2000f238</run_address>
         <size>0x2c</size>
         <input_file_ref idref="fl-fb"/>
      </object_component>
      <object_component id="oc-968">
         <name>.text:TimerLoadSet</name>
         <load_address>0x2000f264</load_address>
         <run_address>0x2000f264</run_address>
         <size>0x2a</size>
         <input_file_ref idref="fl-102"/>
      </object_component>
      <object_component id="oc-962">
         <name>.text:TimerPrescaleSet</name>
         <load_address>0x2000f28e</load_address>
         <run_address>0x2000f28e</run_address>
         <size>0x2a</size>
         <input_file_ref idref="fl-102"/>
      </object_component>
      <object_component id="oc-389">
         <name>.text:PRCMPeripheralClkDisable</name>
         <load_address>0x2000f2b8</load_address>
         <run_address>0x2000f2b8</run_address>
         <size>0x28</size>
         <input_file_ref idref="fl-f4"/>
      </object_component>
      <object_component id="oc-5f8">
         <name>.text:_SlDrvGlobalObjUnLock</name>
         <load_address>0x2000f2e0</load_address>
         <run_address>0x2000f2e0</run_address>
         <size>0x28</size>
         <input_file_ref idref="fl-fb"/>
      </object_component>
      <object_component id="oc-3ae">
         <name>.text:_SlDrvProtectionObjUnLock</name>
         <load_address>0x2000f308</load_address>
         <run_address>0x2000f308</run_address>
         <size>0x28</size>
         <input_file_ref idref="fl-fb"/>
      </object_component>
      <object_component id="oc-3b4">
         <name>.text:_SlDrvSyncObjWaitForever</name>
         <load_address>0x2000f330</load_address>
         <run_address>0x2000f330</run_address>
         <size>0x28</size>
         <input_file_ref idref="fl-fb"/>
      </object_component>
      <object_component id="oc-52b">
         <name>.text:free_list_insert</name>
         <load_address>0x2000f358</load_address>
         <run_address>0x2000f358</run_address>
         <size>0x28</size>
         <input_file_ref idref="fl-cf"/>
      </object_component>
      <object_component id="oc-262">
         <name>.text:memmove</name>
         <load_address>0x2000f380</load_address>
         <run_address>0x2000f380</run_address>
         <size>0x28</size>
         <input_file_ref idref="fl-ce"/>
      </object_component>
      <object_component id="oc-6ab">
         <name>.text:_SlDrvObjLockWaitForever</name>
         <load_address>0x2000f3a8</load_address>
         <run_address>0x2000f3a8</run_address>
         <size>0x26</size>
         <input_file_ref idref="fl-fb"/>
      </object_component>
      <object_component id="oc-a14">
         <name>.text</name>
         <load_address>0x2000f3ce</load_address>
         <run_address>0x2000f3ce</run_address>
         <size>0x26</size>
         <input_file_ref idref="fl-7"/>
      </object_component>
      <object_component id="oc-58a">
         <name>.text:DmaSpiSwIntHandler</name>
         <load_address>0x2000f3f4</load_address>
         <run_address>0x2000f3f4</run_address>
         <size>0x24</size>
         <input_file_ref idref="fl-101"/>
      </object_component>
      <object_component id="oc-5a5">
         <name>.text:IntUnregister</name>
         <load_address>0x2000f418</load_address>
         <run_address>0x2000f418</run_address>
         <size>0x24</size>
         <input_file_ref idref="fl-f2"/>
      </object_component>
      <object_component id="oc-4f8">
         <name>.text:UARTEnable</name>
         <load_address>0x2000f43c</load_address>
         <run_address>0x2000f43c</run_address>
         <size>0x24</size>
         <input_file_ref idref="fl-f6"/>
      </object_component>
      <object_component id="oc-45f">
         <name>.text:I2CMasterSlaveAddrSet</name>
         <load_address>0x2000f460</load_address>
         <run_address>0x2000f460</run_address>
         <size>0x22</size>
         <input_file_ref idref="fl-f1"/>
      </object_component>
      <object_component id="oc-1cc">
         <name>.text:SPIReset</name>
         <load_address>0x2000f482</load_address>
         <run_address>0x2000f482</run_address>
         <size>0x22</size>
         <input_file_ref idref="fl-f5"/>
      </object_component>
      <object_component id="oc-8ac">
         <name>.text:SPIWordCountSet</name>
         <load_address>0x2000f4a4</load_address>
         <run_address>0x2000f4a4</run_address>
         <size>0x22</size>
         <input_file_ref idref="fl-f5"/>
      </object_component>
      <object_component id="oc-419">
         <name>.text:GPIOPinWrite</name>
         <load_address>0x2000f4c6</load_address>
         <run_address>0x2000f4c6</run_address>
         <size>0x20</size>
         <input_file_ref idref="fl-f0"/>
      </object_component>
      <object_component id="oc-572">
         <name>.text:IntRegister</name>
         <load_address>0x2000f4e8</load_address>
         <run_address>0x2000f4e8</run_address>
         <size>0x20</size>
         <input_file_ref idref="fl-f2"/>
      </object_component>
      <object_component id="oc-314">
         <name>.text:NwpPrePowerOffTimout0</name>
         <load_address>0x2000f508</load_address>
         <run_address>0x2000f508</run_address>
         <size>0x20</size>
         <input_file_ref idref="fl-101"/>
      </object_component>
      <object_component id="oc-425">
         <name>.text:SPIDataGet</name>
         <load_address>0x2000f528</load_address>
         <run_address>0x2000f528</run_address>
         <size>0x20</size>
         <input_file_ref idref="fl-f5"/>
      </object_component>
      <object_component id="oc-871">
         <name>.text:TimerGetCurrentTimestamp</name>
         <load_address>0x2000f548</load_address>
         <run_address>0x2000f548</run_address>
         <size>0x20</size>
         <input_file_ref idref="fl-101"/>
      </object_component>
      <object_component id="oc-6b1">
         <name>.text:_SlDrvObjUnLock</name>
         <load_address>0x2000f568</load_address>
         <run_address>0x2000f568</run_address>
         <size>0x20</size>
         <input_file_ref idref="fl-fb"/>
      </object_component>
      <object_component id="oc-5c6">
         <name>.text:_SlDrvSyncObjSignal</name>
         <load_address>0x2000f588</load_address>
         <run_address>0x2000f588</run_address>
         <size>0x20</size>
         <input_file_ref idref="fl-fb"/>
      </object_component>
      <object_component id="oc-441">
         <name>.text:I2CMasterIntStatusEx</name>
         <load_address>0x2000f5a8</load_address>
         <run_address>0x2000f5a8</run_address>
         <size>0x1e</size>
         <input_file_ref idref="fl-f1"/>
      </object_component>
      <object_component id="oc-41f">
         <name>.text:SPIDataPut</name>
         <load_address>0x2000f5c6</load_address>
         <run_address>0x2000f5c6</run_address>
         <size>0x1e</size>
         <input_file_ref idref="fl-f5"/>
      </object_component>
      <object_component id="oc-96e">
         <name>.text:TimerEnable</name>
         <load_address>0x2000f5e4</load_address>
         <run_address>0x2000f5e4</run_address>
         <size>0x1e</size>
         <input_file_ref idref="fl-102"/>
      </object_component>
      <object_component id="oc-24a">
         <name>.text:UARTCharPut</name>
         <load_address>0x2000f602</load_address>
         <run_address>0x2000f602</run_address>
         <size>0x1e</size>
         <input_file_ref idref="fl-f6"/>
      </object_component>
      <object_component id="oc-55a">
         <name>.text:cc_UDMAChannelSelect</name>
         <load_address>0x2000f620</load_address>
         <run_address>0x2000f620</run_address>
         <size>0x1e</size>
         <input_file_ref idref="fl-101"/>
      </object_component>
      <object_component id="oc-49c">
         <name>.text:PinTypeI2C</name>
         <load_address>0x2000f63e</load_address>
         <run_address>0x2000f63e</run_address>
         <size>0x1c</size>
         <input_file_ref idref="fl-f3"/>
      </object_component>
      <object_component id="oc-906">
         <name>.text:TimerValueGet</name>
         <load_address>0x2000f65a</load_address>
         <run_address>0x2000f65a</run_address>
         <size>0x1c</size>
         <input_file_ref idref="fl-102"/>
      </object_component>
      <object_component id="oc-25c">
         <name>.text:UARTCharGetNonBlocking</name>
         <load_address>0x2000f676</load_address>
         <run_address>0x2000f676</run_address>
         <size>0x1c</size>
         <input_file_ref idref="fl-f6"/>
      </object_component>
      <object_component id="oc-74e">
         <name>.text:_SlDrvStartMeasureTimeout</name>
         <load_address>0x2000f692</load_address>
         <run_address>0x2000f692</run_address>
         <size>0x1c</size>
         <input_file_ref idref="fl-fb"/>
      </object_component>
      <object_component id="oc-51e">
         <name>.text:free_list_remove</name>
         <load_address>0x2000f6b0</load_address>
         <run_address>0x2000f6b0</run_address>
         <size>0x1c</size>
         <input_file_ref idref="fl-cf"/>
      </object_component>
      <object_component id="oc-685">
         <name>.text:memccpy</name>
         <load_address>0x2000f6cc</load_address>
         <run_address>0x2000f6cc</run_address>
         <size>0x1c</size>
         <input_file_ref idref="fl-e5"/>
      </object_component>
      <object_component id="oc-9dc">
         <name>.text:uDMAChannelEnable</name>
         <load_address>0x2000f6e8</load_address>
         <run_address>0x2000f6e8</run_address>
         <size>0x1c</size>
         <input_file_ref idref="fl-103"/>
      </object_component>
      <object_component id="oc-4a2">
         <name>.text:PinTypeSPI</name>
         <load_address>0x2000f704</load_address>
         <run_address>0x2000f704</run_address>
         <size>0x1a</size>
         <input_file_ref idref="fl-f3"/>
      </object_component>
      <object_component id="oc-4a8">
         <name>.text:PinTypeUART</name>
         <load_address>0x2000f71e</load_address>
         <run_address>0x2000f71e</run_address>
         <size>0x1a</size>
         <input_file_ref idref="fl-f3"/>
      </object_component>
      <object_component id="oc-61c">
         <name>.text:SPIDmaDisable</name>
         <load_address>0x2000f738</load_address>
         <run_address>0x2000f738</run_address>
         <size>0x1a</size>
         <input_file_ref idref="fl-f5"/>
      </object_component>
      <object_component id="oc-566">
         <name>.text:SPIDmaEnable</name>
         <load_address>0x2000f752</load_address>
         <run_address>0x2000f752</run_address>
         <size>0x1a</size>
         <input_file_ref idref="fl-f5"/>
      </object_component>
      <object_component id="oc-616">
         <name>.text:SPIFIFODisable</name>
         <load_address>0x2000f76c</load_address>
         <run_address>0x2000f76c</run_address>
         <size>0x1a</size>
         <input_file_ref idref="fl-f5"/>
      </object_component>
      <object_component id="oc-560">
         <name>.text:SPIFIFOEnable</name>
         <load_address>0x2000f786</load_address>
         <run_address>0x2000f786</run_address>
         <size>0x1a</size>
         <input_file_ref idref="fl-f5"/>
      </object_component>
      <object_component id="oc-610">
         <name>.text:SPIIntUnregister</name>
         <load_address>0x2000f7a0</load_address>
         <run_address>0x2000f7a0</run_address>
         <size>0x1a</size>
         <input_file_ref idref="fl-f5"/>
      </object_component>
      <object_component id="oc-8dd">
         <name>.text:copysign</name>
         <load_address>0x2000f7ba</load_address>
         <run_address>0x2000f7ba</run_address>
         <size>0x1a</size>
         <input_file_ref idref="fl-ed"/>
      </object_component>
      <object_component id="oc-1a2">
         <name>.text:GPIOPinRead</name>
         <load_address>0x2000f7d4</load_address>
         <run_address>0x2000f7d4</run_address>
         <size>0x18</size>
         <input_file_ref idref="fl-f0"/>
      </object_component>
      <object_component id="oc-477">
         <name>.text:I2CMasterIntEnableEx</name>
         <load_address>0x2000f7ec</load_address>
         <run_address>0x2000f7ec</run_address>
         <size>0x18</size>
         <input_file_ref idref="fl-f1"/>
      </object_component>
      <object_component id="oc-42b">
         <name>.text:SPICSDisable</name>
         <load_address>0x2000f804</load_address>
         <run_address>0x2000f804</run_address>
         <size>0x18</size>
         <input_file_ref idref="fl-f5"/>
      </object_component>
      <object_component id="oc-1e4">
         <name>.text:SPICSEnable</name>
         <load_address>0x2000f81c</load_address>
         <run_address>0x2000f81c</run_address>
         <size>0x18</size>
         <input_file_ref idref="fl-f5"/>
      </object_component>
      <object_component id="oc-54e">
         <name>.text:SPIDisable</name>
         <load_address>0x2000f834</load_address>
         <run_address>0x2000f834</run_address>
         <size>0x18</size>
         <input_file_ref idref="fl-f5"/>
      </object_component>
      <object_component id="oc-1de">
         <name>.text:SPIEnable</name>
         <load_address>0x2000f84c</load_address>
         <run_address>0x2000f84c</run_address>
         <size>0x18</size>
         <input_file_ref idref="fl-f5"/>
      </object_component>
      <object_component id="oc-256">
         <name>.text:UARTCharsAvail</name>
         <load_address>0x2000f864</load_address>
         <run_address>0x2000f864</run_address>
         <size>0x18</size>
         <input_file_ref idref="fl-f6"/>
      </object_component>
      <object_component id="oc-53d">
         <name>.text:_SlNonOsSemSet</name>
         <load_address>0x2000f87c</load_address>
         <run_address>0x2000f87c</run_address>
         <size>0x18</size>
         <input_file_ref idref="fl-fe"/>
      </object_component>
      <object_component id="oc-4c0">
         <name>.text:_outc</name>
         <load_address>0x2000f894</load_address>
         <run_address>0x2000f894</run_address>
         <size>0x18</size>
         <input_file_ref idref="fl-c6"/>
      </object_component>
      <object_component id="oc-506">
         <name>.text:_outc</name>
         <load_address>0x2000f8ac</load_address>
         <run_address>0x2000f8ac</run_address>
         <size>0x18</size>
         <input_file_ref idref="fl-c8"/>
      </object_component>
      <object_component id="oc-3e5">
         <name>.text:_outs</name>
         <load_address>0x2000f8c4</load_address>
         <run_address>0x2000f8c4</run_address>
         <size>0x18</size>
         <input_file_ref idref="fl-c7"/>
      </object_component>
      <object_component id="oc-2e1">
         <name>.text:_sl_GetStartResponseConvert</name>
         <load_address>0x2000f8dc</load_address>
         <run_address>0x2000f8dc</run_address>
         <size>0x18</size>
         <input_file_ref idref="fl-fa"/>
      </object_component>
      <object_component id="oc-465">
         <name>.text:I2CMasterDataPut</name>
         <load_address>0x2000f8f4</load_address>
         <run_address>0x2000f8f4</run_address>
         <size>0x16</size>
         <input_file_ref idref="fl-f1"/>
      </object_component>
      <object_component id="oc-471">
         <name>.text:I2CMasterEnable</name>
         <load_address>0x2000f90a</load_address>
         <run_address>0x2000f90a</run_address>
         <size>0x16</size>
         <input_file_ref idref="fl-f1"/>
      </object_component>
      <object_component id="oc-37d">
         <name>.text:PRCMHIBRegRead</name>
         <load_address>0x2000f920</load_address>
         <run_address>0x2000f920</run_address>
         <size>0x16</size>
         <input_file_ref idref="fl-f4"/>
      </object_component>
      <object_component id="oc-383">
         <name>.text:PRCMHIBRegWrite</name>
         <load_address>0x2000f936</load_address>
         <run_address>0x2000f936</run_address>
         <size>0x16</size>
         <input_file_ref idref="fl-f4"/>
      </object_component>
      <object_component id="oc-392">
         <name>.text:_SlDrvMemZero</name>
         <load_address>0x2000f94c</load_address>
         <run_address>0x2000f94c</run_address>
         <size>0x16</size>
         <input_file_ref idref="fl-fb"/>
      </object_component>
      <object_component id="oc-823">
         <name>.text:strchr</name>
         <load_address>0x2000f962</load_address>
         <run_address>0x2000f962</run_address>
         <size>0x16</size>
         <input_file_ref idref="fl-e6"/>
      </object_component>
      <object_component id="oc-36c">
         <name>.text:CPUcpsie</name>
         <load_address>0x2000f978</load_address>
         <run_address>0x2000f978</run_address>
         <size>0x14</size>
         <input_file_ref idref="fl-f8"/>
      </object_component>
      <object_component id="oc-121">
         <name>.text:IntVTableBaseSet</name>
         <load_address>0x2000f98c</load_address>
         <run_address>0x2000f98c</run_address>
         <size>0x14</size>
         <input_file_ref idref="fl-f2"/>
      </object_component>
      <object_component id="oc-177">
         <name>.text:strcpy</name>
         <load_address>0x2000f9a0</load_address>
         <run_address>0x2000f9a0</run_address>
         <size>0x14</size>
         <input_file_ref idref="fl-d0"/>
      </object_component>
      <object_component id="oc-139">
         <name>.text:strlen</name>
         <load_address>0x2000f9b4</load_address>
         <run_address>0x2000f9b4</run_address>
         <size>0x14</size>
         <input_file_ref idref="fl-d1"/>
      </object_component>
      <object_component id="oc-453">
         <name>.text:I2CMasterControl</name>
         <load_address>0x2000f9c8</load_address>
         <run_address>0x2000f9c8</run_address>
         <size>0x12</size>
         <input_file_ref idref="fl-f1"/>
      </object_component>
      <object_component id="oc-447">
         <name>.text:I2CMasterIntClearEx</name>
         <load_address>0x2000f9da</load_address>
         <run_address>0x2000f9da</run_address>
         <size>0x12</size>
         <input_file_ref idref="fl-f1"/>
      </object_component>
      <object_component id="oc-44d">
         <name>.text:I2CMasterTimeoutSet</name>
         <load_address>0x2000f9ec</load_address>
         <run_address>0x2000f9ec</run_address>
         <size>0x12</size>
         <input_file_ref idref="fl-f1"/>
      </object_component>
      <object_component id="oc-68b">
         <name>.text:wcslen</name>
         <load_address>0x2000f9fe</load_address>
         <run_address>0x2000f9fe</run_address>
         <size>0x12</size>
         <input_file_ref idref="fl-ec"/>
      </object_component>
      <object_component id="oc-99a">
         <name>.text:_SlDrvDispatchHttpServerEvents</name>
         <load_address>0x2000fa10</load_address>
         <run_address>0x2000fa10</run_address>
         <size>0x10</size>
         <input_file_ref idref="fl-fb"/>
      </object_component>
      <object_component id="oc-46b">
         <name>.text:I2CMasterDataGet</name>
         <load_address>0x2000fa20</load_address>
         <run_address>0x2000fa20</run_address>
         <size>0xe</size>
         <input_file_ref idref="fl-f1"/>
      </object_component>
      <object_component id="oc-32f">
         <name>.text:_SlDrvResetCmdExt</name>
         <load_address>0x2000fa2e</load_address>
         <run_address>0x2000fa2e</run_address>
         <size>0xe</size>
[...]
         <object_component_ref idref="oc-56c"/>
      </symbol>
      <symbol id="sm-d77">
         <name>SPIDmaDisable</name>
         <value>0x2000f739</value>
         <object_component_ref idref="oc-61c"/>
      </symbol>
      <symbol id="sm-d78">
         <name>SPIReset</name>
         <value>0x2000f483</value>
         <object_component_ref idref="oc-1cc"/>
      </symbol>
      <symbol id="sm-d79">
         <name>SPIIntEnable</name>
         <value>0x2000e6b1</value>
         <object_component_ref idref="oc-57e"/>
      </symbol>
      <symbol id="sm-d7a">
         <name>SPIIntClear</name>
         <value>0x2000e90d</value>
         <object_component_ref idref="oc-787"/>
      </symbol>
      <symbol id="sm-d7b">
         <name>SPICSDisable</name>
         <value>0x2000f805</value>
         <object_component_ref idref="oc-42b"/>
      </symbol>
      <symbol id="sm-db7">
         <name>UARTConfigSetExpClk</name>
         <value>0x2000dd31</value>
         <object_component_ref idref="oc-244"/>
      </symbol>
      <symbol id="sm-db8">
         <name>UARTDisable</name>
         <value>0x2000f0c9</value>
         <object_component_ref idref="oc-4f2"/>
      </symbol>
      <symbol id="sm-db9">
         <name>UARTCharsAvail</name>
         <value>0x2000f865</value>
         <object_component_ref idref="oc-256"/>
      </symbol>
      <symbol id="sm-dba">
         <name>UARTCharGetNonBlocking</name>
         <value>0x2000f677</value>
         <object_component_ref idref="oc-25c"/>
      </symbol>
      <symbol id="sm-dbb">
         <name>UARTCharPut</name>
         <value>0x2000f603</value>
         <object_component_ref idref="oc-24a"/>
      </symbol>
      <symbol id="sm-dbc">
         <name>UARTEnable</name>
         <value>0x2000f43d</value>
         <object_component_ref idref="oc-4f8"/>
      </symbol>
      <symbol id="sm-dc0">
         <name>UtilsDelay</name>
         <value>0x2000fab1</value>
         <object_component_ref idref="oc-145"/>
      </symbol>
      <symbol id="sm-dca">
         <name>CPUcpsie</name>
         <value>0x2000f979</value>
         <object_component_ref idref="oc-36c"/>
      </symbol>
      <symbol id="sm-e86">
         <name>_sl_HandleAsync_InitComplete</name>
         <value>0x2000d709</value>
         <object_component_ref idref="oc-9e7"/>
      </symbol>
      <symbol id="sm-e87">
         <name>_SlDrvDeviceEventHandler</name>
         <value>0x2000cef5</value>
         <object_component_ref idref="oc-97a"/>
      </symbol>
      <symbol id="sm-e88">
         <name>_sl_HandleAsync_Stop</name>
         <value>0x2000e661</value>
         <object_component_ref idref="oc-9c2"/>
      </symbol>
      <symbol id="sm-e89">
         <name>sl_DevSet</name>
         <value>0x2000cf91</value>
         <object_component_ref idref="oc-146"/>
      </symbol>
      <symbol id="sm-e8a">
         <name>sl_Stop</name>
         <value>0x2000bd91</value>
         <object_component_ref idref="oc-e4"/>
      </symbol>
      <symbol id="sm-e8b">
         <name>sl_Start</name>
         <value>0x2000c061</value>
         <object_component_ref idref="oc-d2"/>
      </symbol>
      <symbol id="sm-e8c">
         <name>sl_DevGet</name>
         <value>0x2000c771</value>
         <object_component_ref idref="oc-ea"/>
      </symbol>
      <symbol id="sm-117a">
         <name>RxIrqCnt</name>
         <value>0x2001f908</value>
      </symbol>
      <symbol id="sm-117b">
         <name>g_bDeviceRestartIsRequired</name>
         <value>0x2001f909</value>
      </symbol>
      <symbol id="sm-117c">
         <name>_SlDrvProtectionObjUnLock</name>
         <value>0x2000f309</value>
         <object_component_ref idref="oc-3ae"/>
      </symbol>
      <symbol id="sm-117d">
         <name>_SlDrvBasicCmd</name>
         <value>0x2000e955</value>
         <object_component_ref idref="oc-346"/>
      </symbol>
      <symbol id="sm-117e">
         <name>_SlDrvObjUnLock</name>
         <value>0x2000f569</value>
         <object_component_ref idref="oc-6b1"/>
      </symbol>
      <symbol id="sm-117f">
         <name>_SlDrvObjLockWaitForever</name>
         <value>0x2000f3a9</value>
         <object_component_ref idref="oc-6ab"/>
      </symbol>
      <symbol id="sm-1180">
         <name>_SlDrvMsgReadSpawnCtx</name>
         <value>0x2000c235</value>
         <object_component_ref idref="oc-5e5"/>
      </symbol>
      <symbol id="sm-1181">
         <name>_SlDrvDispatchHttpServerEvents</name>
         <value>0x2000fa11</value>
         <object_component_ref idref="oc-99a"/>
      </symbol>
      <symbol id="sm-1182">
         <name>_SlDrvHandleNetAppEvents</name>
         <value>0x2000ec01</value>
         <object_component_ref idref="oc-986"/>
      </symbol>
      <symbol id="sm-1183">
         <name>_SlDriverHandleError</name>
         <value>0x2000cc75</value>
         <object_component_ref idref="oc-5b9"/>
      </symbol>
      <symbol id="sm-1184">
         <name>_SlDrvDriverCBDeinit</name>
         <value>0x2000b72d</value>
         <object_component_ref idref="oc-320"/>
      </symbol>
      <symbol id="sm-1185">
         <name>_SlDrvStartMeasureTimeout</name>
         <value>0x2000f693</value>
         <object_component_ref idref="oc-74e"/>
      </symbol>
      <symbol id="sm-1186">
         <name>_SlDrvResetCmdExt</name>
         <value>0x2000fa2f</value>
         <object_component_ref idref="oc-32f"/>
      </symbol>
      <symbol id="sm-1187">
         <name>_SlDrvIsTimeoutExpired</name>
         <value>0x2000d67d</value>
         <object_component_ref idref="oc-754"/>
      </symbol>
      <symbol id="sm-1188">
         <name>_SlDrvProtectAsyncRespSetting</name>
         <value>0x2000e749</value>
         <object_component_ref idref="oc-2bd"/>
      </symbol>
      <symbol id="sm-1189">
         <name>_SlDrvReleasePoolObj</name>
         <value>0x20009e71</value>
         <object_component_ref idref="oc-2db"/>
      </symbol>
      <symbol id="sm-118a">
         <name>_SlDrvHandleWlanEvents</name>
         <value>0x2000ec41</value>
         <object_component_ref idref="oc-980"/>
      </symbol>
      <symbol id="sm-118b">
         <name>OpcodeTranslateTable</name>
         <value>0x20010338</value>
         <object_component_ref idref="oc-8a2"/>
      </symbol>
      <symbol id="sm-118c">
         <name>pPingCallBackFunc</name>
         <value>0x2001fa08</value>
         <object_component_ref idref="oc-2ea"/>
      </symbol>
      <symbol id="sm-118d">
         <name>_SlDrvDriverCBInit</name>
         <value>0x2000a3c9</value>
         <object_component_ref idref="oc-2b1"/>
      </symbol>
      <symbol id="sm-118e">
         <name>g_pCB</name>
         <value>0x2001fa04</value>
         <object_component_ref idref="oc-2ea"/>
      </symbol>
      <symbol id="sm-118f">
         <name>_SlDrvProtectionObjLockWaitForever</name>
         <value>0x2000f239</value>
         <object_component_ref idref="oc-3a8"/>
      </symbol>
      <symbol id="sm-1190">
         <name>_SlDrvCmdOp</name>
         <value>0x2000c901</value>
         <object_component_ref idref="oc-304"/>
      </symbol>
      <symbol id="sm-1191">
         <name>_SlDrvSyncObjWaitTimeout</name>
         <value>0x2000eab1</value>
         <object_component_ref idref="oc-2d5"/>
      </symbol>
      <symbol id="sm-1192">
         <name>_SlDrvGlobalObjUnLock</name>
         <value>0x2000f2e1</value>
         <object_component_ref idref="oc-5f8"/>
      </symbol>
      <symbol id="sm-1193">
         <name>_SlDrvMemZero</name>
         <value>0x2000f94d</value>
         <object_component_ref idref="oc-392"/>
      </symbol>
      <symbol id="sm-1194">
         <name>_SlDrvWaitForPoolObj</name>
         <value>0x2000a719</value>
         <object_component_ref idref="oc-3a2"/>
      </symbol>
      <symbol id="sm-1195">
         <name>_SlDrvSyncObjSignal</name>
         <value>0x2000f589</value>
         <object_component_ref idref="oc-5c6"/>
      </symbol>
      <symbol id="sm-1196">
         <name>_SlDrvDataReadOp</name>
         <value>0x20009c8d</value>
         <object_component_ref idref="oc-407"/>
      </symbol>
      <symbol id="sm-1197">
         <name>_SlDrvDataWriteOp</name>
         <value>0x2000ad1d</value>
         <object_component_ref idref="oc-3f9"/>
      </symbol>
      <symbol id="sm-1198">
         <name>_SlDrvRxIrqHandler</name>
         <value>0x2000e511</value>
         <object_component_ref idref="oc-2ed"/>
      </symbol>
      <symbol id="sm-1199">
         <name>_SlDrvHandleHttpServerEvents</name>
         <value>0x2000ea6d</value>
         <object_component_ref idref="oc-9f8"/>
      </symbol>
      <symbol id="sm-119a">
         <name>_SlDrvSyncObjWaitForever</name>
         <value>0x2000f331</value>
         <object_component_ref idref="oc-3b4"/>
      </symbol>
      <symbol id="sm-119b">
         <name>g_SlDeviceStatus</name>
         <value>0x2001fa00</value>
         <object_component_ref idref="oc-2ea"/>
      </symbol>
      <symbol id="sm-119c">
         <name>_SlDrvCmdSend</name>
         <value>0x2000defd</value>
         <object_component_ref idref="oc-9ff"/>
      </symbol>
      <symbol id="sm-119d">
         <name>_SlActionLookupTable</name>
         <value>0x20010374</value>
         <object_component_ref idref="oc-933"/>
      </symbol>
      <symbol id="sm-1245">
         <name>sl_NetAppMDNSUnRegisterService</name>
         <value>0x2000e169</value>
         <object_component_ref idref="oc-10e"/>
      </symbol>
      <symbol id="sm-1246">
         <name>_SlNetAppSendTokenValueCmdCtrl</name>
         <value>0x2001058a</value>
         <object_component_ref idref="oc-a05"/>
      </symbol>
      <symbol id="sm-1247">
         <name>sl_NetAppDnsGetHostByName</name>
         <value>0x2000b241</value>
         <object_component_ref idref="oc-152"/>
      </symbol>
      <symbol id="sm-1248">
         <name>_sl_HandleAsync_DnsGetHostByName</name>
         <value>0x2000d3b5</value>
         <object_component_ref idref="oc-98e"/>
      </symbol>
      <symbol id="sm-1249">
         <name>_sl_HandleAsync_PingResponse</name>
         <value>0x2000d445</value>
         <object_component_ref idref="oc-91f"/>
      </symbol>
      <symbol id="sm-124a">
         <name>_SlDrvNetAppEventHandler</name>
         <value>0x2000ba91</value>
         <object_component_ref idref="oc-919"/>
      </symbol>
      <symbol id="sm-124b">
         <name>_sl_HandleAsync_DnsGetHostByService</name>
         <value>0x2000c6a5</value>
         <object_component_ref idref="oc-994"/>
      </symbol>
      <symbol id="sm-124c">
         <name>_sl_NetAppSendTokenValue</name>
         <value>0x2000df69</value>
         <object_component_ref idref="oc-9a0"/>
      </symbol>
      <symbol id="sm-124d">
         <name>sl_NetAppMDNSRegisterUnregisterService</name>
         <value>0x2000c4e5</value>
         <object_component_ref idref="oc-35b"/>
      </symbol>
      <symbol id="sm-126f">
         <name>sl_NetCfgSet</name>
         <value>0x2000d029</value>
         <object_component_ref idref="oc-102"/>
      </symbol>
      <symbol id="sm-12b7">
         <name>_SlNonOsSemSet</name>
         <value>0x2000f87d</value>
         <object_component_ref idref="oc-53d"/>
      </symbol>
      <symbol id="sm-12b8">
         <name>_SlNonOsSpawn</name>
         <value>0x2000e03d</value>
         <object_component_ref idref="oc-5df"/>
      </symbol>
      <symbol id="sm-12b9">
         <name>_SlNonOsSemGet</name>
         <value>0x2000ca75</value>
         <object_component_ref idref="oc-543"/>
      </symbol>
      <symbol id="sm-12ba">
         <name>_SlNonOsMainLoopTask</name>
         <value>0x2000dda9</value>
         <object_component_ref idref="oc-d8"/>
      </symbol>
      <symbol id="sm-12bb">
         <name>g__SlNonOsCB</name>
         <value>0x2001f9ac</value>
         <object_component_ref idref="oc-2ff"/>
      </symbol>
      <symbol id="sm-13bc">
         <name>sl_Recv</name>
         <value>0x2000cdb9</value>
         <object_component_ref idref="oc-18f"/>
      </symbol>
      <symbol id="sm-13bd">
         <name>sl_Send</name>
         <value>0x2000b5f9</value>
         <object_component_ref idref="oc-183"/>
      </symbol>
      <symbol id="sm-13be">
         <name>_sl_HandleAsync_Connect</name>
         <value>0x2000dabd</value>
         <object_component_ref idref="oc-9b6"/>
      </symbol>
      <symbol id="sm-13bf">
         <name>sl_Htonl</name>
         <value>0x2000eb7d</value>
         <object_component_ref idref="oc-15e"/>
      </symbol>
      <symbol id="sm-13c0">
         <name>sl_Htons</name>
         <value>0x2000ee71</value>
         <object_component_ref idref="oc-158"/>
      </symbol>
      <symbol id="sm-13c1">
         <name>sl_Connect</name>
         <value>0x2000a8a9</value>
         <object_component_ref idref="oc-170"/>
      </symbol>
      <symbol id="sm-13c2">
         <name>sl_Socket</name>
         <value>0x2000d795</value>
         <object_component_ref idref="oc-164"/>
      </symbol>
      <symbol id="sm-13c3">
         <name>_sl_HandleAsync_Select</name>
         <value>0x2000e5b9</value>
         <object_component_ref idref="oc-9bc"/>
      </symbol>
      <symbol id="sm-13c4">
         <name>sl_Close</name>
         <value>0x2000e295</value>
         <object_component_ref idref="oc-189"/>
      </symbol>
      <symbol id="sm-13c5">
         <name>_sl_HandleAsync_Accept</name>
         <value>0x2000e0a1</value>
         <object_component_ref idref="oc-9b0"/>
      </symbol>
      <symbol id="sm-13c6">
         <name>sl_SetSockOpt</name>
         <value>0x2000d0c1</value>
         <object_component_ref idref="oc-16a"/>
      </symbol>
      <symbol id="sm-1480">
         <name>sl_WlanDisconnect</name>
         <value>0x2000ef59</value>
         <object_component_ref idref="oc-fc"/>
      </symbol>
      <symbol id="sm-1481">
         <name>sl_WlanPolicySet</name>
         <value>0x2000d4d5</value>
         <object_component_ref idref="oc-f0"/>
      </symbol>
      <symbol id="sm-1482">
         <name>sl_WlanProfileDel</name>
         <value>0x2000e2f5</value>
         <object_component_ref idref="oc-f6"/>
      </symbol>
      <symbol id="sm-1483">
         <name>sl_WlanRxFilterSet</name>
         <value>0x2000da39</value>
         <object_component_ref idref="oc-11a"/>
      </symbol>
      <symbol id="sm-1484">
         <name>sl_WlanConnect</name>
         <value>0x200092d9</value>
         <object_component_ref idref="oc-13f"/>
      </symbol>
      <symbol id="sm-1485">
         <name>sl_WlanSet</name>
         <value>0x2000d159</value>
         <object_component_ref idref="oc-108"/>
      </symbol>
      <symbol id="sm-1486">
         <name>sl_WlanSetMode</name>
         <value>0x2000e355</value>
         <object_component_ref idref="oc-de"/>
      </symbol>
      <symbol id="sm-15a6">
         <name>g_ucDinDout</name>
         <value>0x2001f83c</value>
      </symbol>
      <symbol id="sm-15a7">
         <name>g_cDummy</name>
         <value>0x2001f90a</value>
      </symbol>
      <symbol id="sm-15a8">
         <name>NwpMaskInterrupt</name>
         <value>0x2000fa69</value>
         <object_component_ref idref="oc-598"/>
      </symbol>
      <symbol id="sm-15a9">
         <name>NwpPrePowerOffTimout0</name>
         <value>0x2000f509</value>
         <object_component_ref idref="oc-314"/>
      </symbol>
      <symbol id="sm-15aa">
         <name>NwpRegisterInterruptHandler</name>
         <value>0x2000ed41</value>
         <object_component_ref idref="oc-2c9"/>
      </symbol>
      <symbol id="sm-15ab">
         <name>g_pHostIntHdl</name>
         <value>0x2001fa14</value>
         <object_component_ref idref="oc-584"/>
      </symbol>
      <symbol id="sm-15ac">
         <name>simplelink_timerA2_start</name>
         <value>0x2000ee35</value>
         <object_component_ref idref="oc-900"/>
      </symbol>
      <symbol id="sm-15ad">
         <name>NwpUnMaskInterrupt</name>
         <value>0x2000fa75</value>
         <object_component_ref idref="oc-5b2"/>
      </symbol>
      <symbol id="sm-15ae">
         <name>NwpPowerOff</name>
         <value>0x2000eee9</value>
         <object_component_ref idref="oc-2c3"/>
      </symbol>
      <symbol id="sm-15af">
         <name>TimerGetCurrentTimestamp</name>
         <value>0x2000f549</value>
         <object_component_ref idref="oc-871"/>
      </symbol>
      <symbol id="sm-15b0">
         <name>spi_Read</name>
         <value>0x2000be81</value>
         <object_component_ref idref="oc-895"/>
      </symbol>
      <symbol id="sm-15b1">
         <name>DmaSpiSwIntHandler</name>
         <value>0x2000f3f5</value>
         <object_component_ref idref="oc-58a"/>
      </symbol>
      <symbol id="sm-15b2">
         <name>NwpPowerOn</name>
         <value>0x2000f1b5</value>
         <object_component_ref idref="oc-2cf"/>
      </symbol>
      <symbol id="sm-15b3">
         <name>spi_Close</name>
         <value>0x2000dcb9</value>
         <object_component_ref idref="oc-31a"/>
      </symbol>
      <symbol id="sm-15b4">
         <name>spi_Write</name>
         <value>0x2000d1f1</value>
         <object_component_ref idref="oc-7b4"/>
      </symbol>
      <symbol id="sm-15b5">
         <name>spi_Open</name>
         <value>0x2000afb5</value>
         <object_component_ref idref="oc-2b7"/>
      </symbol>
      <symbol id="sm-15b6">
         <name>g_ucDMAEnabled</name>
         <value>0x2001fa18</value>
         <object_component_ref idref="oc-584"/>
      </symbol>
      <symbol id="sm-15b7">
         <name>g_SpiFd</name>
         <value>0x2001fa10</value>
         <object_component_ref idref="oc-584"/>
      </symbol>
      <symbol id="sm-15ea">
         <name>TimerLoadSet</name>
         <value>0x2000f265</value>
         <object_component_ref idref="oc-968"/>
      </symbol>
      <symbol id="sm-15eb">
         <name>TimerEnable</name>
         <value>0x2000f5e5</value>
         <object_component_ref idref="oc-96e"/>
      </symbol>
      <symbol id="sm-15ec">
         <name>TimerValueGet</name>
         <value>0x2000f65b</value>
         <object_component_ref idref="oc-906"/>
      </symbol>
      <symbol id="sm-15ed">
         <name>TimerPrescaleSet</name>
         <value>0x2000f28f</value>
         <object_component_ref idref="oc-962"/>
      </symbol>
      <symbol id="sm-15ee">
         <name>TimerConfigure</name>
         <value>0x2000ea29</value>
         <object_component_ref idref="oc-95c"/>
      </symbol>
      <symbol id="sm-1645">
         <name>uDMAChannelControlSet</name>
         <value>0x2000eead</value>
         <object_component_ref idref="oc-9ca"/>
      </symbol>
      <symbol id="sm-1646">
         <name>uDMAChannelAttributeEnable</name>
         <value>0x2000e231</value>
         <object_component_ref idref="oc-9d0"/>
      </symbol>
      <symbol id="sm-1647">
         <name>uDMAChannelTransferSet</name>
         <value>0x2000bf71</value>
         <object_component_ref idref="oc-9d6"/>
      </symbol>
      <symbol id="sm-1648">
         <name>uDMAChannelAssign</name>
         <value>0x2000e879</value>
         <object_component_ref idref="oc-762"/>
      </symbol>
      <symbol id="sm-1649">
         <name>uDMAChannelAttributeDisable</name>
         <value>0x2000e1cd</value>
         <object_component_ref idref="oc-768"/>
      </symbol>
      <symbol id="sm-164a">
         <name>uDMAChannelEnable</name>
         <value>0x2000f6e9</value>
         <object_component_ref idref="oc-9dc"/>
      </symbol>
      <symbol id="sm-164b">
         <name>__TI_static_base__</name>
         <value>0x200105d0</value>
      </symbol>
      <symbol id="sm-164e">
         <name>__mpu_init</name>
         <value>0x0</value>
      </symbol>
      <symbol id="sm-164f">
         <name>_system_post_cinit</name>
         <value>0x0</value>
      </symbol>
   </symbol_table>
   <title>Link successful</title>
</link_info>
