******************************************************************************
                  TI ARM Linker PC v20.2.2                     
******************************************************************************
>> Linked Sat Jun  5 03:18:47 2021

OUTPUT FILE NAME:   <FinalProject_EthanDeLeon.out>
ENTRY POINT SYMBOL: "_c_int00_noargs"  address: 2000f065


MEMORY CONFIGURATION

         name            origin    length      used     unused   attr    fill
----------------------  --------  ---------  --------  --------  ----  --------
  SRAM_CODE             20004000   00013000  0000c66a  00006996  RW X
  SRAM_DATA             20017000   00019000  00009a33  0000f5cd  RW X


SEGMENT ALLOCATION MAP

run origin  load origin   length   init length attrs members
----------  ----------- ---------- ----------- ----- -------
20004000    20004000    0000c670   0000c670    r-x
  20004000    20004000    00000400   00000400    r-- .intvecs
  20004400    20004400    0000b6be   0000b6be    r-x .text
  2000fac0    2000fac0    00000b0c   00000b0c    r-- .const
  200105d0    200105d0    000000a0   000000a0    r-- .cinit
20017000    20017000    00008a34   00000000    rw-
  20017000    20017000    00008000   00000000    rw- .sysmem
  2001f000    2001f000    0000090b   00000000    rw- .bss
  2001f90c    2001f90c    00000128   00000000    rw- .data
2002f000    2002f000    00001000   00000000    rw-
  2002f000    2002f000    00001000   00000000    rw- .stack


SECTION ALLOCATION MAP

 output                                  attributes/
section   page    origin      length       input sections
--------  ----  ----------  ----------   ----------------
.intvecs   0    20004000    00000400     
                  20004000    00000400     startup_ccs.obj (.intvecs)

.init_array 
*          0    20004000    00000000     UNINITIALIZED

.text      0    20004400    0000b6be     
                  20004400    00002d48     main.obj (.text)
                  20007148    00000a80     Adafruit_GFX.obj (.text)
                  20007bc8    00000a4e     rtsv7M4_T_le_v4SPD16_eabi.lib : _printfi.c.obj (.text:__TI_printfi)
                  20008616    00000002     driverlib.a : interrupt.obj (.text:IntDefaultHandler)
                  20008618    00000590     simplelink.a : driver.obj (.text:_SlDrvMsgRead)
                  20008ba8    0000047a     Adafruit_OLED.obj (.text)
                  20009022    00000002     rtsv7M4_T_le_v4SPD16_eabi.lib : _lock.c.obj (.text:_nop)
                  20009024    000002b4     i2c_if.obj (.text)
                  200092d8    00000280     simplelink.a : wlan.obj (.text:sl_WlanConnect)
                  20009558    0000027c     uart_if.obj (.text)
                  200097d4    00000270     rtsv7M4_T_le_v4SPD16_eabi.lib : _printfi.c.obj (.text:_pconv_a)
                  20009a44    00000248     simplelink.a : driver.obj (.text:_SlDrvRxHdrRead)
                  20009c8c    000001e4                  : driver.obj (.text:_SlDrvDataReadOp)
                  20009e70    000001d0                  : driver.obj (.text:_SlDrvReleasePoolObj)
                  2000a040    000001d0     rtsv7M4_T_le_v4SPD16_eabi.lib : _printfi.c.obj (.text:_pconv_g)
                  2000a210    000001b6                                   : fd_add_t2.asm.obj (.text)
                  2000a3c6    00000002                                   : div0.asm.obj (.text)
                  2000a3c8    000001b4     simplelink.a : driver.obj (.text:_SlDrvDriverCBInit)
                  2000a57c    0000019c                  : driver.obj (.text:_SlDrvMsgWrite)
                  2000a718    00000190                  : driver.obj (.text:_SlDrvWaitForPoolObj)
                  2000a8a8    0000018c                  : socket.obj (.text:sl_Connect)
                  2000aa34    00000178     driverlib.a : prcm.obj (.text:PRCMCC3200MCUInit)
                  2000abac    00000170     simplelink.a : driver.obj (.text:_SlFindAndSetActiveObj)
                  2000ad1c    00000150                  : driver.obj (.text:_SlDrvDataWriteOp)
                  2000ae6c    00000148     pin_mux_config.obj (.text)
                  2000afb4    00000148     simplelink.a : cc_pal.obj (.text:spi_Open)
                  2000b0fc    00000144                  : driver.obj (.text:_SlDrvMsgReadCmdCtx)
                  2000b240    00000144                  : netapp.obj (.text:sl_NetAppDnsGetHostByName)
                  2000b384    0000013c     rtsv7M4_T_le_v4SPD16_eabi.lib : _printfi.c.obj (.text:_pconv_e)
                  2000b4c0    00000136                                   : fd_div_t2.asm.obj (.text)
                  2000b5f6    00000002     --HOLE-- [fill = 0]
                  2000b5f8    00000134     simplelink.a : socket.obj (.text:sl_Send)
                  2000b72c    00000130                  : driver.obj (.text:_SlDrvDriverCBDeinit)
                  2000b85c    00000124     rtsv7M4_T_le_v4SPD16_eabi.lib : _printfi.c.obj (.text:fcvt)
                  2000b980    00000110                                   : s_scalbn.c.obj (.text:scalbn)
                  2000ba90    00000104     simplelink.a : netapp.obj (.text:_SlDrvNetAppEventHandler)
                  2000bb94    00000100     rtsv7M4_T_le_v4SPD16_eabi.lib : memory.c.obj (.text:aligned_alloc)
                  2000bc94    000000fc                                   : fd_mul_t2.asm.obj (.text)
                  2000bd90    000000f0     simplelink.a : device.obj (.text:sl_Stop)
                  2000be80    000000f0                  : cc_pal.obj (.text:spi_Read)
                  2000bf70    000000f0     driverlib.a : udma.obj (.text:uDMAChannelTransferSet)
                  2000c060    000000ec     simplelink.a : device.obj (.text:sl_Start)
                  2000c14c    000000e8                  : driver.obj (.text:_SlAsyncEventGenericHandler)
                  2000c234    000000e8                  : driver.obj (.text:_SlDrvMsgReadSpawnCtx)
                  2000c31c    000000e4     rtsv7M4_T_le_v4SPD16_eabi.lib : memory.c.obj (.text:free)
                  2000c400    000000e4                                   : memory.c.obj (.text:realloc)
                  2000c4e4    000000e4     simplelink.a : netapp.obj (.text:sl_NetAppMDNSRegisterUnregisterService)
                  2000c5c8    000000dc                  : driver.obj (.text:_SlDrvClassifyRxMsg)
                  2000c6a4    000000cc                  : netapp.obj (.text:_sl_HandleAsync_DnsGetHostByService)
                  2000c770    000000cc                  : device.obj (.text:sl_DevGet)
                  2000c83c    000000c4                  : driver.obj (.text:_SlRemoveFromList)
                  2000c900    000000c0                  : driver.obj (.text:_SlDrvCmdOp)
                  2000c9c0    000000b1     rtsv7M4_T_le_v4SPD16_eabi.lib : _printfi.c.obj (.text:_ltostr)
                  2000ca71    00000003     --HOLE-- [fill = 0]
                  2000ca74    000000b0     simplelink.a : nonos.obj (.text:_SlNonOsSemGet)
                  2000cb24    000000a8     driverlib.a : interrupt.obj (.text:IntDisable)
                  2000cbcc    000000a8                 : interrupt.obj (.text:IntEnable)
                  2000cc74    000000a4     simplelink.a : driver.obj (.text:_SlDriverHandleError)
                  2000cd18    000000a0     driverlib.a : spi.obj (.text:SPIConfigSetExpClk)
                  2000cdb8    000000a0     simplelink.a : socket.obj (.text:sl_Recv)
                  2000ce58    0000009c     rtsv7M4_T_le_v4SPD16_eabi.lib : memcpy_t2.asm.obj (.text)
                  2000cef4    0000009a     simplelink.a : device.obj (.text:_SlDrvDeviceEventHandler)
                  2000cf8e    00000002     --HOLE-- [fill = 0]
                  2000cf90    00000098                  : device.obj (.text:sl_DevSet)
                  2000d028    00000098                  : netcfg.obj (.text:sl_NetCfgSet)
                  2000d0c0    00000098                  : socket.obj (.text:sl_SetSockOpt)
                  2000d158    00000098                  : wlan.obj (.text:sl_WlanSet)
                  2000d1f0    00000098                  : cc_pal.obj (.text:spi_Write)
                  2000d288    00000096     rtsv7M4_T_le_v4SPD16_eabi.lib : ull_div_t2.asm.obj (.text)
                  2000d31e    00000002     --HOLE-- [fill = 0]
                  2000d320    00000094     driverlib.a : prcm.obj (.text:PRCMPeripheralClockGet)
                  2000d3b4    00000090     simplelink.a : netapp.obj (.text:_sl_HandleAsync_DnsGetHostByName)
                  2000d444    00000090                  : netapp.obj (.text:_sl_HandleAsync_PingResponse)
                  2000d4d4    00000090                  : wlan.obj (.text:sl_WlanPolicySet)
                  2000d564    0000008c                  : cc_pal.obj (.text:SetupDMAReceive)
                  2000d5f0    0000008c                  : cc_pal.obj (.text:SetupDMASend)
                  2000d67c    0000008c                  : driver.obj (.text:_SlDrvIsTimeoutExpired)
                  2000d708    0000008c                  : device.obj (.text:_sl_HandleAsync_InitComplete)
                  2000d794    0000008c                  : socket.obj (.text:sl_Socket)
                  2000d820    00000088     driverlib.a : pin.obj (.text:PinConfigSet)
                  2000d8a8    00000086     rtsv7M4_T_le_v4SPD16_eabi.lib : fd_cmp_t2.asm.obj (.text:__aeabi_cdcmple)
                  2000d92e    00000086                                   : fd_cmp_t2.asm.obj (.text:__aeabi_cdrcmple)
                  2000d9b4    00000084     driverlib.a : i2c.obj (.text:I2CMasterInitExpClk)
                  2000da38    00000084     simplelink.a : wlan.obj (.text:sl_WlanRxFilterSet)
                  2000dabc    00000080                  : socket.obj (.text:_sl_HandleAsync_Connect)
                  2000db3c    00000080                  : cc_pal.obj (.text:spi_Read_CPU)
                  2000dbbc    00000080                  : cc_pal.obj (.text:spi_Write_CPU)
                  2000dc3c    0000007a     rtsv7M4_T_le_v4SPD16_eabi.lib : memset_t2.asm.obj (.text)
                  2000dcb6    00000002     --HOLE-- [fill = 0]
                  2000dcb8    00000078     simplelink.a : cc_pal.obj (.text:spi_Close)
                  2000dd30    00000076     driverlib.a : uart.obj (.text:UARTConfigSetExpClk)
                  2000dda6    00000002     --HOLE-- [fill = 0]
                  2000dda8    00000074     simplelink.a : nonos.obj (.text:_SlNonOsMainLoopTask)
                  2000de1c    00000070     rtsv7M4_T_le_v4SPD16_eabi.lib : memory.c.obj (.text:split)
                  2000de8c    0000006e                                   : _printfi.c.obj (.text:_mcpy)
                  2000defa    00000002     --HOLE-- [fill = 0]
                  2000defc    0000006c     simplelink.a : driver.obj (.text:_SlDrvCmdSend)
                  2000df68    0000006c                  : netapp.obj (.text:_sl_NetAppSendTokenValue)
                  2000dfd4    00000068     rtsv7M4_T_le_v4SPD16_eabi.lib : copy_decompress_lzss.c.obj (.text:decompress:lzss:__TI_decompress_lzss)
                  2000e03c    00000064     simplelink.a : nonos.obj (.text:_SlNonOsSpawn)
                  2000e0a0    00000064                  : socket.obj (.text:_sl_HandleAsync_Accept)
                  2000e104    00000064     rtsv7M4_T_le_v4SPD16_eabi.lib : s_frexp.c.obj (.text:frexp)
                  2000e168    00000064     simplelink.a : netapp.obj (.text:sl_NetAppMDNSUnRegisterService)
                  2000e1cc    00000064     driverlib.a : udma.obj (.text:uDMAChannelAttributeDisable)
                  2000e230    00000064                 : udma.obj (.text:uDMAChannelAttributeEnable)
                  2000e294    00000060     simplelink.a : socket.obj (.text:sl_Close)
                  2000e2f4    00000060                  : wlan.obj (.text:sl_WlanProfileDel)
                  2000e354    00000060                  : wlan.obj (.text:sl_WlanSetMode)
                  2000e3b4    00000058     driverlib.a : interrupt.obj (.text:IntPendClear)
                  2000e40c    00000058                 : prcm.obj (.text:PRCMPeripheralReset)
                  2000e464    00000056     rtsv7M4_T_le_v4SPD16_eabi.lib : _printfi.c.obj (.text:_pconv_f)
                  2000e4ba    00000002     --HOLE-- [fill = 0]
                  2000e4bc    00000054     driverlib.a : interrupt.obj (.text:IntPrioritySet)
                  2000e510    00000054     simplelink.a : driver.obj (.text:_SlDrvRxIrqHandler)
                  2000e564    00000054     rtsv7M4_T_le_v4SPD16_eabi.lib : _ltoa.c.obj (.text:__TI_ltoa)
                  2000e5b8    00000054     simplelink.a : socket.obj (.text:_sl_HandleAsync_Select)
                  2000e60c    00000052     rtsv7M4_T_le_v4SPD16_eabi.lib : _printfi.c.obj (.text:_ecpy)
                  2000e65e    00000002     --HOLE-- [fill = 0]
                  2000e660    00000050     simplelink.a : device.obj (.text:_sl_HandleAsync_Stop)
                  2000e6b0    0000004c     driverlib.a : spi.obj (.text:SPIIntEnable)
                  2000e6fc    0000004c                 : spi.obj (.text:SPIIntNumberGet)
                  2000e748    0000004c     simplelink.a : driver.obj (.text:_SlDrvProtectAsyncRespSetting)
                  2000e794    0000004c                  : socket.obj (.text:_sl_BuildAddress)
                  2000e7e0    0000004c     rtsv7M4_T_le_v4SPD16_eabi.lib : atoi.c.obj (.text:atoi)
                  2000e82c    0000004c                                   : snprintf.c.obj (.text:snprintf)
                  2000e878    0000004c     driverlib.a : udma.obj (.text:uDMAChannelAssign)
                  2000e8c4    00000048     rtsv7M4_T_le_v4SPD16_eabi.lib : hosttime.c.obj (.text:HOSTtime)
                  2000e90c    00000048     driverlib.a : spi.obj (.text:SPIIntClear)
                  2000e954    00000048     simplelink.a : driver.obj (.text:_SlDrvBasicCmd)
                  2000e99c    00000048     rtsv7M4_T_le_v4SPD16_eabi.lib : fd_toi_t2.asm.obj (.text)
                  2000e9e4    00000044     driverlib.a : spi.obj (.text:SPIDmaMaskGet)
                  2000ea28    00000044                 : timer.obj (.text:TimerConfigure)
                  2000ea6c    00000044     simplelink.a : driver.obj (.text:_SlDrvHandleHttpServerEvents)
                  2000eab0    00000044                  : driver.obj (.text:_SlDrvSyncObjWaitTimeout)
                  2000eaf4    00000044     rtsv7M4_T_le_v4SPD16_eabi.lib : autoinit.c.obj (.text:__TI_auto_init_nobinit_nopinit:__TI_auto_init_nobinit_nopinit)
                  2000eb38    00000044     simplelink.a : cc_pal.obj (.text:cc_SetupTransfer)
                  2000eb7c    00000042                  : socket.obj (.text:sl_Htonl)
                  2000ebbe    00000002     --HOLE-- [fill = 0]
                  2000ebc0    00000040     driverlib.a : pin.obj (.text:PinModeSet)
                  2000ec00    00000040     simplelink.a : driver.obj (.text:_SlDrvHandleNetAppEvents)
                  2000ec40    00000040                  : driver.obj (.text:_SlDrvHandleWlanEvents)
                  2000ec80    00000040                  : socket.obj (.text:_sl_TruncatePayloadByProtocol)
                  2000ecc0    00000040     rtsv7M4_T_le_v4SPD16_eabi.lib : sprintf.c.obj (.text:sprintf)
                  2000ed00    00000040                                   : vsnprintf.c.obj (.text:vsnprintf)
                  2000ed40    0000003e     simplelink.a : cc_pal.obj (.text:NwpRegisterInterruptHandler)
                  2000ed7e    0000003e     rtsv7M4_T_le_v4SPD16_eabi.lib : _printfi.c.obj (.text:_fcpy)
                  2000edbc    0000003c     simplelink.a : netapp.obj (.text:CopyPingResultsToReport)
                  2000edf8    0000003c     driverlib.a : prcm.obj (.text:PRCMPeripheralClkEnable)
                  2000ee34    0000003c     simplelink.a : cc_pal.obj (.text:simplelink_timerA2_start)
                  2000ee70    0000003c                  : socket.obj (.text:sl_Htons)
                  2000eeac    0000003c     driverlib.a : udma.obj (.text:uDMAChannelControlSet)
                  2000eee8    00000038     simplelink.a : cc_pal.obj (.text:NwpPowerOff)
                  2000ef20    00000038     rtsv7M4_T_le_v4SPD16_eabi.lib : trgmsg.c.obj (.text:__TI_writemsg)
                  2000ef58    00000038     simplelink.a : wlan.obj (.text:sl_WlanDisconnect)
                  2000ef90    00000036     driverlib.a : gpio.obj (.text:GPIODirModeSet)
                  2000efc6    00000002     --HOLE-- [fill = 0]
                  2000efc8    00000034                 : prcm.obj (.text:PRCMPeripheralStatusGet)
                  2000effc    00000034                 : spi.obj (.text:SPIFIFOLevelSet)
                  2000f030    00000034     rtsv7M4_T_le_v4SPD16_eabi.lib : trgmsg.c.obj (.text:__TI_readmsg)
                  2000f064    00000034                                   : boot_cortex_m.c.obj (.text:_c_int00_noargs:_c_int00_noargs)
                  2000f098    00000030     driverlib.a : pin.obj (.text:PinTypeGPIO)
                  2000f0c8    00000030                 : uart.obj (.text:UARTDisable)
                  2000f0f8    00000030     rtsv7M4_T_le_v4SPD16_eabi.lib : snprintf.c.obj (.text:_outs)
                  2000f128    00000030                                   : vsnprintf.c.obj (.text:_outs)
                  2000f158    0000002e                                   : i_tofd_t2.asm.obj (.text)
                  2000f186    0000002c     driverlib.a : i2c.obj (.text:I2CMasterErr)
                  2000f1b2    00000002     --HOLE-- [fill = 0]
                  2000f1b4    0000002c     simplelink.a : cc_pal.obj (.text:NwpPowerOn)
                  2000f1e0    0000002c     driverlib.a : prcm.obj (.text:PRCMSysResetCauseGet)
                  2000f20c    0000002c     simplelink.a : driver.obj (.text:_SlDrvObjGlobalLockWaitForever)
                  2000f238    0000002c                  : driver.obj (.text:_SlDrvProtectionObjLockWaitForever)
                  2000f264    0000002a     driverlib.a : timer.obj (.text:TimerLoadSet)
                  2000f28e    0000002a                 : timer.obj (.text:TimerPrescaleSet)
                  2000f2b8    00000028                 : prcm.obj (.text:PRCMPeripheralClkDisable)
                  2000f2e0    00000028     simplelink.a : driver.obj (.text:_SlDrvGlobalObjUnLock)
                  2000f308    00000028                  : driver.obj (.text:_SlDrvProtectionObjUnLock)
                  2000f330    00000028                  : driver.obj (.text:_SlDrvSyncObjWaitForever)
                  2000f358    00000028     rtsv7M4_T_le_v4SPD16_eabi.lib : memory.c.obj (.text:free_list_insert)
                  2000f380    00000028                                   : memmov.c.obj (.text:memmove)
                  2000f3a8    00000026     simplelink.a : driver.obj (.text:_SlDrvObjLockWaitForever)
                  2000f3ce    00000026     network_common.obj (.text)
                  2000f3f4    00000024     simplelink.a : cc_pal.obj (.text:DmaSpiSwIntHandler)
                  2000f418    00000024     driverlib.a : interrupt.obj (.text:IntUnregister)
                  2000f43c    00000024                 : uart.obj (.text:UARTEnable)
                  2000f460    00000022                 : i2c.obj (.text:I2CMasterSlaveAddrSet)
                  2000f482    00000022                 : spi.obj (.text:SPIReset)
                  2000f4a4    00000022                 : spi.obj (.text:SPIWordCountSet)
                  2000f4c6    00000020                 : gpio.obj (.text:GPIOPinWrite)
                  2000f4e6    00000002     --HOLE-- [fill = 0]
                  2000f4e8    00000020                 : interrupt.obj (.text:IntRegister)
                  2000f508    00000020     simplelink.a : cc_pal.obj (.text:NwpPrePowerOffTimout0)
                  2000f528    00000020     driverlib.a : spi.obj (.text:SPIDataGet)
                  2000f548    00000020     simplelink.a : cc_pal.obj (.text:TimerGetCurrentTimestamp)
                  2000f568    00000020                  : driver.obj (.text:_SlDrvObjUnLock)
                  2000f588    00000020                  : driver.obj (.text:_SlDrvSyncObjSignal)
                  2000f5a8    0000001e     driverlib.a : i2c.obj (.text:I2CMasterIntStatusEx)
                  2000f5c6    0000001e                 : spi.obj (.text:SPIDataPut)
                  2000f5e4    0000001e                 : timer.obj (.text:TimerEnable)
                  2000f602    0000001e                 : uart.obj (.text:UARTCharPut)
                  2000f620    0000001e     simplelink.a : cc_pal.obj (.text:cc_UDMAChannelSelect)
                  2000f63e    0000001c     driverlib.a : pin.obj (.text:PinTypeI2C)
                  2000f65a    0000001c                 : timer.obj (.text:TimerValueGet)
                  2000f676    0000001c                 : uart.obj (.text:UARTCharGetNonBlocking)
                  2000f692    0000001c     simplelink.a : driver.obj (.text:_SlDrvStartMeasureTimeout)
                  2000f6ae    00000002     --HOLE-- [fill = 0]
                  2000f6b0    0000001c     rtsv7M4_T_le_v4SPD16_eabi.lib : memory.c.obj (.text:free_list_remove)
                  2000f6cc    0000001c                                   : memccpy.c.obj (.text:memccpy)
                  2000f6e8    0000001c     driverlib.a : udma.obj (.text:uDMAChannelEnable)
                  2000f704    0000001a                 : pin.obj (.text:PinTypeSPI)
                  2000f71e    0000001a                 : pin.obj (.text:PinTypeUART)
                  2000f738    0000001a                 : spi.obj (.text:SPIDmaDisable)
                  2000f752    0000001a                 : spi.obj (.text:SPIDmaEnable)
                  2000f76c    0000001a                 : spi.obj (.text:SPIFIFODisable)
                  2000f786    0000001a                 : spi.obj (.text:SPIFIFOEnable)
                  2000f7a0    0000001a                 : spi.obj (.text:SPIIntUnregister)
                  2000f7ba    0000001a     rtsv7M4_T_le_v4SPD16_eabi.lib : s_copysign.c.obj (.text:copysign)
                  2000f7d4    00000018     driverlib.a : gpio.obj (.text:GPIOPinRead)
                  2000f7ec    00000018                 : i2c.obj (.text:I2CMasterIntEnableEx)
                  2000f804    00000018                 : spi.obj (.text:SPICSDisable)
                  2000f81c    00000018                 : spi.obj (.text:SPICSEnable)
                  2000f834    00000018                 : spi.obj (.text:SPIDisable)
                  2000f84c    00000018                 : spi.obj (.text:SPIEnable)
                  2000f864    00000018                 : uart.obj (.text:UARTCharsAvail)
                  2000f87c    00000018     simplelink.a : nonos.obj (.text:_SlNonOsSemSet)
                  2000f894    00000018     rtsv7M4_T_le_v4SPD16_eabi.lib : snprintf.c.obj (.text:_outc)
                  2000f8ac    00000018                                   : vsnprintf.c.obj (.text:_outc)
                  2000f8c4    00000018                                   : sprintf.c.obj (.text:_outs)
                  2000f8dc    00000018     simplelink.a : device.obj (.text:_sl_GetStartResponseConvert)
                  2000f8f4    00000016     driverlib.a : i2c.obj (.text:I2CMasterDataPut)
                  2000f90a    00000016                 : i2c.obj (.text:I2CMasterEnable)
                  2000f920    00000016                 : prcm.obj (.text:PRCMHIBRegRead)
                  2000f936    00000016                 : prcm.obj (.text:PRCMHIBRegWrite)
                  2000f94c    00000016     simplelink.a : driver.obj (.text:_SlDrvMemZero)
                  2000f962    00000016     rtsv7M4_T_le_v4SPD16_eabi.lib : strchr.c.obj (.text:strchr)
                  2000f978    00000014     driverlib.a : cpu.obj (.text:CPUcpsie)
                  2000f98c    00000014                 : interrupt.obj (.text:IntVTableBaseSet)
                  2000f9a0    00000014     rtsv7M4_T_le_v4SPD16_eabi.lib : strcpy.c.obj (.text:strcpy)
                  2000f9b4    00000014                                   : strlen.c.obj (.text:strlen)
                  2000f9c8    00000012     driverlib.a : i2c.obj (.text:I2CMasterControl)
                  2000f9da    00000012                 : i2c.obj (.text:I2CMasterIntClearEx)
                  2000f9ec    00000012                 : i2c.obj (.text:I2CMasterTimeoutSet)
                  2000f9fe    00000012     rtsv7M4_T_le_v4SPD16_eabi.lib : wcslen.c.obj (.text:wcslen)
                  2000fa10    00000010     simplelink.a : driver.obj (.text:_SlDrvDispatchHttpServerEvents)
                  2000fa20    0000000e     driverlib.a : i2c.obj (.text:I2CMasterDataGet)
                  2000fa2e    0000000e     simplelink.a : driver.obj (.text:_SlDrvResetCmdExt)
                  2000fa3c    0000000e     rtsv7M4_T_le_v4SPD16_eabi.lib : time.c.obj (.text:__time32)
                  2000fa4a    0000000e                                   : copy_decompress_none.c.obj (.text:decompress:none:__TI_decompress_none)
                  2000fa58    0000000e     startup_ccs.obj (.text)
                  2000fa66    00000002     --HOLE-- [fill = 0]
                  2000fa68    0000000c     simplelink.a : cc_pal.obj (.text:NwpMaskInterrupt)
                  2000fa74    0000000c                  : cc_pal.obj (.text:NwpUnMaskInterrupt)
                  2000fa80    0000000c     rtsv7M4_T_le_v4SPD16_eabi.lib : copy_zero_init.c.obj (.text:decompress:ZI:__TI_zero_init)
                  2000fa8c    0000000a     driverlib.a : interrupt.obj (.text:IntMasterEnable)
                  2000fa96    0000000a     rtsv7M4_T_le_v4SPD16_eabi.lib : sprintf.c.obj (.text:_outc)
                  2000faa0    00000008                                   : errno.c.obj (.text:__aeabi_errno_addr)
                  2000faa8    00000008                                   : memory.c.obj (.text:malloc)
                  2000fab0    00000006     driverlib.a : utils.obj (.text:UtilsDelay)
                  2000fab6    00000004     rtsv7M4_T_le_v4SPD16_eabi.lib : pre_init.c.obj (.text:_system_pre_init)
                  2000faba    00000004                                   : exit.c.obj (.text:abort:abort)

.const     0    2000fac0    00000b0c     
                  2000fac0    000004fb     Adafruit_GFX.obj (.const:.string:font)
                  2000ffbb    00000101     rtsv7M4_T_le_v4SPD16_eabi.lib : ctype.c.obj (.const:.string:_ctypes_)
                  200100bc    00000100     driverlib.a : pin.obj (.const:g_ulPinToPadMap)
                  200101bc    000000d4                 : interrupt.obj (.const:g_pulRegs)
                  20010290    000000a8                 : prcm.obj (.const:PRCM_PeriphRegsList)
                  20010338    0000003c     simplelink.a : driver.obj (.const:OpcodeTranslateTable)
                  20010374    00000038                  : driver.obj (.const:_SlActionLookupTable)
                  200103ac    0000002e     main.obj (.const:.string)
                  200103da    00000002     --HOLE-- [fill = 0]
                  200103dc    0000002c     main.obj (.const:$P$T1$2)
                  20010408    00000024     driverlib.a : spi.obj (.const:g_ppulSPIIntMap)
                  2001042c    00000022     main.obj (.const:.string:$P$T0$1)
                  2001044e    00000002     --HOLE-- [fill = 0]
                  20010450    00000020     simplelink.a : driver.obj (.const:RxMsgClassLUT)
                  20010470    00000018     driverlib.a : interrupt.obj (.const:g_pulDisRegs)
                  20010488    00000018                 : interrupt.obj (.const:g_pulEnRegs)
                  200104a0    00000018                 : interrupt.obj (.const:g_pulUnpendRegs)
                  200104b8    00000018                 : spi.obj (.const:g_ulSPIDmaMaskMap)
                  200104d0    00000015     main.obj (.const:.string:$P$T6$7)
                  200104e5    00000003     --HOLE-- [fill = 0]
                  200104e8    00000014     simplelink.a : driver.obj (.const:$P$T0$1)
                  200104fc    00000014                  : nonos.obj (.const:$P$T0$1)
                  20010510    00000014     main.obj (.const:$P$T2$3)
                  20010524    00000010     simplelink.a : socket.obj (.const:.string:_SlPayloadByProtocolLUT)
                  20010534    0000000c     main.obj (.const:$P$T4$5)
                  20010540    0000000c     main.obj (.const:.string:$P$T3$4)
                  2001054c    00000009     main.obj (.const:.string:$P$T5$6)
                  20010555    00000008     simplelink.a : device.obj (.const:StartResponseLUT)
                  2001055d    00000003     --HOLE-- [fill = 0]
                  20010560    00000008                  : driver.obj (.const:g_H2NCnysPattern)
                  20010568    00000008                  : driver.obj (.const:g_H2NSyncPattern)
                  20010570    00000005     main.obj (.const:.string:$P$T7$8)
                  20010575    00000001     --HOLE-- [fill = 0]
                  20010576    00000004     simplelink.a : wlan.obj (.const:$P$T0$1)
                  2001057a    00000004                  : socket.obj (.const:$P$T2$3)
                  2001057e    00000004                  : device.obj (.const:_SlDeviceGetCmdCtrl)
                  20010582    00000004                  : device.obj (.const:_SlDeviceSetCmdCtrl)
                  20010586    00000004                  : netapp.obj (.const:_SlGetHostByNameCtrl)
                  2001058a    00000004                  : netapp.obj (.const:_SlNetAppSendTokenValueCmdCtrl)
                  2001058e    00000004                  : netcfg.obj (.const:_SlNetCfgSetCmdCtrl)
                  20010592    00000004                  : wlan.obj (.const:_SlPolicySetCmdCtrl)
                  20010596    00000004                  : wlan.obj (.const:_SlProfileDelCmdCtrl)
                  2001059a    00000004                  : socket.obj (.const:_SlRecvCmdCtrl)
                  2001059e    00000004                  : netapp.obj (.const:_SlRegisterServiceCtrl)
                  200105a2    00000004                  : wlan.obj (.const:_SlRxFilterSetCmdCtrl)
                  200105a6    00000004                  : socket.obj (.const:_SlSendCmdCtrl)
                  200105aa    00000004                  : socket.obj (.const:_SlSetSockOptCmdCtrl)
                  200105ae    00000004                  : socket.obj (.const:_SlSockCloseCmdCtrl)
                  200105b2    00000004                  : socket.obj (.const:_SlSockSocketCmdCtrl)
                  200105b6    00000004                  : device.obj (.const:_SlStopCmdCtrl)
                  200105ba    00000004                  : wlan.obj (.const:_SlWlanCfgSetCmdCtrl)
                  200105be    00000004                  : wlan.obj (.const:_SlWlanSetModeCmdCtrl)
                  200105c2    00000002     --HOLE-- [fill = 0]
                  200105c4    00000004                  : driver.obj (.const:httpServer_callbacks)
                  200105c8    00000004                  : driver.obj (.const:netApp_callbacks)

.cinit     0    200105d0    000000a0     
                  200105d0    00000076     (.cinit..data.load) [load image, compression = lzss]
                  20010646    00000002     --HOLE-- [fill = 0]
                  20010648    0000000c     (__TI_handler_table)
                  20010654    00000004     --HOLE-- [fill = 0]
                  20010658    00000008     (.cinit..bss.load) [load image, compression = zero_init]
                  20010660    00000010     (__TI_cinit_table)

.sysmem    0    20017000    00008000     UNINITIALIZED
                  20017000    00000010     rtsv7M4_T_le_v4SPD16_eabi.lib : memory.c.obj (.sysmem)
                  20017010    00007ff0     --HOLE--

.bss       0    2001f000    0000090b     UNINITIALIZED
                  2001f000    000005b4     (.common:globalacRecvbuff)
                  2001f5b4    00000168     simplelink.a : driver.obj (.bss:g_StatMem)
                  2001f71c    00000120     rtsv7M4_T_le_v4SPD16_eabi.lib : trgmsg.c.obj (.bss:_CIOBUF_)
                  2001f83c    00000050     (.common:g_ucDinDout)
                  2001f88c    0000002c     (.common:g_time)
                  2001f8b8    00000024     (.common:g_ucConnectionSSID)
                  2001f8dc    00000008     (.common:g_ucConnectionBSSID)
                  2001f8e4    00000008     (.common:parmbuf)
                  2001f8ec    00000004     uart_if.obj (.bss)
                  2001f8f0    00000004     (.common:endTime)
                  2001f8f4    00000004     (.common:leftPaddle1)
                  2001f8f8    00000004     (.common:leftPaddle2)
                  2001f8fc    00000004     (.common:rightPaddle1)
                  2001f900    00000004     (.common:rightPaddle2)
                  2001f904    00000004     (.common:startTime)
                  2001f908    00000001     (.common:RxIrqCnt)
                  2001f909    00000001     (.common:g_bDeviceRestartIsRequired)
                  2001f90a    00000001     (.common:g_cDummy)

.data      0    2001f90c    00000128     UNINITIALIZED
                  2001f90c    000000a0     main.obj (.data)
                  2001f9ac    0000003c     simplelink.a : nonos.obj (.data:g__SlNonOsCB)
                  2001f9e8    00000015     Adafruit_GFX.obj (.data)
                  2001f9fd    00000003     --HOLE--
                  2001fa00    0000000d     simplelink.a : driver.obj (.data)
                  2001fa0d    00000003     --HOLE--
                  2001fa10    00000009                  : cc_pal.obj (.data)
                  2001fa19    00000003     --HOLE--
                  2001fa1c    00000008     rtsv7M4_T_le_v4SPD16_eabi.lib : _lock.c.obj (.data:$O1$$)
                  2001fa24    00000008                                   : memory.c.obj (.data:$O1$$)
                  2001fa2c    00000004                                   : errno.c.obj (.data)
                  2001fa30    00000004     simplelink.a : driver.obj (.data:wlan_callbacks)

.stack     0    2002f000    00001000     UNINITIALIZED
                  2002f000    00000004     rtsv7M4_T_le_v4SPD16_eabi.lib : boot_cortex_m.c.obj (.stack)
                  2002f004    00000ffc     --HOLE--

__llvm_prf_cnts 
*          0    20017000    00000000     UNINITIALIZED

MODULE SUMMARY

       Module                       code    ro data   rw data
       ------                       ----    -------   -------
    .\
       main.obj                     11592   203       1732   
       Adafruit_GFX.obj             2688    1275      21     
       Adafruit_OLED.obj            1146    0         0      
       startup_ccs.obj              14      1024      0      
       i2c_if.obj                   692     0         0      
       uart_if.obj                  636     0         4      
       pin_mux_config.obj           328     0         0      
       network_common.obj           38      0         0      
    +--+----------------------------+-------+---------+---------+
       Total:                       17134   2502      1757   
                                                             
    C:/ti/CC3200SDK_1.5.0/cc3200-sdk/driverlib/ccs/Release/driverlib.a
       prcm.obj                     852     168       0      
       spi.obj                      860     60        0      
       interrupt.obj                608     284       0      
       udma.obj                     604     0         0      
       pin.obj                      328     256       0      
       i2c.obj                      376     0         0      
       uart.obj                     284     0         0      
       timer.obj                    210     0         0      
       gpio.obj                     110     0         0      
       cpu.obj                      20      0         0      
       utils.obj                    6       0         0      
    +--+----------------------------+-------+---------+---------+
       Total:                       4258    768       0      
                                                             
    C:/ti/CC3200SDK_1.5.0/cc3200-sdk/simplelink/ccs/NON_OS/simplelink.a
       driver.obj                   7906    192       379    
       cc_pal.obj                   1820    0         90     
       socket.obj                   1830    40        0      
       netapp.obj                   1572    12        0      
       wlan.obj                     1316    24        0      
       device.obj                   1230    20        0      
       nonos.obj                    416     20        60     
       netcfg.obj                   152     4         0      
    +--+----------------------------+-------+---------+---------+
       Total:                       16242   312       529    
                                                             
    C:\ti\ccs1020\ccs\tools\compiler\ti-cgt-arm_20.2.2.LTS\lib\rtsv7M4_T_le_v4SPD16_eabi.lib
       _printfi.c.obj               4851    0         0      
       memory.c.obj                 900     0         8      
       fd_add_t2.asm.obj            438     0         0      
       trgmsg.c.obj                 108     0         288    
       fd_div_t2.asm.obj            310     0         0      
       s_scalbn.c.obj               272     0         0      
       fd_cmp_t2.asm.obj            268     0         0      
       ctype.c.obj                  0       257       0      
       fd_mul_t2.asm.obj            252     0         0      
       memcpy_t2.asm.obj            156     0         0      
       ull_div_t2.asm.obj           150     0         0      
       snprintf.c.obj               148     0         0      
       vsnprintf.c.obj              136     0         0      
       memset_t2.asm.obj            122     0         0      
       copy_decompress_lzss.c.obj   104     0         0      
       s_frexp.c.obj                100     0         0      
       sprintf.c.obj                98      0         0      
       _ltoa.c.obj                  84      0         0      
       atoi.c.obj                   76      0         0      
       fd_toi_t2.asm.obj            72      0         0      
       hosttime.c.obj               72      0         0      
       autoinit.c.obj               68      0         0      
       boot_cortex_m.c.obj          52      0         0      
       i_tofd_t2.asm.obj            46      0         0      
       memmov.c.obj                 40      0         0      
       memccpy.c.obj                28      0         0      
       s_copysign.c.obj             26      0         0      
       strchr.c.obj                 22      0         0      
       strcpy.c.obj                 20      0         0      
       strlen.c.obj                 20      0         0      
       wcslen.c.obj                 18      0         0      
       copy_decompress_none.c.obj   14      0         0      
       time.c.obj                   14      0         0      
       copy_zero_init.c.obj         12      0         0      
       errno.c.obj                  8       0         4      
       _lock.c.obj                  2       0         8      
       hostopen.c.obj               0       0         8      
       exit.c.obj                   4       0         0      
       pre_init.c.obj               4       0         0      
       div0.asm.obj                 2       0         0      
    +--+----------------------------+-------+---------+---------+
       Total:                       9117    257       316    
                                                             
       Heap:                        0       0         32768  
       Stack:                       0       0         4096   
       Linker Generated:            0       154       0      
    +--+----------------------------+-------+---------+---------+
       Grand Total:                 46751   3993      39466  


LINKER GENERATED COPY TABLES

__TI_cinit_table @ 20010660 records: 2, size/record: 8, table size: 16
	.data: load addr=200105d0, load size=00000076 bytes, run addr=2001f90c, run size=00000128 bytes, compression=lzss
	.bss: load addr=20010658, load size=00000008 bytes, run addr=2001f000, run size=0000090b bytes, compression=zero_init


LINKER GENERATED HANDLER TABLE

__TI_handler_table @ 20010648 records: 3, size/record: 4, table size: 12
	index: 0, handler: __TI_decompress_lzss
	index: 1, handler: __TI_decompress_none
	index: 2, handler: __TI_zero_init


GLOBAL SYMBOLS: SORTED ALPHABETICALLY BY Name 

address   name                                  
-------   ----                                  
20008c09  Adafruit_Init                         
2000fabb  C$$EXIT                               
2000ef4f  C$$IO$$                               
2000f979  CPUcpsie                              
20009599  ClearTerm                             
20008d7f  Color565                              
2000f3f5  DmaSpiSwIntHandler                    
200095a3  Error                                 
2000ef91  GPIODirModeSet                        
2000f7d5  GPIOPinRead                           
2000f4c7  GPIOPinWrite                          
200095db  GetCmd                                
2000e8c5  HOSTtime                              
2000f9c9  I2CMasterControl                      
2000fa21  I2CMasterDataGet                      
2000f8f5  I2CMasterDataPut                      
2000f90b  I2CMasterEnable                       
2000f187  I2CMasterErr                          
2000d9b5  I2CMasterInitExpClk                   
2000f9db  I2CMasterIntClearEx                   
2000f7ed  I2CMasterIntEnableEx                  
2000f5a9  I2CMasterIntStatusEx                  
2000f461  I2CMasterSlaveAddrSet                 
2000f9ed  I2CMasterTimeoutSet                   
200092c3  I2C_IF_Close                          
2000925d  I2C_IF_Open                           
2000915b  I2C_IF_Read                           
20009217  I2C_IF_ReadFrom                       
200090ab  I2C_IF_Write                          
20009559  InitTerm                              
2000cb25  IntDisable                            
2000cbcd  IntEnable                             
2000fa8d  IntMasterEnable                       
2000e3b5  IntPendClear                          
2000e4bd  IntPrioritySet                        
2000f4e9  IntRegister                           
2000f419  IntUnregister                         
2000f98d  IntVTableBaseSet                      
20009577  Message                               
2000fa69  NwpMaskInterrupt                      
2000eee9  NwpPowerOff                           
2000f1b5  NwpPowerOn                            
2000f509  NwpPrePowerOffTimout0                 
2000ed41  NwpRegisterInterruptHandler           
2000fa75  NwpUnMaskInterrupt                    
20010338  OpcodeTranslateTable                  
20007af3  Outstr                                
2000aa35  PRCMCC3200MCUInit                     
2000f921  PRCMHIBRegRead                        
2000f937  PRCMHIBRegWrite                       
2000f2b9  PRCMPeripheralClkDisable              
2000edf9  PRCMPeripheralClkEnable               
2000d321  PRCMPeripheralClockGet                
2000e40d  PRCMPeripheralReset                   
2000efc9  PRCMPeripheralStatusGet               
2000f1e1  PRCMSysResetCauseGet                  
2000d821  PinConfigSet                          
2000ebc1  PinModeSet                            
2000ae6d  PinMuxConfig                          
2000f099  PinTypeGPIO                           
2000f63f  PinTypeI2C                            
2000f705  PinTypeSPI                            
2000f71f  PinTypeUART                           
20009719  Report                                
2000fa59  ResetISR                              
2001f908  RxIrqCnt                              
2000f805  SPICSDisable                          
2000f81d  SPICSEnable                           
2000cd19  SPIConfigSetExpClk                    
2000f529  SPIDataGet                            
2000f5c7  SPIDataPut                            
2000f835  SPIDisable                            
2000f739  SPIDmaDisable                         
2000f753  SPIDmaEnable                          
2000f84d  SPIEnable                             
2000f76d  SPIFIFODisable                        
2000f787  SPIFIFOEnable                         
2000effd  SPIFIFOLevelSet                       
2000e90d  SPIIntClear                           
2000e6b1  SPIIntEnable                          
2000f7a1  SPIIntUnregister                      
2000f483  SPIReset                              
2000f4a5  SPIWordCountSet                       
200045d5  SimpleLinkGeneralEventHandler         
200045b1  SimpleLinkHttpServerCallback          
2000450f  SimpleLinkNetAppEventHandler          
200045f5  SimpleLinkSockEventHandler            
20004401  SimpleLinkWlanEventHandler            
2000ea29  TimerConfigure                        
2000f5e5  TimerEnable                           
2000f549  TimerGetCurrentTimestamp              
2000f265  TimerLoadSet                          
2000f28f  TimerPrescaleSet                      
2000f65b  TimerValueGet                         
20009681  TrimSpace                             
2000f677  UARTCharGetNonBlocking                
2000f603  UARTCharPut                           
2000f865  UARTCharsAvail                        
2000dd31  UARTConfigSetExpClk                   
2000f0c9  UARTDisable                           
2000f43d  UARTEnable                            
2000fab1  UtilsDelay                            
20010374  _SlActionLookupTable                  
2000cc75  _SlDriverHandleError                  
2000e955  _SlDrvBasicCmd                        
2000c901  _SlDrvCmdOp                           
2000defd  _SlDrvCmdSend                         
20009c8d  _SlDrvDataReadOp                      
2000ad1d  _SlDrvDataWriteOp                     
2000cef5  _SlDrvDeviceEventHandler              
2000fa11  _SlDrvDispatchHttpServerEvents        
2000b72d  _SlDrvDriverCBDeinit                  
2000a3c9  _SlDrvDriverCBInit                    
2000f2e1  _SlDrvGlobalObjUnLock                 
2000ea6d  _SlDrvHandleHttpServerEvents          
2000ec01  _SlDrvHandleNetAppEvents              
2000ec41  _SlDrvHandleWlanEvents                
2000d67d  _SlDrvIsTimeoutExpired                
2000f94d  _SlDrvMemZero                         
2000c235  _SlDrvMsgReadSpawnCtx                 
2000ba91  _SlDrvNetAppEventHandler              
2000f3a9  _SlDrvObjLockWaitForever              
2000f569  _SlDrvObjUnLock                       
2000e749  _SlDrvProtectAsyncRespSetting         
2000f239  _SlDrvProtectionObjLockWaitForever    
2000f309  _SlDrvProtectionObjUnLock             
20009e71  _SlDrvReleasePoolObj                  
2000fa2f  _SlDrvResetCmdExt                     
2000e511  _SlDrvRxIrqHandler                    
2000f693  _SlDrvStartMeasureTimeout             
2000f589  _SlDrvSyncObjSignal                   
2000f331  _SlDrvSyncObjWaitForever              
2000eab1  _SlDrvSyncObjWaitTimeout              
2000a719  _SlDrvWaitForPoolObj                  
2001058a  _SlNetAppSendTokenValueCmdCtrl        
2000dda9  _SlNonOsMainLoopTask                  
2000ca75  _SlNonOsSemGet                        
2000f87d  _SlNonOsSemSet                        
2000e03d  _SlNonOsSpawn                         
2001f71c  __CIOBUF_                             
20030000  __STACK_END                           
00001000  __STACK_SIZE                          
00008000  __SYSMEM_SIZE                         
20010660  __TI_CINIT_Base                       
20010670  __TI_CINIT_Limit                      
20010648  __TI_Handler_Table_Base               
20010654  __TI_Handler_Table_Limit              
2000eaf5  __TI_auto_init_nobinit_nopinit        
2000dfd5  __TI_decompress_lzss                  
2000fa4b  __TI_decompress_none                  
2000e565  __TI_ltoa                             
ffffffff  __TI_pprof_out_hndl                   
20007bc9  __TI_printfi                          
ffffffff  __TI_prof_data_size                   
ffffffff  __TI_prof_data_start                  
2000f031  __TI_readmsg                          
200105d0  __TI_static_base__                    
2000ef21  __TI_writemsg                         
2000fa81  __TI_zero_init                        
2000d8a9  __aeabi_cdcmpeq                       
2000d8a9  __aeabi_cdcmple                       
2000d92f  __aeabi_cdrcmple                      
2000e99d  __aeabi_d2iz                          
2000a21b  __aeabi_dadd                          
2000b4c1  __aeabi_ddiv                          
2000bc95  __aeabi_dmul                          
2000a211  __aeabi_dsub                          
2000faa1  __aeabi_errno_addr                    
2000f159  __aeabi_i2d                           
2000a3c7  __aeabi_idiv0                         
2000a3c7  __aeabi_ldiv0                         
2000dc3d  __aeabi_memclr                        
2000dc3d  __aeabi_memclr4                       
2000dc3d  __aeabi_memclr8                       
2000ce59  __aeabi_memcpy                        
2000ce59  __aeabi_memcpy4                       
2000ce59  __aeabi_memcpy8                       
2000dc3f  __aeabi_memset                        
2000dc3f  __aeabi_memset4                       
2000dc3f  __aeabi_memset8                       
2000d289  __aeabi_uldivmod                      
ffffffff  __binit__                             
ffffffff  __c_args__                            
UNDEFED   __mpu_init                            
2002f000  __stack                               
20017000  __start___llvm_prf_cnts               
20017000  __stop___llvm_prf_cnts                
2000fa3d  __time32                              
2000f065  _c_int00_noargs                       
2000ffbb  _ctypes_                              
2001fa1c  _lock                                 
20009023  _nop                                  
2000e0a1  _sl_HandleAsync_Accept                
2000dabd  _sl_HandleAsync_Connect               
2000d3b5  _sl_HandleAsync_DnsGetHostByName      
2000c6a5  _sl_HandleAsync_DnsGetHostByService   
2000d709  _sl_HandleAsync_InitComplete          
2000d445  _sl_HandleAsync_PingResponse          
2000e5b9  _sl_HandleAsync_Select                
2000e661  _sl_HandleAsync_Stop                  
2000df69  _sl_NetAppSendTokenValue              
20017000  _sys_memory                           
UNDEFED   _system_post_cinit                    
2000fab7  _system_pre_init                      
2001fa20  _unlock                               
2000fabb  abort                                 
2000bb95  aligned_alloc                         
2000e7e1  atoi                                  
2001f998  backgroundColor                       
2001f938  ballColor                             
2001f93c  ballColorCycle                        
2001f934  ballSize                              
2001f950  ballX                                 
2001f954  ballY                                 
2001f944  ballhsp                               
2001f940  ballspdVector                         
2001f948  ballvsp                               
ffffffff  binit                                 
200062f1  cal_hsp                               
20005645  centerText                            
2000f7bb  copysign                              
2000f7bb  copysignl                             
2001f980  cpuColor                              
2001f96c  cpuFollowCount                        
2001f970  cpuFollowOffCount                     
2001f988  cpuLevelScale                         
2001f974  cpuSlow                               
2001f978  cpuX                                  
2001f97c  cpuY                                  
2001f928  currentRally                          
2001f9e8  cursor_x                              
2001f9ec  cursor_y                              
20005537  delay                                 
20006661  drawBall                              
20006509  drawCPU                               
200079a7  drawChar                              
20007149  drawCircle                            
2000727d  drawCircleHelper                      
20008f2d  drawFastHLine                         
20008e8d  drawFastVLine                         
200074c3  drawLine                              
20008fc9  drawPixel                             
20006481  drawPly                               
200075af  drawRect                              
200075fd  drawRoundRect                         
20007765  drawTriangle                          
200056c1  drawWalls                             
2001f8f0  endTime                               
2001f9a0  endTurn                               
2001fa2c  errno                                 
2000739b  fillCircle                            
200073d5  fillCircleHelper                      
20008dd7  fillRect                              
200076eb  fillRoundRect                         
20008dc1  fillScreen                            
200077a7  fillTriangle                          
2000c31d  free                                  
2000e105  frexp                                 
2000e105  frexpl                                
2001f918  g_Host                                
2001fa00  g_SlDeviceStatus                      
2001fa10  g_SpiFd                               
2001f9ac  g__SlNonOsCB                          
2001f909  g_bDeviceRestartIsRequired            
2001f90a  g_cDummy                              
2001fa04  g_pCB                                 
2001fa14  g_pHostIntHdl                         
20004000  g_pfnVectors                          
2001f88c  g_time                                
2001f8dc  g_ucConnectionBSSID                   
2001f8b8  g_ucConnectionSSID                    
2001fa18  g_ucDMAEnabled                        
2001f83c  g_ucDinDout                           
2001f914  g_ulGatewayIP                         
2001f910  g_ulPingPacketsRecv                   
2001f90c  g_ulStatus                            
2001f99c  gameOver                              
20005d19  gameStart                             
20006295  getAccelerationX                      
200058d9  getAnswer                             
2001f000  globalacRecvbuff                      
20008d3b  goTo                                  
20007ba7  height                                
20009007  invert                                
2001f91c  lRetVal                               
2000b981  ldexp                                 
2000b981  ldexpl                                
2001f8f4  leftPaddle1                           
2001f8f8  leftPaddle2                           
2001f930  level                                 
20005b3d  levelSelection                        
2001f9a8  loseCount                             
20006a4d  main                                  
2000faa9  malloc                                
2001f924  maxRally                              
2000bb95  memalign                              
2000f6cd  memccpy                               
2000ce59  memcpy                                
2000f381  memmove                               
2000dc45  memset                                
2001f92c  mode                                  
20005a09  modeSelection                         
2001f990  nextStep                              
20005f8d  nextTurn                              
2001fa08  pPingCallBackFunc                     
20006355  paddleLogic                           
2001f8e4  parmbuf                               
2001f920  playTime                              
2001f968  plyColor                              
2001f958  plyHeight                             
2001f95c  plyLength                             
2001f960  plyX                                  
2001f964  plyY                                  
20004fc9  printErrConvenience                   
2000c401  realloc                               
20005765  redrawWall                            
2001f8fc  rightPaddle1                          
2001f900  rightPaddle2                          
2000b981  scalbn                                
2000b981  scalbnl                               
20006215  scoreBoard                            
20007b3f  setCursor                             
20007b77  setTextColor                          
20007b57  setTextSize                           
20007b8f  setTextWrap                           
2000ee35  simplelink_timerA2_start              
2000e295  sl_Close                              
2000a8a9  sl_Connect                            
2000c771  sl_DevGet                             
2000cf91  sl_DevSet                             
2000eb7d  sl_Htonl                              
2000ee71  sl_Htons                              
2000b241  sl_NetAppDnsGetHostByName             
2000c4e5  sl_NetAppMDNSRegisterUnregisterService
2000e169  sl_NetAppMDNSUnRegisterService        
2000d029  sl_NetCfgSet                          
2000f3cf  sl_Provisioning_HttpServerEventHdl    
2000f3dd  sl_Provisioning_NetAppEventHdl        
2000f3e9  sl_Provisioning_WlanEventHdl          
2000cdb9  sl_Recv                               
2000b5f9  sl_Send                               
2000d0c1  sl_SetSockOpt                         
2000d795  sl_Socket                             
2000c061  sl_Start                              
2000bd91  sl_Stop                               
200092d9  sl_WlanConnect                        
2000ef59  sl_WlanDisconnect                     
2000d4d5  sl_WlanPolicySet                      
2000e2f5  sl_WlanProfileDel                     
2000da39  sl_WlanRxFilterSet                    
2000d159  sl_WlanSet                            
2000e355  sl_WlanSetMode                        
2000e82d  snprintf                              
2001f94c  speedMag                              
2001f984  speedScale                            
2000dcb9  spi_Close                             
2000afb5  spi_Open                              
2000be81  spi_Read                              
2000d1f1  spi_Write                             
2000ecc1  sprintf                               
2001f904  startTime                             
2000f963  strchr                                
2000f9a1  strcpy                                
2000f9b5  strlen                                
2001f9f8  textbgcolor                           
2001f9f4  textcolor                             
2001f9f0  textsize                              
2000fa3d  time                                  
200057d9  titleScreen                           
2000e879  uDMAChannelAssign                     
2000e1cd  uDMAChannelAttributeDisable           
2000e231  uDMAChannelAttributeEnable            
2000eead  uDMAChannelControlSet                 
2000f6e9  uDMAChannelEnable                     
2000bf71  uDMAChannelTransferSet                
2000ed01  vsnprintf                             
2001f98c  wall                                  
2001f994  wallColor                             
2000f9ff  wcslen                                
20007ba3  width                                 
2001f9a4  winCount                              
2001f9fc  wrap                                  
20008ba9  writeCommand                          
20008bd9  writeData                             


GLOBAL SYMBOLS: SORTED BY Symbol Address 

address   name                                  
-------   ----                                  
00001000  __STACK_SIZE                          
00008000  __SYSMEM_SIZE                         
20004000  g_pfnVectors                          
20004401  SimpleLinkWlanEventHandler            
2000450f  SimpleLinkNetAppEventHandler          
200045b1  SimpleLinkHttpServerCallback          
200045d5  SimpleLinkGeneralEventHandler         
200045f5  SimpleLinkSockEventHandler            
20004fc9  printErrConvenience                   
20005537  delay                                 
20005645  centerText                            
200056c1  drawWalls                             
20005765  redrawWall                            
200057d9  titleScreen                           
200058d9  getAnswer                             
20005a09  modeSelection                         
20005b3d  levelSelection                        
20005d19  gameStart                             
20005f8d  nextTurn                              
20006215  scoreBoard                            
20006295  getAccelerationX                      
200062f1  cal_hsp                               
20006355  paddleLogic                           
20006481  drawPly                               
20006509  drawCPU                               
20006661  drawBall                              
20006a4d  main                                  
20007149  drawCircle                            
2000727d  drawCircleHelper                      
2000739b  fillCircle                            
200073d5  fillCircleHelper                      
200074c3  drawLine                              
200075af  drawRect                              
200075fd  drawRoundRect                         
200076eb  fillRoundRect                         
20007765  drawTriangle                          
200077a7  fillTriangle                          
200079a7  drawChar                              
20007af3  Outstr                                
20007b3f  setCursor                             
20007b57  setTextSize                           
20007b77  setTextColor                          
20007b8f  setTextWrap                           
20007ba3  width                                 
20007ba7  height                                
20007bc9  __TI_printfi                          
20008ba9  writeCommand                          
20008bd9  writeData                             
20008c09  Adafruit_Init                         
20008d3b  goTo                                  
20008d7f  Color565                              
20008dc1  fillScreen                            
20008dd7  fillRect                              
20008e8d  drawFastVLine                         
20008f2d  drawFastHLine                         
20008fc9  drawPixel                             
20009007  invert                                
20009023  _nop                                  
200090ab  I2C_IF_Write                          
2000915b  I2C_IF_Read                           
20009217  I2C_IF_ReadFrom                       
2000925d  I2C_IF_Open                           
200092c3  I2C_IF_Close                          
200092d9  sl_WlanConnect                        
20009559  InitTerm                              
20009577  Message                               
20009599  ClearTerm                             
200095a3  Error                                 
200095db  GetCmd                                
20009681  TrimSpace                             
20009719  Report                                
20009c8d  _SlDrvDataReadOp                      
20009e71  _SlDrvReleasePoolObj                  
2000a211  __aeabi_dsub                          
2000a21b  __aeabi_dadd                          
2000a3c7  __aeabi_idiv0                         
2000a3c7  __aeabi_ldiv0                         
2000a3c9  _SlDrvDriverCBInit                    
2000a719  _SlDrvWaitForPoolObj                  
2000a8a9  sl_Connect                            
2000aa35  PRCMCC3200MCUInit                     
2000ad1d  _SlDrvDataWriteOp                     
2000ae6d  PinMuxConfig                          
2000afb5  spi_Open                              
2000b241  sl_NetAppDnsGetHostByName             
2000b4c1  __aeabi_ddiv                          
2000b5f9  sl_Send                               
2000b72d  _SlDrvDriverCBDeinit                  
2000b981  ldexp                                 
2000b981  ldexpl                                
2000b981  scalbn                                
2000b981  scalbnl                               
2000ba91  _SlDrvNetAppEventHandler              
2000bb95  aligned_alloc                         
2000bb95  memalign                              
2000bc95  __aeabi_dmul                          
2000bd91  sl_Stop                               
2000be81  spi_Read                              
2000bf71  uDMAChannelTransferSet                
2000c061  sl_Start                              
2000c235  _SlDrvMsgReadSpawnCtx                 
2000c31d  free                                  
2000c401  realloc                               
2000c4e5  sl_NetAppMDNSRegisterUnregisterService
2000c6a5  _sl_HandleAsync_DnsGetHostByService   
2000c771  sl_DevGet                             
2000c901  _SlDrvCmdOp                           
2000ca75  _SlNonOsSemGet                        
2000cb25  IntDisable                            
2000cbcd  IntEnable                             
2000cc75  _SlDriverHandleError                  
2000cd19  SPIConfigSetExpClk                    
2000cdb9  sl_Recv                               
2000ce59  __aeabi_memcpy                        
2000ce59  __aeabi_memcpy4                       
2000ce59  __aeabi_memcpy8                       
2000ce59  memcpy                                
2000cef5  _SlDrvDeviceEventHandler              
2000cf91  sl_DevSet                             
2000d029  sl_NetCfgSet                          
2000d0c1  sl_SetSockOpt                         
2000d159  sl_WlanSet                            
2000d1f1  spi_Write                             
2000d289  __aeabi_uldivmod                      
2000d321  PRCMPeripheralClockGet                
2000d3b5  _sl_HandleAsync_DnsGetHostByName      
2000d445  _sl_HandleAsync_PingResponse          
2000d4d5  sl_WlanPolicySet                      
2000d67d  _SlDrvIsTimeoutExpired                
2000d709  _sl_HandleAsync_InitComplete          
2000d795  sl_Socket                             
2000d821  PinConfigSet                          
2000d8a9  __aeabi_cdcmpeq                       
2000d8a9  __aeabi_cdcmple                       
2000d92f  __aeabi_cdrcmple                      
2000d9b5  I2CMasterInitExpClk                   
2000da39  sl_WlanRxFilterSet                    
2000dabd  _sl_HandleAsync_Connect               
2000dc3d  __aeabi_memclr                        
2000dc3d  __aeabi_memclr4                       
2000dc3d  __aeabi_memclr8                       
2000dc3f  __aeabi_memset                        
2000dc3f  __aeabi_memset4                       
2000dc3f  __aeabi_memset8                       
2000dc45  memset                                
2000dcb9  spi_Close                             
2000dd31  UARTConfigSetExpClk                   
2000dda9  _SlNonOsMainLoopTask                  
2000defd  _SlDrvCmdSend                         
2000df69  _sl_NetAppSendTokenValue              
2000dfd5  __TI_decompress_lzss                  
2000e03d  _SlNonOsSpawn                         
2000e0a1  _sl_HandleAsync_Accept                
2000e105  frexp                                 
2000e105  frexpl                                
2000e169  sl_NetAppMDNSUnRegisterService        
2000e1cd  uDMAChannelAttributeDisable           
2000e231  uDMAChannelAttributeEnable            
2000e295  sl_Close                              
2000e2f5  sl_WlanProfileDel                     
2000e355  sl_WlanSetMode                        
2000e3b5  IntPendClear                          
2000e40d  PRCMPeripheralReset                   
2000e4bd  IntPrioritySet                        
2000e511  _SlDrvRxIrqHandler                    
2000e565  __TI_ltoa                             
2000e5b9  _sl_HandleAsync_Select                
2000e661  _sl_HandleAsync_Stop                  
2000e6b1  SPIIntEnable                          
2000e749  _SlDrvProtectAsyncRespSetting         
2000e7e1  atoi                                  
2000e82d  snprintf                              
2000e879  uDMAChannelAssign                     
2000e8c5  HOSTtime                              
2000e90d  SPIIntClear                           
2000e955  _SlDrvBasicCmd                        
2000e99d  __aeabi_d2iz                          
2000ea29  TimerConfigure                        
2000ea6d  _SlDrvHandleHttpServerEvents          
2000eab1  _SlDrvSyncObjWaitTimeout              
2000eaf5  __TI_auto_init_nobinit_nopinit        
2000eb7d  sl_Htonl                              
2000ebc1  PinModeSet                            
2000ec01  _SlDrvHandleNetAppEvents              
2000ec41  _SlDrvHandleWlanEvents                
2000ecc1  sprintf                               
2000ed01  vsnprintf                             
2000ed41  NwpRegisterInterruptHandler           
2000edf9  PRCMPeripheralClkEnable               
2000ee35  simplelink_timerA2_start              
2000ee71  sl_Htons                              
2000eead  uDMAChannelControlSet                 
2000eee9  NwpPowerOff                           
2000ef21  __TI_writemsg                         
2000ef4f  C$$IO$$                               
2000ef59  sl_WlanDisconnect                     
2000ef91  GPIODirModeSet                        
2000efc9  PRCMPeripheralStatusGet               
2000effd  SPIFIFOLevelSet                       
2000f031  __TI_readmsg                          
2000f065  _c_int00_noargs                       
2000f099  PinTypeGPIO                           
2000f0c9  UARTDisable                           
2000f159  __aeabi_i2d                           
2000f187  I2CMasterErr                          
2000f1b5  NwpPowerOn                            
2000f1e1  PRCMSysResetCauseGet                  
2000f239  _SlDrvProtectionObjLockWaitForever    
2000f265  TimerLoadSet                          
2000f28f  TimerPrescaleSet                      
2000f2b9  PRCMPeripheralClkDisable              
2000f2e1  _SlDrvGlobalObjUnLock                 
2000f309  _SlDrvProtectionObjUnLock             
2000f331  _SlDrvSyncObjWaitForever              
2000f381  memmove                               
2000f3a9  _SlDrvObjLockWaitForever              
2000f3cf  sl_Provisioning_HttpServerEventHdl    
2000f3dd  sl_Provisioning_NetAppEventHdl        
2000f3e9  sl_Provisioning_WlanEventHdl          
2000f3f5  DmaSpiSwIntHandler                    
2000f419  IntUnregister                         
2000f43d  UARTEnable                            
2000f461  I2CMasterSlaveAddrSet                 
2000f483  SPIReset                              
2000f4a5  SPIWordCountSet                       
2000f4c7  GPIOPinWrite                          
2000f4e9  IntRegister                           
2000f509  NwpPrePowerOffTimout0                 
2000f529  SPIDataGet                            
2000f549  TimerGetCurrentTimestamp              
2000f569  _SlDrvObjUnLock                       
2000f589  _SlDrvSyncObjSignal                   
2000f5a9  I2CMasterIntStatusEx                  
2000f5c7  SPIDataPut                            
2000f5e5  TimerEnable                           
2000f603  UARTCharPut                           
2000f63f  PinTypeI2C                            
2000f65b  TimerValueGet                         
2000f677  UARTCharGetNonBlocking                
2000f693  _SlDrvStartMeasureTimeout             
2000f6cd  memccpy                               
2000f6e9  uDMAChannelEnable                     
2000f705  PinTypeSPI                            
2000f71f  PinTypeUART                           
2000f739  SPIDmaDisable                         
2000f753  SPIDmaEnable                          
2000f76d  SPIFIFODisable                        
2000f787  SPIFIFOEnable                         
2000f7a1  SPIIntUnregister                      
2000f7bb  copysign                              
2000f7bb  copysignl                             
2000f7d5  GPIOPinRead                           
2000f7ed  I2CMasterIntEnableEx                  
2000f805  SPICSDisable                          
2000f81d  SPICSEnable                           
2000f835  SPIDisable                            
2000f84d  SPIEnable                             
2000f865  UARTCharsAvail                        
2000f87d  _SlNonOsSemSet                        
2000f8f5  I2CMasterDataPut                      
2000f90b  I2CMasterEnable                       
2000f921  PRCMHIBRegRead                        
2000f937  PRCMHIBRegWrite                       
2000f94d  _SlDrvMemZero                         
2000f963  strchr                                
2000f979  CPUcpsie                              
2000f98d  IntVTableBaseSet                      
2000f9a1  strcpy                                
2000f9b5  strlen                                
2000f9c9  I2CMasterControl                      
2000f9db  I2CMasterIntClearEx                   
2000f9ed  I2CMasterTimeoutSet                   
2000f9ff  wcslen                                
2000fa11  _SlDrvDispatchHttpServerEvents        
2000fa21  I2CMasterDataGet                      
2000fa2f  _SlDrvResetCmdExt                     
2000fa3d  __time32                              
2000fa3d  time                                  
2000fa4b  __TI_decompress_none                  
2000fa59  ResetISR                              
2000fa69  NwpMaskInterrupt                      
2000fa75  NwpUnMaskInterrupt                    
2000fa81  __TI_zero_init                        
2000fa8d  IntMasterEnable                       
2000faa1  __aeabi_errno_addr                    
2000faa9  malloc                                
2000fab1  UtilsDelay                            
2000fab7  _system_pre_init                      
2000fabb  C$$EXIT                               
2000fabb  abort                                 
2000ffbb  _ctypes_                              
20010338  OpcodeTranslateTable                  
20010374  _SlActionLookupTable                  
2001058a  _SlNetAppSendTokenValueCmdCtrl        
200105d0  __TI_static_base__                    
20010648  __TI_Handler_Table_Base               
20010654  __TI_Handler_Table_Limit              
20010660  __TI_CINIT_Base                       
20010670  __TI_CINIT_Limit                      
20017000  __start___llvm_prf_cnts               
20017000  __stop___llvm_prf_cnts                
20017000  _sys_memory                           
2001f000  globalacRecvbuff                      
2001f71c  __CIOBUF_                             
2001f83c  g_ucDinDout                           
2001f88c  g_time                                
2001f8b8  g_ucConnectionSSID                    
2001f8dc  g_ucConnectionBSSID                   
2001f8e4  parmbuf                               
2001f8f0  endTime                               
2001f8f4  leftPaddle1                           
2001f8f8  leftPaddle2                           
2001f8fc  rightPaddle1                          
2001f900  rightPaddle2                          
2001f904  startTime                             
2001f908  RxIrqCnt                              
2001f909  g_bDeviceRestartIsRequired            
2001f90a  g_cDummy                              
2001f90c  g_ulStatus                            
2001f910  g_ulPingPacketsRecv                   
2001f914  g_ulGatewayIP                         
2001f918  g_Host                                
2001f91c  lRetVal                               
2001f920  playTime                              
2001f924  maxRally                              
2001f928  currentRally                          
2001f92c  mode                                  
2001f930  level                                 
2001f934  ballSize                              
2001f938  ballColor                             
2001f93c  ballColorCycle                        
2001f940  ballspdVector                         
2001f944  ballhsp                               
2001f948  ballvsp                               
2001f94c  speedMag                              
2001f950  ballX                                 
2001f954  ballY                                 
2001f958  plyHeight                             
2001f95c  plyLength                             
2001f960  plyX                                  
2001f964  plyY                                  
2001f968  plyColor                              
2001f96c  cpuFollowCount                        
2001f970  cpuFollowOffCount                     
2001f974  cpuSlow                               
2001f978  cpuX                                  
2001f97c  cpuY                                  
2001f980  cpuColor                              
2001f984  speedScale                            
2001f988  cpuLevelScale                         
2001f98c  wall                                  
2001f990  nextStep                              
2001f994  wallColor                             
2001f998  backgroundColor                       
2001f99c  gameOver                              
2001f9a0  endTurn                               
2001f9a4  winCount                              
2001f9a8  loseCount                             
2001f9ac  g__SlNonOsCB                          
2001f9e8  cursor_x                              
2001f9ec  cursor_y                              
2001f9f0  textsize                              
2001f9f4  textcolor                             
2001f9f8  textbgcolor                           
2001f9fc  wrap                                  
2001fa00  g_SlDeviceStatus                      
2001fa04  g_pCB                                 
2001fa08  pPingCallBackFunc                     
2001fa10  g_SpiFd                               
2001fa14  g_pHostIntHdl                         
2001fa18  g_ucDMAEnabled                        
2001fa1c  _lock                                 
2001fa20  _unlock                               
2001fa2c  errno                                 
2002f000  __stack                               
20030000  __STACK_END                           
ffffffff  __TI_pprof_out_hndl                   
ffffffff  __TI_prof_data_size                   
ffffffff  __TI_prof_data_start                  
ffffffff  __binit__                             
ffffffff  __c_args__                            
ffffffff  binit                                 
UNDEFED   __mpu_init                            
UNDEFED   _system_post_cinit                    

[384 symbols]
