<?xml version="1.0" encoding="ISO-8859-1" ?>
<link_info>
   <banner>TI ARM Linker PC v20.2.2.LTS</banner>
   <copyright>Copyright (c) 1996-2018 Texas Instruments Incorporated</copyright>
   <link_time>0x609c9a4b</link_time>
   <link_errors>0x0</link_errors>
   <output_file>Lab4_EthanDeLeon.out</output_file>
   <entry_point>
      <name>_c_int00_noargs</name>
      <address>0x2000d70d</address>
   </entry_point>
   <input_file_list>
      <input_file id="fl-2">
         <path>.\</path>
         <kind>object</kind>
         <file>Adafruit_GFX.obj</file>
         <name>Adafruit_GFX.obj</name>
      </input_file>
      <input_file id="fl-3">
         <path>.\</path>
         <kind>object</kind>
         <file>Adafruit_OLED.obj</file>
         <name>Adafruit_OLED.obj</name>
      </input_file>
      <input_file id="fl-4">
         <path>.\</path>
         <kind>object</kind>
         <file>gpio_if.obj</file>
         <name>gpio_if.obj</name>
      </input_file>
      <input_file id="fl-5">
         <path>.\</path>
         <kind>object</kind>
         <file>i2c_if.obj</file>
         <name>i2c_if.obj</name>
      </input_file>
      <input_file id="fl-6">
         <path>.\</path>
         <kind>object</kind>
         <file>main.obj</file>
         <name>main.obj</name>
      </input_file>
      <input_file id="fl-7">
         <path>.\</path>
         <kind>object</kind>
         <file>network_common.obj</file>
         <name>network_common.obj</name>
      </input_file>
      <input_file id="fl-8">
         <path>.\</path>
         <kind>object</kind>
         <file>pin_mux_config.obj</file>
         <name>pin_mux_config.obj</name>
      </input_file>
      <input_file id="fl-9">
         <path>.\</path>
         <kind>object</kind>
         <file>startup_ccs.obj</file>
         <name>startup_ccs.obj</name>
      </input_file>
      <input_file id="fl-a">
         <path>.\</path>
         <kind>object</kind>
         <file>uart_if.obj</file>
         <name>uart_if.obj</name>
      </input_file>
      <input_file id="fl-10">
         <kind>object</kind>
         <file>&lt;internal&gt;</file>
         <name>&lt;internal&gt;</name>
      </input_file>
      <input_file id="fl-c6">
         <path>C:\ti\ccs1020\ccs\tools\compiler\ti-cgt-arm_20.2.2.LTS\lib\</path>
         <kind>archive</kind>
         <file>rtsv7M4_T_le_v4SPD16_eabi.lib</file>
         <name>sprintf.c.obj</name>
      </input_file>
      <input_file id="fl-c7">
         <path>C:\ti\ccs1020\ccs\tools\compiler\ti-cgt-arm_20.2.2.LTS\lib\</path>
         <kind>archive</kind>
         <file>rtsv7M4_T_le_v4SPD16_eabi.lib</file>
         <name>vsnprintf.c.obj</name>
      </input_file>
      <input_file id="fl-c8">
         <path>C:\ti\ccs1020\ccs\tools\compiler\ti-cgt-arm_20.2.2.LTS\lib\</path>
         <kind>archive</kind>
         <file>rtsv7M4_T_le_v4SPD16_eabi.lib</file>
         <name>memcpy_t2.asm.obj</name>
      </input_file>
      <input_file id="fl-c9">
         <path>C:\ti\ccs1020\ccs\tools\compiler\ti-cgt-arm_20.2.2.LTS\lib\</path>
         <kind>archive</kind>
         <file>rtsv7M4_T_le_v4SPD16_eabi.lib</file>
         <name>memset_t2.asm.obj</name>
      </input_file>
      <input_file id="fl-ca">
         <path>C:\ti\ccs1020\ccs\tools\compiler\ti-cgt-arm_20.2.2.LTS\lib\</path>
         <kind>archive</kind>
         <file>rtsv7M4_T_le_v4SPD16_eabi.lib</file>
         <name>copy_zero_init.c.obj</name>
      </input_file>
      <input_file id="fl-cb">
         <path>C:\ti\ccs1020\ccs\tools\compiler\ti-cgt-arm_20.2.2.LTS\lib\</path>
         <kind>archive</kind>
         <file>rtsv7M4_T_le_v4SPD16_eabi.lib</file>
         <name>copy_decompress_none.c.obj</name>
      </input_file>
      <input_file id="fl-cc">
         <path>C:\ti\ccs1020\ccs\tools\compiler\ti-cgt-arm_20.2.2.LTS\lib\</path>
         <kind>archive</kind>
         <file>rtsv7M4_T_le_v4SPD16_eabi.lib</file>
         <name>copy_decompress_lzss.c.obj</name>
      </input_file>
      <input_file id="fl-cd">
         <path>C:\ti\ccs1020\ccs\tools\compiler\ti-cgt-arm_20.2.2.LTS\lib\</path>
         <kind>archive</kind>
         <file>rtsv7M4_T_le_v4SPD16_eabi.lib</file>
         <name>memmov.c.obj</name>
      </input_file>
      <input_file id="fl-ce">
         <path>C:\ti\ccs1020\ccs\tools\compiler\ti-cgt-arm_20.2.2.LTS\lib\</path>
         <kind>archive</kind>
         <file>rtsv7M4_T_le_v4SPD16_eabi.lib</file>
         <name>memory.c.obj</name>
      </input_file>
      <input_file id="fl-cf">
         <path>C:\ti\ccs1020\ccs\tools\compiler\ti-cgt-arm_20.2.2.LTS\lib\</path>
         <kind>archive</kind>
         <file>rtsv7M4_T_le_v4SPD16_eabi.lib</file>
         <name>strcpy.c.obj</name>
      </input_file>
      <input_file id="fl-d0">
         <path>C:\ti\ccs1020\ccs\tools\compiler\ti-cgt-arm_20.2.2.LTS\lib\</path>
         <kind>archive</kind>
         <file>rtsv7M4_T_le_v4SPD16_eabi.lib</file>
         <name>strlen.c.obj</name>
      </input_file>
      <input_file id="fl-d1">
         <path>C:\ti\ccs1020\ccs\tools\compiler\ti-cgt-arm_20.2.2.LTS\lib\</path>
         <kind>archive</kind>
         <file>rtsv7M4_T_le_v4SPD16_eabi.lib</file>
         <name>boot_cortex_m.c.obj</name>
      </input_file>
      <input_file id="fl-d2">
         <path>C:\ti\ccs1020\ccs\tools\compiler\ti-cgt-arm_20.2.2.LTS\lib\</path>
         <kind>archive</kind>
         <file>rtsv7M4_T_le_v4SPD16_eabi.lib</file>
         <name>_printfi.c.obj</name>
      </input_file>
      <input_file id="fl-d3">
         <path>C:\ti\ccs1020\ccs\tools\compiler\ti-cgt-arm_20.2.2.LTS\lib\</path>
         <kind>archive</kind>
         <file>rtsv7M4_T_le_v4SPD16_eabi.lib</file>
         <name>fd_add_t2.asm.obj</name>
      </input_file>
      <input_file id="fl-d4">
         <path>C:\ti\ccs1020\ccs\tools\compiler\ti-cgt-arm_20.2.2.LTS\lib\</path>
         <kind>archive</kind>
         <file>rtsv7M4_T_le_v4SPD16_eabi.lib</file>
         <name>fd_cmp_t2.asm.obj</name>
      </input_file>
      <input_file id="fl-d5">
         <path>C:\ti\ccs1020\ccs\tools\compiler\ti-cgt-arm_20.2.2.LTS\lib\</path>
         <kind>archive</kind>
         <file>rtsv7M4_T_le_v4SPD16_eabi.lib</file>
         <name>fd_div_t2.asm.obj</name>
      </input_file>
      <input_file id="fl-d6">
         <path>C:\ti\ccs1020\ccs\tools\compiler\ti-cgt-arm_20.2.2.LTS\lib\</path>
         <kind>archive</kind>
         <file>rtsv7M4_T_le_v4SPD16_eabi.lib</file>
         <name>fd_mul_t2.asm.obj</name>
      </input_file>
      <input_file id="fl-d7">
         <path>C:\ti\ccs1020\ccs\tools\compiler\ti-cgt-arm_20.2.2.LTS\lib\</path>
         <kind>archive</kind>
         <file>rtsv7M4_T_le_v4SPD16_eabi.lib</file>
         <name>fd_toi_t2.asm.obj</name>
      </input_file>
      <input_file id="fl-d8">
         <path>C:\ti\ccs1020\ccs\tools\compiler\ti-cgt-arm_20.2.2.LTS\lib\</path>
         <kind>archive</kind>
         <file>rtsv7M4_T_le_v4SPD16_eabi.lib</file>
         <name>i_tofd_t2.asm.obj</name>
      </input_file>
      <input_file id="fl-d9">
         <path>C:\ti\ccs1020\ccs\tools\compiler\ti-cgt-arm_20.2.2.LTS\lib\</path>
         <kind>archive</kind>
         <file>rtsv7M4_T_le_v4SPD16_eabi.lib</file>
         <name>ull_div_t2.asm.obj</name>
      </input_file>
      <input_file id="fl-da">
         <path>C:\ti\ccs1020\ccs\tools\compiler\ti-cgt-arm_20.2.2.LTS\lib\</path>
         <kind>archive</kind>
         <file>rtsv7M4_T_le_v4SPD16_eabi.lib</file>
         <name>autoinit.c.obj</name>
      </input_file>
      <input_file id="fl-db">
         <path>C:\ti\ccs1020\ccs\tools\compiler\ti-cgt-arm_20.2.2.LTS\lib\</path>
         <kind>archive</kind>
         <file>rtsv7M4_T_le_v4SPD16_eabi.lib</file>
         <name>pre_init.c.obj</name>
      </input_file>
      <input_file id="fl-dc">
         <path>C:\ti\ccs1020\ccs\tools\compiler\ti-cgt-arm_20.2.2.LTS\lib\</path>
         <kind>archive</kind>
         <file>rtsv7M4_T_le_v4SPD16_eabi.lib</file>
         <name>cpy_tbl.c.obj</name>
      </input_file>
      <input_file id="fl-dd">
         <path>C:\ti\ccs1020\ccs\tools\compiler\ti-cgt-arm_20.2.2.LTS\lib\</path>
         <kind>archive</kind>
         <file>rtsv7M4_T_le_v4SPD16_eabi.lib</file>
         <name>exit.c.obj</name>
      </input_file>
      <input_file id="fl-de">
         <path>C:\ti\ccs1020\ccs\tools\compiler\ti-cgt-arm_20.2.2.LTS\lib\</path>
         <kind>archive</kind>
         <file>rtsv7M4_T_le_v4SPD16_eabi.lib</file>
         <name>_lock.c.obj</name>
      </input_file>
      <input_file id="fl-df">
         <path>C:\ti\ccs1020\ccs\tools\compiler\ti-cgt-arm_20.2.2.LTS\lib\</path>
         <kind>archive</kind>
         <file>rtsv7M4_T_le_v4SPD16_eabi.lib</file>
         <name>_ltoa.c.obj</name>
      </input_file>
      <input_file id="fl-e0">
         <path>C:\ti\ccs1020\ccs\tools\compiler\ti-cgt-arm_20.2.2.LTS\lib\</path>
         <kind>archive</kind>
         <file>rtsv7M4_T_le_v4SPD16_eabi.lib</file>
         <name>args_main.c.obj</name>
      </input_file>
      <input_file id="fl-e1">
         <path>C:\ti\ccs1020\ccs\tools\compiler\ti-cgt-arm_20.2.2.LTS\lib\</path>
         <kind>archive</kind>
         <file>rtsv7M4_T_le_v4SPD16_eabi.lib</file>
         <name>atoi.c.obj</name>
      </input_file>
      <input_file id="fl-e2">
         <path>C:\ti\ccs1020\ccs\tools\compiler\ti-cgt-arm_20.2.2.LTS\lib\</path>
         <kind>archive</kind>
         <file>rtsv7M4_T_le_v4SPD16_eabi.lib</file>
         <name>ctype.c.obj</name>
      </input_file>
      <input_file id="fl-e3">
         <path>C:\ti\ccs1020\ccs\tools\compiler\ti-cgt-arm_20.2.2.LTS\lib\</path>
         <kind>archive</kind>
         <file>rtsv7M4_T_le_v4SPD16_eabi.lib</file>
         <name>memccpy.c.obj</name>
      </input_file>
      <input_file id="fl-e4">
         <path>C:\ti\ccs1020\ccs\tools\compiler\ti-cgt-arm_20.2.2.LTS\lib\</path>
         <kind>archive</kind>
         <file>rtsv7M4_T_le_v4SPD16_eabi.lib</file>
         <name>strchr.c.obj</name>
      </input_file>
      <input_file id="fl-e5">
         <path>C:\ti\ccs1020\ccs\tools\compiler\ti-cgt-arm_20.2.2.LTS\lib\</path>
         <kind>archive</kind>
         <file>rtsv7M4_T_le_v4SPD16_eabi.lib</file>
         <name>errno.c.obj</name>
      </input_file>
      <input_file id="fl-e6">
         <path>C:\ti\ccs1020\ccs\tools\compiler\ti-cgt-arm_20.2.2.LTS\lib\</path>
         <kind>archive</kind>
         <file>rtsv7M4_T_le_v4SPD16_eabi.lib</file>
         <name>s_frexp.c.obj</name>
      </input_file>
      <input_file id="fl-e7">
         <path>C:\ti\ccs1020\ccs\tools\compiler\ti-cgt-arm_20.2.2.LTS\lib\</path>
         <kind>archive</kind>
         <file>rtsv7M4_T_le_v4SPD16_eabi.lib</file>
         <name>s_scalbn.c.obj</name>
      </input_file>
      <input_file id="fl-e8">
         <path>C:\ti\ccs1020\ccs\tools\compiler\ti-cgt-arm_20.2.2.LTS\lib\</path>
         <kind>archive</kind>
         <file>rtsv7M4_T_le_v4SPD16_eabi.lib</file>
         <name>wcslen.c.obj</name>
      </input_file>
      <input_file id="fl-e9">
         <path>C:\ti\ccs1020\ccs\tools\compiler\ti-cgt-arm_20.2.2.LTS\lib\</path>
         <kind>archive</kind>
         <file>rtsv7M4_T_le_v4SPD16_eabi.lib</file>
         <name>s_copysign.c.obj</name>
      </input_file>
      <input_file id="fl-ea">
         <path>C:\ti\ccs1020\ccs\tools\compiler\ti-cgt-arm_20.2.2.LTS\lib\</path>
         <kind>archive</kind>
         <file>rtsv7M4_T_le_v4SPD16_eabi.lib</file>
         <name>div0.asm.obj</name>
      </input_file>
      <input_file id="fl-eb">
         <path>C:\ti\CC3200SDK_1.5.0\cc3200-sdk\driverlib\ccs\Release\</path>
         <kind>archive</kind>
         <file>driverlib.a</file>
         <name>gpio.obj</name>
      </input_file>
      <input_file id="fl-ec">
         <path>C:\ti\CC3200SDK_1.5.0\cc3200-sdk\driverlib\ccs\Release\</path>
         <kind>archive</kind>
         <file>driverlib.a</file>
         <name>i2c.obj</name>
      </input_file>
      <input_file id="fl-ed">
         <path>C:\ti\CC3200SDK_1.5.0\cc3200-sdk\driverlib\ccs\Release\</path>
         <kind>archive</kind>
         <file>driverlib.a</file>
         <name>interrupt.obj</name>
      </input_file>
      <input_file id="fl-ee">
         <path>C:\ti\CC3200SDK_1.5.0\cc3200-sdk\driverlib\ccs\Release\</path>
         <kind>archive</kind>
         <file>driverlib.a</file>
         <name>pin.obj</name>
      </input_file>
      <input_file id="fl-ef">
         <path>C:\ti\CC3200SDK_1.5.0\cc3200-sdk\driverlib\ccs\Release\</path>
         <kind>archive</kind>
         <file>driverlib.a</file>
         <name>prcm.obj</name>
      </input_file>
      <input_file id="fl-f0">
         <path>C:\ti\CC3200SDK_1.5.0\cc3200-sdk\driverlib\ccs\Release\</path>
         <kind>archive</kind>
         <file>driverlib.a</file>
         <name>spi.obj</name>
      </input_file>
      <input_file id="fl-f1">
         <path>C:\ti\CC3200SDK_1.5.0\cc3200-sdk\driverlib\ccs\Release\</path>
         <kind>archive</kind>
         <file>driverlib.a</file>
         <name>uart.obj</name>
      </input_file>
      <input_file id="fl-f2">
         <path>C:\ti\CC3200SDK_1.5.0\cc3200-sdk\driverlib\ccs\Release\</path>
         <kind>archive</kind>
         <file>driverlib.a</file>
         <name>utils.obj</name>
      </input_file>
      <input_file id="fl-f3">
         <path>C:\ti\CC3200SDK_1.5.0\cc3200-sdk\driverlib\ccs\Release\</path>
         <kind>archive</kind>
         <file>driverlib.a</file>
         <name>cpu.obj</name>
      </input_file>
      <input_file id="fl-f4">
         <path>C:\ti\CC3200SDK_1.5.0\cc3200-sdk\driverlib\ccs\Release\</path>
         <kind>archive</kind>
         <file>driverlib.a</file>
         <name>flash.obj</name>
      </input_file>
      <input_file id="fl-f5">
         <path>C:\ti\CC3200SDK_1.5.0\cc3200-sdk\simplelink\ccs\NON_OS\</path>
         <kind>archive</kind>
         <file>simplelink.a</file>
         <name>device.obj</name>
      </input_file>
      <input_file id="fl-f6">
         <path>C:\ti\CC3200SDK_1.5.0\cc3200-sdk\simplelink\ccs\NON_OS\</path>
         <kind>archive</kind>
         <file>simplelink.a</file>
         <name>driver.obj</name>
      </input_file>
      <input_file id="fl-f7">
         <path>C:\ti\CC3200SDK_1.5.0\cc3200-sdk\simplelink\ccs\NON_OS\</path>
         <kind>archive</kind>
         <file>simplelink.a</file>
         <name>netapp.obj</name>
      </input_file>
      <input_file id="fl-f8">
         <path>C:\ti\CC3200SDK_1.5.0\cc3200-sdk\simplelink\ccs\NON_OS\</path>
         <kind>archive</kind>
         <file>simplelink.a</file>
         <name>netcfg.obj</name>
      </input_file>
      <input_file id="fl-f9">
         <path>C:\ti\CC3200SDK_1.5.0\cc3200-sdk\simplelink\ccs\NON_OS\</path>
         <kind>archive</kind>
         <file>simplelink.a</file>
         <name>nonos.obj</name>
      </input_file>
      <input_file id="fl-fa">
         <path>C:\ti\CC3200SDK_1.5.0\cc3200-sdk\simplelink\ccs\NON_OS\</path>
         <kind>archive</kind>
         <file>simplelink.a</file>
         <name>socket.obj</name>
      </input_file>
      <input_file id="fl-fb">
         <path>C:\ti\CC3200SDK_1.5.0\cc3200-sdk\simplelink\ccs\NON_OS\</path>
         <kind>archive</kind>
         <file>simplelink.a</file>
         <name>wlan.obj</name>
      </input_file>
      <input_file id="fl-fc">
         <path>C:\ti\CC3200SDK_1.5.0\cc3200-sdk\simplelink\ccs\NON_OS\</path>
         <kind>archive</kind>
         <file>simplelink.a</file>
         <name>cc_pal.obj</name>
      </input_file>
      <input_file id="fl-fd">
         <path>C:\ti\CC3200SDK_1.5.0\cc3200-sdk\driverlib\ccs\Release\</path>
         <kind>archive</kind>
         <file>driverlib.a</file>
         <name>timer.obj</name>
      </input_file>
      <input_file id="fl-fe">
         <path>C:\ti\CC3200SDK_1.5.0\cc3200-sdk\driverlib\ccs\Release\</path>
         <kind>archive</kind>
         <file>driverlib.a</file>
         <name>udma.obj</name>
      </input_file>
   </input_file_list>
   <object_component_list>
      <object_component id="oc-12">
         <name>.intvecs</name>
         <load_address>0x20004000</load_address>
         <run_address>0x20004000</run_address>
         <size>0x400</size>
         <input_file_ref idref="fl-9"/>
      </object_component>
      <object_component id="oc-97">
         <name>.text</name>
         <load_address>0x20004400</load_address>
         <run_address>0x20004400</run_address>
         <size>0x1514</size>
         <input_file_ref idref="fl-6"/>
      </object_component>
      <object_component id="oc-17d">
         <name>.text</name>
         <load_address>0x20005914</load_address>
         <run_address>0x20005914</run_address>
         <size>0xa80</size>
         <input_file_ref idref="fl-2"/>
      </object_component>
      <object_component id="oc-45c">
         <name>.text:__TI_printfi</name>
         <load_address>0x20006394</load_address>
         <run_address>0x20006394</run_address>
         <size>0xa4e</size>
         <input_file_ref idref="fl-d2"/>
      </object_component>
      <object_component id="oc-734">
         <name>.text:IntDefaultHandler</name>
         <load_address>0x20006de2</load_address>
         <run_address>0x20006de2</run_address>
         <size>0x2</size>
         <input_file_ref idref="fl-ed"/>
      </object_component>
      <object_component id="oc-746">
         <name>.text:_SlDrvMsgRead</name>
         <load_address>0x20006de4</load_address>
         <run_address>0x20006de4</run_address>
         <size>0x590</size>
         <input_file_ref idref="fl-f6"/>
      </object_component>
      <object_component id="oc-1b3">
         <name>.text</name>
         <load_address>0x20007374</load_address>
         <run_address>0x20007374</run_address>
         <size>0x47a</size>
         <input_file_ref idref="fl-3"/>
      </object_component>
      <object_component id="oc-6be">
         <name>.text:_nop</name>
         <load_address>0x200077ee</load_address>
         <run_address>0x200077ee</run_address>
         <size>0x2</size>
         <input_file_ref idref="fl-de"/>
      </object_component>
      <object_component id="oc-176">
         <name>.text</name>
         <load_address>0x200077f0</load_address>
         <run_address>0x200077f0</run_address>
         <size>0x2b4</size>
         <input_file_ref idref="fl-5"/>
      </object_component>
      <object_component id="oc-13f">
         <name>.text:sl_WlanConnect</name>
         <load_address>0x20007aa4</load_address>
         <run_address>0x20007aa4</run_address>
         <size>0x280</size>
         <input_file_ref idref="fl-fb"/>
      </object_component>
      <object_component id="oc-c5">
         <name>.text</name>
         <load_address>0x20007d24</load_address>
         <run_address>0x20007d24</run_address>
         <size>0x27c</size>
         <input_file_ref idref="fl-a"/>
      </object_component>
      <object_component id="oc-67c">
         <name>.text:_pconv_a</name>
         <load_address>0x20007fa0</load_address>
         <run_address>0x20007fa0</run_address>
         <size>0x270</size>
         <input_file_ref idref="fl-d2"/>
      </object_component>
      <object_component id="oc-81d">
         <name>.text:_SlDrvRxHdrRead</name>
         <load_address>0x20008210</load_address>
         <run_address>0x20008210</run_address>
         <size>0x248</size>
         <input_file_ref idref="fl-f6"/>
      </object_component>
      <object_component id="oc-484">
         <name>.text:_SlDrvDataReadOp</name>
         <load_address>0x20008458</load_address>
         <run_address>0x20008458</run_address>
         <size>0x1e4</size>
         <input_file_ref idref="fl-f6"/>
      </object_component>
      <object_component id="oc-2bb">
         <name>.text:_SlDrvReleasePoolObj</name>
         <load_address>0x2000863c</load_address>
         <run_address>0x2000863c</run_address>
         <size>0x1d0</size>
         <input_file_ref idref="fl-f6"/>
      </object_component>
      <object_component id="oc-66a">
         <name>.text:_pconv_g</name>
         <load_address>0x2000880c</load_address>
         <run_address>0x2000880c</run_address>
         <size>0x1d0</size>
         <input_file_ref idref="fl-d2"/>
      </object_component>
      <object_component id="oc-7a3">
         <name>.text</name>
         <load_address>0x200089dc</load_address>
         <run_address>0x200089dc</run_address>
         <size>0x1b6</size>
         <input_file_ref idref="fl-d3"/>
      </object_component>
      <object_component id="oc-85b">
         <name>.text</name>
         <load_address>0x20008b92</load_address>
         <run_address>0x20008b92</run_address>
         <size>0x2</size>
         <input_file_ref idref="fl-ea"/>
      </object_component>
      <object_component id="oc-291">
         <name>.text:_SlDrvDriverCBInit</name>
         <load_address>0x20008b94</load_address>
         <run_address>0x20008b94</run_address>
         <size>0x1b4</size>
         <input_file_ref idref="fl-f6"/>
      </object_component>
      <object_component id="oc-5bf">
         <name>.text:_SlDrvMsgWrite</name>
         <load_address>0x20008d48</load_address>
         <run_address>0x20008d48</run_address>
         <size>0x19c</size>
         <input_file_ref idref="fl-f6"/>
      </object_component>
      <object_component id="oc-382">
         <name>.text:_SlDrvWaitForPoolObj</name>
         <load_address>0x20008ee4</load_address>
         <run_address>0x20008ee4</run_address>
         <size>0x190</size>
         <input_file_ref idref="fl-f6"/>
      </object_component>
      <object_component id="oc-170">
         <name>.text:sl_Connect</name>
         <load_address>0x20009074</load_address>
         <run_address>0x20009074</run_address>
         <size>0x18c</size>
         <input_file_ref idref="fl-fa"/>
      </object_component>
      <object_component id="oc-133">
         <name>.text:PRCMCC3200MCUInit</name>
         <load_address>0x20009200</load_address>
         <run_address>0x20009200</run_address>
         <size>0x178</size>
         <input_file_ref idref="fl-ef"/>
      </object_component>
      <object_component id="oc-82f">
         <name>.text:_SlFindAndSetActiveObj</name>
         <load_address>0x20009378</load_address>
         <run_address>0x20009378</run_address>
         <size>0x170</size>
         <input_file_ref idref="fl-f6"/>
      </object_component>
      <object_component id="oc-476">
         <name>.text:_SlDrvDataWriteOp</name>
         <load_address>0x200094e8</load_address>
         <run_address>0x200094e8</run_address>
         <size>0x150</size>
         <input_file_ref idref="fl-f6"/>
      </object_component>
      <object_component id="oc-297">
         <name>.text:spi_Open</name>
         <load_address>0x20009638</load_address>
         <run_address>0x20009638</run_address>
         <size>0x148</size>
         <input_file_ref idref="fl-fc"/>
      </object_component>
      <object_component id="oc-5c5">
         <name>.text:_SlDrvMsgReadCmdCtx</name>
         <load_address>0x20009780</load_address>
         <run_address>0x20009780</run_address>
         <size>0x144</size>
         <input_file_ref idref="fl-f6"/>
      </object_component>
      <object_component id="oc-152">
         <name>.text:sl_NetAppDnsGetHostByName</name>
         <load_address>0x200098c4</load_address>
         <run_address>0x200098c4</run_address>
         <size>0x144</size>
         <input_file_ref idref="fl-f7"/>
      </object_component>
      <object_component id="oc-676">
         <name>.text:_pconv_e</name>
         <load_address>0x20009a08</load_address>
         <run_address>0x20009a08</run_address>
         <size>0x13c</size>
         <input_file_ref idref="fl-d2"/>
      </object_component>
      <object_component id="oc-789">
         <name>.text</name>
         <load_address>0x20009b44</load_address>
         <run_address>0x20009b44</run_address>
         <size>0x136</size>
         <input_file_ref idref="fl-d5"/>
      </object_component>
      <object_component id="oc-1c8">
         <name>.text:sl_Send</name>
         <load_address>0x20009c7c</load_address>
         <run_address>0x20009c7c</run_address>
         <size>0x134</size>
         <input_file_ref idref="fl-fa"/>
      </object_component>
      <object_component id="oc-300">
         <name>.text:_SlDrvDriverCBDeinit</name>
         <load_address>0x20009db0</load_address>
         <run_address>0x20009db0</run_address>
         <size>0x130</size>
         <input_file_ref idref="fl-f6"/>
      </object_component>
      <object_component id="oc-7b5">
         <name>.text:fcvt</name>
         <load_address>0x20009ee0</load_address>
         <run_address>0x20009ee0</run_address>
         <size>0x124</size>
         <input_file_ref idref="fl-d2"/>
      </object_component>
      <object_component id="oc-183">
         <name>.text</name>
         <load_address>0x2000a004</load_address>
         <run_address>0x2000a004</run_address>
         <size>0x124</size>
         <input_file_ref idref="fl-8"/>
      </object_component>
      <object_component id="oc-7c9">
         <name>.text:scalbn</name>
         <load_address>0x2000a128</load_address>
         <run_address>0x2000a128</run_address>
         <size>0x110</size>
         <input_file_ref idref="fl-e7"/>
      </object_component>
      <object_component id="oc-8a9">
         <name>.text:_SlDrvNetAppEventHandler</name>
         <load_address>0x2000a238</load_address>
         <run_address>0x2000a238</run_address>
         <size>0x104</size>
         <input_file_ref idref="fl-f7"/>
      </object_component>
      <object_component id="oc-4d8">
         <name>.text:aligned_alloc</name>
         <load_address>0x2000a33c</load_address>
         <run_address>0x2000a33c</run_address>
         <size>0x100</size>
         <input_file_ref idref="fl-ce"/>
      </object_component>
      <object_component id="oc-784">
         <name>.text</name>
         <load_address>0x2000a43c</load_address>
         <run_address>0x2000a43c</run_address>
         <size>0xfc</size>
         <input_file_ref idref="fl-d6"/>
      </object_component>
      <object_component id="oc-e4">
         <name>.text:sl_Stop</name>
         <load_address>0x2000a538</load_address>
         <run_address>0x2000a538</run_address>
         <size>0xf0</size>
         <input_file_ref idref="fl-f5"/>
      </object_component>
      <object_component id="oc-829">
         <name>.text:spi_Read</name>
         <load_address>0x2000a628</load_address>
         <run_address>0x2000a628</run_address>
         <size>0xf0</size>
         <input_file_ref idref="fl-fc"/>
      </object_component>
      <object_component id="oc-966">
         <name>.text:uDMAChannelTransferSet</name>
         <load_address>0x2000a718</load_address>
         <run_address>0x2000a718</run_address>
         <size>0xf0</size>
         <input_file_ref idref="fl-fe"/>
      </object_component>
      <object_component id="oc-d2">
         <name>.text:sl_Start</name>
         <load_address>0x2000a808</load_address>
         <run_address>0x2000a808</run_address>
         <size>0xec</size>
         <input_file_ref idref="fl-f5"/>
      </object_component>
      <object_component id="oc-74c">
         <name>.text:_SlAsyncEventGenericHandler</name>
         <load_address>0x2000a8f4</load_address>
         <run_address>0x2000a8f4</run_address>
         <size>0xe8</size>
         <input_file_ref idref="fl-f6"/>
      </object_component>
      <object_component id="oc-5a6">
         <name>.text:_SlDrvMsgReadSpawnCtx</name>
         <load_address>0x2000a9dc</load_address>
         <run_address>0x2000a9dc</run_address>
         <size>0xe8</size>
         <input_file_ref idref="fl-f6"/>
      </object_component>
      <object_component id="oc-25e">
         <name>.text:free</name>
         <load_address>0x2000aac4</load_address>
         <run_address>0x2000aac4</run_address>
         <size>0xe4</size>
         <input_file_ref idref="fl-ce"/>
      </object_component>
      <object_component id="oc-258">
         <name>.text:realloc</name>
         <load_address>0x2000aba8</load_address>
         <run_address>0x2000aba8</run_address>
         <size>0xe4</size>
         <input_file_ref idref="fl-ce"/>
      </object_component>
      <object_component id="oc-33b">
         <name>.text:sl_NetAppMDNSRegisterUnregisterService</name>
         <load_address>0x2000ac8c</load_address>
         <run_address>0x2000ac8c</run_address>
         <size>0xe4</size>
         <input_file_ref idref="fl-f7"/>
      </object_component>
      <object_component id="oc-823">
         <name>.text:_SlDrvClassifyRxMsg</name>
         <load_address>0x2000ad70</load_address>
         <run_address>0x2000ad70</run_address>
         <size>0xdc</size>
         <input_file_ref idref="fl-f6"/>
      </object_component>
      <object_component id="oc-924">
         <name>.text:_sl_HandleAsync_DnsGetHostByService</name>
         <load_address>0x2000ae4c</load_address>
         <run_address>0x2000ae4c</run_address>
         <size>0xcc</size>
         <input_file_ref idref="fl-f7"/>
      </object_component>
      <object_component id="oc-ea">
         <name>.text:sl_DevGet</name>
         <load_address>0x2000af18</load_address>
         <run_address>0x2000af18</run_address>
         <size>0xcc</size>
         <input_file_ref idref="fl-f5"/>
      </object_component>
      <object_component id="oc-581">
         <name>.text:_SlRemoveFromList</name>
         <load_address>0x2000afe4</load_address>
         <run_address>0x2000afe4</run_address>
         <size>0xc4</size>
         <input_file_ref idref="fl-f6"/>
      </object_component>
      <object_component id="oc-2e4">
         <name>.text:_SlDrvCmdOp</name>
         <load_address>0x2000b0a8</load_address>
         <run_address>0x2000b0a8</run_address>
         <size>0xc0</size>
         <input_file_ref idref="fl-f6"/>
      </object_component>
      <object_component id="oc-65f">
         <name>.text:_ltostr</name>
         <load_address>0x2000b168</load_address>
         <run_address>0x2000b168</run_address>
         <size>0xb1</size>
         <input_file_ref idref="fl-d2"/>
      </object_component>
      <object_component id="oc-504">
         <name>.text:_SlNonOsSemGet</name>
         <load_address>0x2000b21c</load_address>
         <run_address>0x2000b21c</run_address>
         <size>0xb0</size>
         <input_file_ref idref="fl-f9"/>
      </object_component>
      <object_component id="oc-560">
         <name>.text:IntDisable</name>
         <load_address>0x2000b2cc</load_address>
         <run_address>0x2000b2cc</run_address>
         <size>0xa8</size>
         <input_file_ref idref="fl-ed"/>
      </object_component>
      <object_component id="oc-12d">
         <name>.text:IntEnable</name>
         <load_address>0x2000b374</load_address>
         <run_address>0x2000b374</run_address>
         <size>0xa8</size>
         <input_file_ref idref="fl-ed"/>
      </object_component>
      <object_component id="oc-57a">
         <name>.text:_SlDriverHandleError</name>
         <load_address>0x2000b41c</load_address>
         <run_address>0x2000b41c</run_address>
         <size>0xa4</size>
         <input_file_ref idref="fl-f6"/>
      </object_component>
      <object_component id="oc-1a1">
         <name>.text:SPIConfigSetExpClk</name>
         <load_address>0x2000b4c0</load_address>
         <run_address>0x2000b4c0</run_address>
         <size>0xa0</size>
         <input_file_ref idref="fl-f0"/>
      </object_component>
      <object_component id="oc-1d4">
         <name>.text:sl_Recv</name>
         <load_address>0x2000b560</load_address>
         <run_address>0x2000b560</run_address>
         <size>0xa0</size>
         <input_file_ref idref="fl-fa"/>
      </object_component>
      <object_component id="oc-3d">
         <name>.text</name>
         <load_address>0x2000b600</load_address>
         <run_address>0x2000b600</run_address>
         <size>0x9c</size>
         <input_file_ref idref="fl-c8"/>
      </object_component>
      <object_component id="oc-90a">
         <name>.text:_SlDrvDeviceEventHandler</name>
         <load_address>0x2000b69c</load_address>
         <run_address>0x2000b69c</run_address>
         <size>0x9a</size>
         <input_file_ref idref="fl-f5"/>
      </object_component>
      <object_component id="oc-146">
         <name>.text:sl_DevSet</name>
         <load_address>0x2000b738</load_address>
         <run_address>0x2000b738</run_address>
         <size>0x98</size>
         <input_file_ref idref="fl-f5"/>
      </object_component>
      <object_component id="oc-102">
         <name>.text:sl_NetCfgSet</name>
         <load_address>0x2000b7d0</load_address>
         <run_address>0x2000b7d0</run_address>
         <size>0x98</size>
         <input_file_ref idref="fl-f8"/>
      </object_component>
      <object_component id="oc-16a">
         <name>.text:sl_SetSockOpt</name>
         <load_address>0x2000b868</load_address>
         <run_address>0x2000b868</run_address>
         <size>0x98</size>
         <input_file_ref idref="fl-fa"/>
      </object_component>
      <object_component id="oc-108">
         <name>.text:sl_WlanSet</name>
         <load_address>0x2000b900</load_address>
         <run_address>0x2000b900</run_address>
         <size>0x98</size>
         <input_file_ref idref="fl-fb"/>
      </object_component>
      <object_component id="oc-755">
         <name>.text:spi_Write</name>
         <load_address>0x2000b998</load_address>
         <run_address>0x2000b998</run_address>
         <size>0x98</size>
         <input_file_ref idref="fl-fc"/>
      </object_component>
      <object_component id="oc-77d">
         <name>.text</name>
         <load_address>0x2000ba30</load_address>
         <run_address>0x2000ba30</run_address>
         <size>0x96</size>
         <input_file_ref idref="fl-d9"/>
      </object_component>
      <object_component id="oc-19b">
         <name>.text:PRCMPeripheralClockGet</name>
         <load_address>0x2000bac8</load_address>
         <run_address>0x2000bac8</run_address>
         <size>0x94</size>
         <input_file_ref idref="fl-ef"/>
      </object_component>
      <object_component id="oc-91e">
         <name>.text:_sl_HandleAsync_DnsGetHostByName</name>
         <load_address>0x2000bb5c</load_address>
         <run_address>0x2000bb5c</run_address>
         <size>0x90</size>
         <input_file_ref idref="fl-f7"/>
      </object_component>
      <object_component id="oc-8af">
         <name>.text:_sl_HandleAsync_PingResponse</name>
         <load_address>0x2000bbec</load_address>
         <run_address>0x2000bbec</run_address>
         <size>0x90</size>
         <input_file_ref idref="fl-f7"/>
      </object_component>
      <object_component id="oc-f0">
         <name>.text:sl_WlanPolicySet</name>
         <load_address>0x2000bc7c</load_address>
         <run_address>0x2000bc7c</run_address>
         <size>0x90</size>
         <input_file_ref idref="fl-fb"/>
      </object_component>
      <object_component id="oc-8b6">
         <name>.text:SetupDMAReceive</name>
         <load_address>0x2000bd0c</load_address>
         <run_address>0x2000bd0c</run_address>
         <size>0x8c</size>
         <input_file_ref idref="fl-fc"/>
      </object_component>
      <object_component id="oc-83a">
         <name>.text:SetupDMASend</name>
         <load_address>0x2000bd98</load_address>
         <run_address>0x2000bd98</run_address>
         <size>0x8c</size>
         <input_file_ref idref="fl-fc"/>
      </object_component>
      <object_component id="oc-6f5">
         <name>.text:_SlDrvIsTimeoutExpired</name>
         <load_address>0x2000be24</load_address>
         <run_address>0x2000be24</run_address>
         <size>0x8c</size>
         <input_file_ref idref="fl-f6"/>
      </object_component>
      <object_component id="oc-977">
         <name>.text:_sl_HandleAsync_InitComplete</name>
         <load_address>0x2000beb0</load_address>
         <run_address>0x2000beb0</run_address>
         <size>0x8c</size>
         <input_file_ref idref="fl-f5"/>
      </object_component>
      <object_component id="oc-164">
         <name>.text:sl_Socket</name>
         <load_address>0x2000bf3c</load_address>
         <run_address>0x2000bf3c</run_address>
         <size>0x8c</size>
         <input_file_ref idref="fl-fa"/>
      </object_component>
      <object_component id="oc-63c">
         <name>.text:PinConfigSet</name>
         <load_address>0x2000bfc8</load_address>
         <run_address>0x2000bfc8</run_address>
         <size>0x88</size>
         <input_file_ref idref="fl-ee"/>
      </object_component>
      <object_component id="oc-665">
         <name>.text:__aeabi_cdcmple</name>
         <load_address>0x2000c050</load_address>
         <run_address>0x2000c050</run_address>
         <size>0x86</size>
         <input_file_ref idref="fl-d4"/>
      </object_component>
      <object_component id="oc-78e">
         <name>.text:__aeabi_cdrcmple</name>
         <load_address>0x2000c0d6</load_address>
         <run_address>0x2000c0d6</run_address>
         <size>0x86</size>
         <input_file_ref idref="fl-d4"/>
      </object_component>
      <object_component id="oc-3f9">
         <name>.text:I2CMasterInitExpClk</name>
         <load_address>0x2000c15c</load_address>
         <run_address>0x2000c15c</run_address>
         <size>0x84</size>
         <input_file_ref idref="fl-ec"/>
      </object_component>
      <object_component id="oc-11a">
         <name>.text:sl_WlanRxFilterSet</name>
         <load_address>0x2000c1e0</load_address>
         <run_address>0x2000c1e0</run_address>
         <size>0x84</size>
         <input_file_ref idref="fl-fb"/>
      </object_component>
      <object_component id="oc-946">
         <name>.text:_sl_HandleAsync_Connect</name>
         <load_address>0x2000c264</load_address>
         <run_address>0x2000c264</run_address>
         <size>0x80</size>
         <input_file_ref idref="fl-fa"/>
      </object_component>
      <object_component id="oc-8bc">
         <name>.text:spi_Read_CPU</name>
         <load_address>0x2000c2e4</load_address>
         <run_address>0x2000c2e4</run_address>
         <size>0x80</size>
         <input_file_ref idref="fl-fc"/>
      </object_component>
      <object_component id="oc-846">
         <name>.text:spi_Write_CPU</name>
         <load_address>0x2000c364</load_address>
         <run_address>0x2000c364</run_address>
         <size>0x80</size>
         <input_file_ref idref="fl-fc"/>
      </object_component>
      <object_component id="oc-8b">
         <name>.text</name>
         <load_address>0x2000c3e4</load_address>
         <run_address>0x2000c3e4</run_address>
         <size>0x7a</size>
         <input_file_ref idref="fl-c9"/>
      </object_component>
      <object_component id="oc-2fa">
         <name>.text:spi_Close</name>
         <load_address>0x2000c460</load_address>
         <run_address>0x2000c460</run_address>
         <size>0x78</size>
         <input_file_ref idref="fl-fc"/>
      </object_component>
      <object_component id="oc-22e">
         <name>.text:UARTConfigSetExpClk</name>
         <load_address>0x2000c4d8</load_address>
         <run_address>0x2000c4d8</run_address>
         <size>0x76</size>
         <input_file_ref idref="fl-f1"/>
      </object_component>
      <object_component id="oc-d8">
         <name>.text:_SlNonOsMainLoopTask</name>
         <load_address>0x2000c550</load_address>
         <run_address>0x2000c550</run_address>
         <size>0x74</size>
         <input_file_ref idref="fl-f9"/>
      </object_component>
      <object_component id="oc-4e5">
         <name>.text:split</name>
         <load_address>0x2000c5c4</load_address>
         <run_address>0x2000c5c4</run_address>
         <size>0x70</size>
         <input_file_ref idref="fl-ce"/>
      </object_component>
      <object_component id="oc-7ae">
         <name>.text:_mcpy</name>
         <load_address>0x2000c634</load_address>
         <run_address>0x2000c634</run_address>
         <size>0x6e</size>
         <input_file_ref idref="fl-d2"/>
      </object_component>
      <object_component id="oc-98f">
         <name>.text:_SlDrvCmdSend</name>
         <load_address>0x2000c6a4</load_address>
         <run_address>0x2000c6a4</run_address>
         <size>0x6c</size>
         <input_file_ref idref="fl-f6"/>
      </object_component>
      <object_component id="oc-930">
         <name>.text:_sl_NetAppSendTokenValue</name>
         <load_address>0x2000c710</load_address>
         <run_address>0x2000c710</run_address>
         <size>0x6c</size>
         <input_file_ref idref="fl-f7"/>
      </object_component>
      <object_component id="oc-15">
         <name>.text:decompress:lzss:__TI_decompress_lzss</name>
         <load_address>0x2000c77c</load_address>
         <run_address>0x2000c77c</run_address>
         <size>0x68</size>
         <input_file_ref idref="fl-cc"/>
      </object_component>
      <object_component id="oc-5a0">
         <name>.text:_SlNonOsSpawn</name>
         <load_address>0x2000c7e4</load_address>
         <run_address>0x2000c7e4</run_address>
         <size>0x64</size>
         <input_file_ref idref="fl-f9"/>
      </object_component>
      <object_component id="oc-940">
         <name>.text:_sl_HandleAsync_Accept</name>
         <load_address>0x2000c848</load_address>
         <run_address>0x2000c848</run_address>
         <size>0x64</size>
         <input_file_ref idref="fl-fa"/>
      </object_component>
      <object_component id="oc-7c3">
         <name>.text:frexp</name>
         <load_address>0x2000c8ac</load_address>
         <run_address>0x2000c8ac</run_address>
         <size>0x64</size>
         <input_file_ref idref="fl-e6"/>
      </object_component>
      <object_component id="oc-10e">
         <name>.text:sl_NetAppMDNSUnRegisterService</name>
         <load_address>0x2000c910</load_address>
         <run_address>0x2000c910</run_address>
         <size>0x64</size>
         <input_file_ref idref="fl-f7"/>
      </object_component>
      <object_component id="oc-709">
         <name>.text:uDMAChannelAttributeDisable</name>
         <load_address>0x2000c974</load_address>
         <run_address>0x2000c974</run_address>
         <size>0x64</size>
         <input_file_ref idref="fl-fe"/>
      </object_component>
      <object_component id="oc-960">
         <name>.text:uDMAChannelAttributeEnable</name>
         <load_address>0x2000c9d8</load_address>
         <run_address>0x2000c9d8</run_address>
         <size>0x64</size>
         <input_file_ref idref="fl-fe"/>
      </object_component>
      <object_component id="oc-1ce">
         <name>.text:sl_Close</name>
         <load_address>0x2000ca3c</load_address>
         <run_address>0x2000ca3c</run_address>
         <size>0x60</size>
         <input_file_ref idref="fl-fa"/>
      </object_component>
      <object_component id="oc-f6">
         <name>.text:sl_WlanProfileDel</name>
         <load_address>0x2000ca9c</load_address>
         <run_address>0x2000ca9c</run_address>
         <size>0x60</size>
         <input_file_ref idref="fl-fb"/>
      </object_component>
      <object_component id="oc-de">
         <name>.text:sl_WlanSetMode</name>
         <load_address>0x2000cafc</load_address>
         <run_address>0x2000cafc</run_address>
         <size>0x60</size>
         <input_file_ref idref="fl-fb"/>
      </object_component>
      <object_component id="oc-56c">
         <name>.text:IntPendClear</name>
         <load_address>0x2000cb5c</load_address>
         <run_address>0x2000cb5c</run_address>
         <size>0x58</size>
         <input_file_ref idref="fl-ed"/>
      </object_component>
      <object_component id="oc-18f">
         <name>.text:PRCMPeripheralReset</name>
         <load_address>0x2000cbb4</load_address>
         <run_address>0x2000cbb4</run_address>
         <size>0x58</size>
         <input_file_ref idref="fl-ef"/>
      </object_component>
      <object_component id="oc-670">
         <name>.text:_pconv_f</name>
         <load_address>0x2000cc0c</load_address>
         <run_address>0x2000cc0c</run_address>
         <size>0x56</size>
         <input_file_ref idref="fl-d2"/>
      </object_component>
      <object_component id="oc-539">
         <name>.text:IntPrioritySet</name>
         <load_address>0x2000cc64</load_address>
         <run_address>0x2000cc64</run_address>
         <size>0x54</size>
         <input_file_ref idref="fl-ed"/>
      </object_component>
      <object_component id="oc-2cd">
         <name>.text:_SlDrvRxIrqHandler</name>
         <load_address>0x2000ccb8</load_address>
         <run_address>0x2000ccb8</run_address>
         <size>0x54</size>
         <input_file_ref idref="fl-f6"/>
      </object_component>
      <object_component id="oc-798">
         <name>.text:__TI_ltoa</name>
         <load_address>0x2000cd0c</load_address>
         <run_address>0x2000cd0c</run_address>
         <size>0x54</size>
         <input_file_ref idref="fl-df"/>
      </object_component>
      <object_component id="oc-94c">
         <name>.text:_sl_HandleAsync_Select</name>
         <load_address>0x2000cd60</load_address>
         <run_address>0x2000cd60</run_address>
         <size>0x54</size>
         <input_file_ref idref="fl-fa"/>
      </object_component>
      <object_component id="oc-7a8">
         <name>.text:_ecpy</name>
         <load_address>0x2000cdb4</load_address>
         <run_address>0x2000cdb4</run_address>
         <size>0x52</size>
         <input_file_ref idref="fl-d2"/>
      </object_component>
      <object_component id="oc-952">
         <name>.text:_sl_HandleAsync_Stop</name>
         <load_address>0x2000ce08</load_address>
         <run_address>0x2000ce08</run_address>
         <size>0x50</size>
         <input_file_ref idref="fl-f5"/>
      </object_component>
      <object_component id="oc-53f">
         <name>.text:SPIIntEnable</name>
         <load_address>0x2000ce58</load_address>
         <run_address>0x2000ce58</run_address>
         <size>0x4c</size>
         <input_file_ref idref="fl-f0"/>
      </object_component>
      <object_component id="oc-760">
         <name>.text:SPIIntNumberGet</name>
         <load_address>0x2000cea4</load_address>
         <run_address>0x2000cea4</run_address>
         <size>0x4c</size>
         <input_file_ref idref="fl-f0"/>
      </object_component>
      <object_component id="oc-29d">
         <name>.text:_SlDrvProtectAsyncRespSetting</name>
         <load_address>0x2000cef0</load_address>
         <run_address>0x2000cef0</run_address>
         <size>0x4c</size>
         <input_file_ref idref="fl-f6"/>
      </object_component>
      <object_component id="oc-3b3">
         <name>.text:_sl_BuildAddress</name>
         <load_address>0x2000cf3c</load_address>
         <run_address>0x2000cf3c</run_address>
         <size>0x4c</size>
         <input_file_ref idref="fl-fa"/>
      </object_component>
      <object_component id="oc-659">
         <name>.text:atoi</name>
         <load_address>0x2000cf88</load_address>
         <run_address>0x2000cf88</run_address>
         <size>0x4c</size>
         <input_file_ref idref="fl-e1"/>
      </object_component>
      <object_component id="oc-703">
         <name>.text:uDMAChannelAssign</name>
         <load_address>0x2000cfd4</load_address>
         <run_address>0x2000cfd4</run_address>
         <size>0x4c</size>
         <input_file_ref idref="fl-fe"/>
      </object_component>
      <object_component id="oc-728">
         <name>.text:SPIIntClear</name>
         <load_address>0x2000d020</load_address>
         <run_address>0x2000d020</run_address>
         <size>0x48</size>
         <input_file_ref idref="fl-f0"/>
      </object_component>
      <object_component id="oc-326">
         <name>.text:_SlDrvBasicCmd</name>
         <load_address>0x2000d068</load_address>
         <run_address>0x2000d068</run_address>
         <size>0x48</size>
         <input_file_ref idref="fl-f6"/>
      </object_component>
      <object_component id="oc-793">
         <name>.text</name>
         <load_address>0x2000d0b0</load_address>
         <run_address>0x2000d0b0</run_address>
         <size>0x48</size>
         <input_file_ref idref="fl-d7"/>
      </object_component>
      <object_component id="oc-718">
         <name>.text:SPIDmaMaskGet</name>
         <load_address>0x2000d0f8</load_address>
         <run_address>0x2000d0f8</run_address>
         <size>0x44</size>
         <input_file_ref idref="fl-f0"/>
      </object_component>
      <object_component id="oc-8ec">
         <name>.text:TimerConfigure</name>
         <load_address>0x2000d13c</load_address>
         <run_address>0x2000d13c</run_address>
         <size>0x44</size>
         <input_file_ref idref="fl-fd"/>
      </object_component>
      <object_component id="oc-988">
         <name>.text:_SlDrvHandleHttpServerEvents</name>
         <load_address>0x2000d180</load_address>
         <run_address>0x2000d180</run_address>
         <size>0x44</size>
         <input_file_ref idref="fl-f6"/>
      </object_component>
      <object_component id="oc-2b5">
         <name>.text:_SlDrvSyncObjWaitTimeout</name>
         <load_address>0x2000d1c4</load_address>
         <run_address>0x2000d1c4</run_address>
         <size>0x44</size>
         <input_file_ref idref="fl-f6"/>
      </object_component>
      <object_component id="oc-1fc">
         <name>.text:__TI_auto_init_nobinit_nopinit:__TI_auto_init_nobinit_nopinit</name>
         <load_address>0x2000d208</load_address>
         <run_address>0x2000d208</run_address>
         <size>0x44</size>
         <input_file_ref idref="fl-da"/>
      </object_component>
      <object_component id="oc-8c9">
         <name>.text:cc_SetupTransfer</name>
         <load_address>0x2000d24c</load_address>
         <run_address>0x2000d24c</run_address>
         <size>0x44</size>
         <input_file_ref idref="fl-fc"/>
      </object_component>
      <object_component id="oc-15e">
         <name>.text:sl_Htonl</name>
         <load_address>0x2000d290</load_address>
         <run_address>0x2000d290</run_address>
         <size>0x42</size>
         <input_file_ref idref="fl-fa"/>
      </object_component>
      <object_component id="oc-40e">
         <name>.text:PinModeSet</name>
         <load_address>0x2000d2d4</load_address>
         <run_address>0x2000d2d4</run_address>
         <size>0x40</size>
         <input_file_ref idref="fl-ee"/>
      </object_component>
      <object_component id="oc-916">
         <name>.text:_SlDrvHandleNetAppEvents</name>
         <load_address>0x2000d314</load_address>
         <run_address>0x2000d314</run_address>
         <size>0x40</size>
         <input_file_ref idref="fl-f6"/>
      </object_component>
      <object_component id="oc-910">
         <name>.text:_SlDrvHandleWlanEvents</name>
         <load_address>0x2000d354</load_address>
         <run_address>0x2000d354</run_address>
         <size>0x40</size>
         <input_file_ref idref="fl-f6"/>
      </object_component>
      <object_component id="oc-470">
         <name>.text:_sl_TruncatePayloadByProtocol</name>
         <load_address>0x2000d394</load_address>
         <run_address>0x2000d394</run_address>
         <size>0x40</size>
         <input_file_ref idref="fl-fa"/>
      </object_component>
      <object_component id="oc-1c2">
         <name>.text:sprintf</name>
         <load_address>0x2000d3d4</load_address>
         <run_address>0x2000d3d4</run_address>
         <size>0x40</size>
         <input_file_ref idref="fl-c6"/>
      </object_component>
      <object_component id="oc-23a">
         <name>.text:vsnprintf</name>
         <load_address>0x2000d414</load_address>
         <run_address>0x2000d414</run_address>
         <size>0x40</size>
         <input_file_ref idref="fl-c7"/>
      </object_component>
      <object_component id="oc-2a9">
         <name>.text:NwpRegisterInterruptHandler</name>
         <load_address>0x2000d454</load_address>
         <run_address>0x2000d454</run_address>
         <size>0x3e</size>
         <input_file_ref idref="fl-fc"/>
      </object_component>
      <object_component id="oc-7bb">
         <name>.text:_fcpy</name>
         <load_address>0x2000d492</load_address>
         <run_address>0x2000d492</run_address>
         <size>0x3e</size>
         <input_file_ref idref="fl-d2"/>
      </object_component>
      <object_component id="oc-937">
         <name>.text:CopyPingResultsToReport</name>
         <load_address>0x2000d4d0</load_address>
         <run_address>0x2000d4d0</run_address>
         <size>0x3c</size>
         <input_file_ref idref="fl-f7"/>
      </object_component>
      <object_component id="oc-189">
         <name>.text:PRCMPeripheralClkEnable</name>
         <load_address>0x2000d50c</load_address>
         <run_address>0x2000d50c</run_address>
         <size>0x3c</size>
         <input_file_ref idref="fl-ef"/>
      </object_component>
      <object_component id="oc-890">
         <name>.text:simplelink_timerA2_start</name>
         <load_address>0x2000d548</load_address>
         <run_address>0x2000d548</run_address>
         <size>0x3c</size>
         <input_file_ref idref="fl-fc"/>
      </object_component>
      <object_component id="oc-158">
         <name>.text:sl_Htons</name>
         <load_address>0x2000d584</load_address>
         <run_address>0x2000d584</run_address>
         <size>0x3c</size>
         <input_file_ref idref="fl-fa"/>
      </object_component>
      <object_component id="oc-95a">
         <name>.text:uDMAChannelControlSet</name>
         <load_address>0x2000d5c0</load_address>
         <run_address>0x2000d5c0</run_address>
         <size>0x3c</size>
         <input_file_ref idref="fl-fe"/>
      </object_component>
      <object_component id="oc-2a3">
         <name>.text:NwpPowerOff</name>
         <load_address>0x2000d5fc</load_address>
         <run_address>0x2000d5fc</run_address>
         <size>0x38</size>
         <input_file_ref idref="fl-fc"/>
      </object_component>
      <object_component id="oc-fc">
         <name>.text:sl_WlanDisconnect</name>
         <load_address>0x2000d634</load_address>
         <run_address>0x2000d634</run_address>
         <size>0x38</size>
         <input_file_ref idref="fl-fb"/>
      </object_component>
      <object_component id="oc-41a">
         <name>.text:GPIODirModeSet</name>
         <load_address>0x2000d66c</load_address>
         <run_address>0x2000d66c</run_address>
         <size>0x36</size>
         <input_file_ref idref="fl-eb"/>
      </object_component>
      <object_component id="oc-515">
         <name>.text:PRCMPeripheralStatusGet</name>
         <load_address>0x2000d6a4</load_address>
         <run_address>0x2000d6a4</run_address>
         <size>0x34</size>
         <input_file_ref idref="fl-ef"/>
      </object_component>
      <object_component id="oc-52d">
         <name>.text:SPIFIFOLevelSet</name>
         <load_address>0x2000d6d8</load_address>
         <run_address>0x2000d6d8</run_address>
         <size>0x34</size>
         <input_file_ref idref="fl-f0"/>
      </object_component>
      <object_component id="oc-5b">
         <name>.text:_c_int00_noargs:_c_int00_noargs</name>
         <load_address>0x2000d70c</load_address>
         <run_address>0x2000d70c</run_address>
         <size>0x34</size>
         <input_file_ref idref="fl-d1"/>
      </object_component>
      <object_component id="oc-414">
         <name>.text:PinTypeGPIO</name>
         <load_address>0x2000d740</load_address>
         <run_address>0x2000d740</run_address>
         <size>0x30</size>
         <input_file_ref idref="fl-ee"/>
      </object_component>
      <object_component id="oc-4ae">
         <name>.text:UARTDisable</name>
         <load_address>0x2000d770</load_address>
         <run_address>0x2000d770</run_address>
         <size>0x30</size>
         <input_file_ref idref="fl-f1"/>
      </object_component>
      <object_component id="oc-4bc">
         <name>.text:_outs</name>
         <load_address>0x2000d7a0</load_address>
         <run_address>0x2000d7a0</run_address>
         <size>0x30</size>
         <input_file_ref idref="fl-c7"/>
      </object_component>
      <object_component id="oc-79e">
         <name>.text</name>
         <load_address>0x2000d7d0</load_address>
         <run_address>0x2000d7d0</run_address>
         <size>0x2e</size>
         <input_file_ref idref="fl-d8"/>
      </object_component>
      <object_component id="oc-3d5">
         <name>.text:I2CMasterErr</name>
         <load_address>0x2000d7fe</load_address>
         <run_address>0x2000d7fe</run_address>
         <size>0x2c</size>
         <input_file_ref idref="fl-ec"/>
      </object_component>
      <object_component id="oc-2af">
         <name>.text:NwpPowerOn</name>
         <load_address>0x2000d82c</load_address>
         <run_address>0x2000d82c</run_address>
         <size>0x2c</size>
         <input_file_ref idref="fl-fc"/>
      </object_component>
      <object_component id="oc-357">
         <name>.text:PRCMSysResetCauseGet</name>
         <load_address>0x2000d858</load_address>
         <run_address>0x2000d858</run_address>
         <size>0x2c</size>
         <input_file_ref idref="fl-ef"/>
      </object_component>
      <object_component id="oc-5b3">
         <name>.text:_SlDrvObjGlobalLockWaitForever</name>
         <load_address>0x2000d884</load_address>
         <run_address>0x2000d884</run_address>
         <size>0x2c</size>
         <input_file_ref idref="fl-f6"/>
      </object_component>
      <object_component id="oc-388">
         <name>.text:_SlDrvProtectionObjLockWaitForever</name>
         <load_address>0x2000d8b0</load_address>
         <run_address>0x2000d8b0</run_address>
         <size>0x2c</size>
         <input_file_ref idref="fl-f6"/>
      </object_component>
      <object_component id="oc-8f8">
         <name>.text:TimerLoadSet</name>
         <load_address>0x2000d8dc</load_address>
         <run_address>0x2000d8dc</run_address>
         <size>0x2a</size>
         <input_file_ref idref="fl-fd"/>
      </object_component>
      <object_component id="oc-8f2">
         <name>.text:TimerPrescaleSet</name>
         <load_address>0x2000d906</load_address>
         <run_address>0x2000d906</run_address>
         <size>0x2a</size>
         <input_file_ref idref="fl-fd"/>
      </object_component>
      <object_component id="oc-369">
         <name>.text:PRCMPeripheralClkDisable</name>
         <load_address>0x2000d930</load_address>
         <run_address>0x2000d930</run_address>
         <size>0x28</size>
         <input_file_ref idref="fl-ef"/>
      </object_component>
      <object_component id="oc-5b9">
         <name>.text:_SlDrvGlobalObjUnLock</name>
         <load_address>0x2000d958</load_address>
         <run_address>0x2000d958</run_address>
         <size>0x28</size>
         <input_file_ref idref="fl-f6"/>
      </object_component>
      <object_component id="oc-38e">
         <name>.text:_SlDrvProtectionObjUnLock</name>
         <load_address>0x2000d980</load_address>
         <run_address>0x2000d980</run_address>
         <size>0x28</size>
         <input_file_ref idref="fl-f6"/>
      </object_component>
      <object_component id="oc-394">
         <name>.text:_SlDrvSyncObjWaitForever</name>
         <load_address>0x2000d9a8</load_address>
         <run_address>0x2000d9a8</run_address>
         <size>0x28</size>
         <input_file_ref idref="fl-f6"/>
      </object_component>
      <object_component id="oc-4ec">
         <name>.text:free_list_insert</name>
         <load_address>0x2000d9d0</load_address>
         <run_address>0x2000d9d0</run_address>
         <size>0x28</size>
         <input_file_ref idref="fl-ce"/>
      </object_component>
      <object_component id="oc-24c">
         <name>.text:memmove</name>
         <load_address>0x2000d9f8</load_address>
         <run_address>0x2000d9f8</run_address>
         <size>0x28</size>
         <input_file_ref idref="fl-cd"/>
      </object_component>
      <object_component id="oc-6a8">
         <name>.text:_SlDrvObjLockWaitForever</name>
         <load_address>0x2000da20</load_address>
         <run_address>0x2000da20</run_address>
         <size>0x26</size>
         <input_file_ref idref="fl-f6"/>
      </object_component>
      <object_component id="oc-9a4">
         <name>.text</name>
         <load_address>0x2000da46</load_address>
         <run_address>0x2000da46</run_address>
         <size>0x26</size>
         <input_file_ref idref="fl-7"/>
      </object_component>
      <object_component id="oc-54b">
         <name>.text:DmaSpiSwIntHandler</name>
         <load_address>0x2000da6c</load_address>
         <run_address>0x2000da6c</run_address>
         <size>0x24</size>
         <input_file_ref idref="fl-fc"/>
      </object_component>
      <object_component id="oc-566">
         <name>.text:IntUnregister</name>
         <load_address>0x2000da90</load_address>
         <run_address>0x2000da90</run_address>
         <size>0x24</size>
         <input_file_ref idref="fl-ed"/>
      </object_component>
      <object_component id="oc-4b4">
         <name>.text:UARTEnable</name>
         <load_address>0x2000dab4</load_address>
         <run_address>0x2000dab4</run_address>
         <size>0x24</size>
         <input_file_ref idref="fl-f1"/>
      </object_component>
      <object_component id="oc-3db">
         <name>.text:I2CMasterSlaveAddrSet</name>
         <load_address>0x2000dad8</load_address>
         <run_address>0x2000dad8</run_address>
         <size>0x22</size>
         <input_file_ref idref="fl-ec"/>
      </object_component>
      <object_component id="oc-195">
         <name>.text:SPIReset</name>
         <load_address>0x2000dafa</load_address>
         <run_address>0x2000dafa</run_address>
         <size>0x22</size>
         <input_file_ref idref="fl-f0"/>
      </object_component>
      <object_component id="oc-840">
         <name>.text:SPIWordCountSet</name>
         <load_address>0x2000db1c</load_address>
         <run_address>0x2000db1c</run_address>
         <size>0x22</size>
         <input_file_ref idref="fl-f0"/>
      </object_component>
      <object_component id="oc-43e">
         <name>.text:GPIOPinWrite</name>
         <load_address>0x2000db3e</load_address>
         <run_address>0x2000db3e</run_address>
         <size>0x20</size>
         <input_file_ref idref="fl-eb"/>
      </object_component>
      <object_component id="oc-533">
         <name>.text:IntRegister</name>
         <load_address>0x2000db60</load_address>
         <run_address>0x2000db60</run_address>
         <size>0x20</size>
         <input_file_ref idref="fl-ed"/>
      </object_component>
      <object_component id="oc-2f4">
         <name>.text:NwpPrePowerOffTimout0</name>
         <load_address>0x2000db80</load_address>
         <run_address>0x2000db80</run_address>
         <size>0x20</size>
         <input_file_ref idref="fl-fc"/>
      </object_component>
      <object_component id="oc-44a">
         <name>.text:SPIDataGet</name>
         <load_address>0x2000dba0</load_address>
         <run_address>0x2000dba0</run_address>
         <size>0x20</size>
         <input_file_ref idref="fl-f0"/>
      </object_component>
      <object_component id="oc-805">
         <name>.text:TimerGetCurrentTimestamp</name>
         <load_address>0x2000dbc0</load_address>
         <run_address>0x2000dbc0</run_address>
         <size>0x20</size>
         <input_file_ref idref="fl-fc"/>
      </object_component>
      <object_component id="oc-6ae">
         <name>.text:_SlDrvObjUnLock</name>
         <load_address>0x2000dbe0</load_address>
         <run_address>0x2000dbe0</run_address>
         <size>0x20</size>
         <input_file_ref idref="fl-f6"/>
      </object_component>
      <object_component id="oc-587">
         <name>.text:_SlDrvSyncObjSignal</name>
         <load_address>0x2000dc00</load_address>
         <run_address>0x2000dc00</run_address>
         <size>0x20</size>
         <input_file_ref idref="fl-f6"/>
      </object_component>
      <object_component id="oc-3bd">
         <name>.text:I2CMasterIntStatusEx</name>
         <load_address>0x2000dc20</load_address>
         <run_address>0x2000dc20</run_address>
         <size>0x1e</size>
         <input_file_ref idref="fl-ec"/>
      </object_component>
      <object_component id="oc-444">
         <name>.text:SPIDataPut</name>
         <load_address>0x2000dc3e</load_address>
         <run_address>0x2000dc3e</run_address>
         <size>0x1e</size>
         <input_file_ref idref="fl-f0"/>
      </object_component>
      <object_component id="oc-8fe">
         <name>.text:TimerEnable</name>
         <load_address>0x2000dc5c</load_address>
         <run_address>0x2000dc5c</run_address>
         <size>0x1e</size>
         <input_file_ref idref="fl-fd"/>
      </object_component>
      <object_component id="oc-234">
         <name>.text:UARTCharPut</name>
         <load_address>0x2000dc7a</load_address>
         <run_address>0x2000dc7a</run_address>
         <size>0x1e</size>
         <input_file_ref idref="fl-f1"/>
      </object_component>
      <object_component id="oc-51b">
         <name>.text:cc_UDMAChannelSelect</name>
         <load_address>0x2000dc98</load_address>
         <run_address>0x2000dc98</run_address>
         <size>0x1e</size>
         <input_file_ref idref="fl-fc"/>
      </object_component>
      <object_component id="oc-420">
         <name>.text:PinTypeI2C</name>
         <load_address>0x2000dcb6</load_address>
         <run_address>0x2000dcb6</run_address>
         <size>0x1c</size>
         <input_file_ref idref="fl-ee"/>
      </object_component>
      <object_component id="oc-896">
         <name>.text:TimerValueGet</name>
         <load_address>0x2000dcd2</load_address>
         <run_address>0x2000dcd2</run_address>
         <size>0x1c</size>
         <input_file_ref idref="fl-fd"/>
      </object_component>
      <object_component id="oc-246">
         <name>.text:UARTCharGetNonBlocking</name>
         <load_address>0x2000dcee</load_address>
         <run_address>0x2000dcee</run_address>
         <size>0x1c</size>
         <input_file_ref idref="fl-f1"/>
      </object_component>
      <object_component id="oc-6ef">
         <name>.text:_SlDrvStartMeasureTimeout</name>
         <load_address>0x2000dd0a</load_address>
         <run_address>0x2000dd0a</run_address>
         <size>0x1c</size>
         <input_file_ref idref="fl-f6"/>
      </object_component>
      <object_component id="oc-49">
         <name>.text:decompress:ZI:__TI_zero_init_nomemset:__TI_zero_init_nomemset</name>
         <load_address>0x2000dd26</load_address>
         <run_address>0x2000dd26</run_address>
         <size>0x1c</size>
         <input_file_ref idref="fl-ca"/>
      </object_component>
      <object_component id="oc-4df">
         <name>.text:free_list_remove</name>
         <load_address>0x2000dd44</load_address>
         <run_address>0x2000dd44</run_address>
         <size>0x1c</size>
         <input_file_ref idref="fl-ce"/>
      </object_component>
      <object_component id="oc-682">
         <name>.text:memccpy</name>
         <load_address>0x2000dd60</load_address>
         <run_address>0x2000dd60</run_address>
         <size>0x1c</size>
         <input_file_ref idref="fl-e3"/>
      </object_component>
      <object_component id="oc-96c">
         <name>.text:uDMAChannelEnable</name>
         <load_address>0x2000dd7c</load_address>
         <run_address>0x2000dd7c</run_address>
         <size>0x1c</size>
         <input_file_ref idref="fl-fe"/>
      </object_component>
      <object_component id="oc-426">
         <name>.text:PinTypeSPI</name>
         <load_address>0x2000dd98</load_address>
         <run_address>0x2000dd98</run_address>
         <size>0x1a</size>
         <input_file_ref idref="fl-ee"/>
      </object_component>
      <object_component id="oc-42c">
         <name>.text:PinTypeUART</name>
         <load_address>0x2000ddb2</load_address>
         <run_address>0x2000ddb2</run_address>
         <size>0x1a</size>
         <input_file_ref idref="fl-ee"/>
      </object_component>
      <object_component id="oc-5dd">
         <name>.text:SPIDmaDisable</name>
         <load_address>0x2000ddcc</load_address>
         <run_address>0x2000ddcc</run_address>
         <size>0x1a</size>
         <input_file_ref idref="fl-f0"/>
      </object_component>
      <object_component id="oc-527">
         <name>.text:SPIDmaEnable</name>
         <load_address>0x2000dde6</load_address>
         <run_address>0x2000dde6</run_address>
         <size>0x1a</size>
         <input_file_ref idref="fl-f0"/>
      </object_component>
      <object_component id="oc-5d7">
         <name>.text:SPIFIFODisable</name>
         <load_address>0x2000de00</load_address>
         <run_address>0x2000de00</run_address>
         <size>0x1a</size>
         <input_file_ref idref="fl-f0"/>
      </object_component>
      <object_component id="oc-521">
         <name>.text:SPIFIFOEnable</name>
         <load_address>0x2000de1a</load_address>
         <run_address>0x2000de1a</run_address>
         <size>0x1a</size>
         <input_file_ref idref="fl-f0"/>
      </object_component>
      <object_component id="oc-5d1">
         <name>.text:SPIIntUnregister</name>
         <load_address>0x2000de34</load_address>
         <run_address>0x2000de34</run_address>
         <size>0x1a</size>
         <input_file_ref idref="fl-f0"/>
      </object_component>
      <object_component id="oc-874">
         <name>.text:copysign</name>
         <load_address>0x2000de4e</load_address>
         <run_address>0x2000de4e</run_address>
         <size>0x1a</size>
         <input_file_ref idref="fl-e9"/>
      </object_component>
      <object_component id="oc-3f3">
         <name>.text:I2CMasterIntEnableEx</name>
         <load_address>0x2000de68</load_address>
         <run_address>0x2000de68</run_address>
         <size>0x18</size>
         <input_file_ref idref="fl-ec"/>
      </object_component>
      <object_component id="oc-450">
         <name>.text:SPICSDisable</name>
         <load_address>0x2000de80</load_address>
         <run_address>0x2000de80</run_address>
         <size>0x18</size>
         <input_file_ref idref="fl-f0"/>
      </object_component>
      <object_component id="oc-1ad">
         <name>.text:SPICSEnable</name>
         <load_address>0x2000de98</load_address>
         <run_address>0x2000de98</run_address>
         <size>0x18</size>
         <input_file_ref idref="fl-f0"/>
      </object_component>
      <object_component id="oc-50f">
         <name>.text:SPIDisable</name>
         <load_address>0x2000deb0</load_address>
         <run_address>0x2000deb0</run_address>
         <size>0x18</size>
         <input_file_ref idref="fl-f0"/>
      </object_component>
      <object_component id="oc-1a7">
         <name>.text:SPIEnable</name>
         <load_address>0x2000dec8</load_address>
         <run_address>0x2000dec8</run_address>
         <size>0x18</size>
         <input_file_ref idref="fl-f0"/>
      </object_component>
      <object_component id="oc-240">
         <name>.text:UARTCharsAvail</name>
         <load_address>0x2000dee0</load_address>
         <run_address>0x2000dee0</run_address>
         <size>0x18</size>
         <input_file_ref idref="fl-f1"/>
      </object_component>
      <object_component id="oc-4fe">
         <name>.text:_SlNonOsSemSet</name>
         <load_address>0x2000def8</load_address>
         <run_address>0x2000def8</run_address>
         <size>0x18</size>
         <input_file_ref idref="fl-f9"/>
      </object_component>
      <object_component id="oc-4c2">
         <name>.text:_outc</name>
         <load_address>0x2000df10</load_address>
         <run_address>0x2000df10</run_address>
         <size>0x18</size>
         <input_file_ref idref="fl-c7"/>
      </object_component>
      <object_component id="oc-462">
         <name>.text:_outs</name>
         <load_address>0x2000df28</load_address>
         <run_address>0x2000df28</run_address>
         <size>0x18</size>
         <input_file_ref idref="fl-c6"/>
      </object_component>
      <object_component id="oc-2c1">
         <name>.text:_sl_GetStartResponseConvert</name>
         <load_address>0x2000df40</load_address>
         <run_address>0x2000df40</run_address>
         <size>0x18</size>
         <input_file_ref idref="fl-f5"/>
      </object_component>
      <object_component id="oc-3e1">
         <name>.text:I2CMasterDataPut</name>
         <load_address>0x2000df58</load_address>
         <run_address>0x2000df58</run_address>
         <size>0x16</size>
         <input_file_ref idref="fl-ec"/>
      </object_component>
      <object_component id="oc-3ed">
         <name>.text:I2CMasterEnable</name>
         <load_address>0x2000df6e</load_address>
         <run_address>0x2000df6e</run_address>
         <size>0x16</size>
         <input_file_ref idref="fl-ec"/>
      </object_component>
      <object_component id="oc-35d">
         <name>.text:PRCMHIBRegRead</name>
         <load_address>0x2000df84</load_address>
         <run_address>0x2000df84</run_address>
         <size>0x16</size>
         <input_file_ref idref="fl-ef"/>
      </object_component>
      <object_component id="oc-363">
         <name>.text:PRCMHIBRegWrite</name>
         <load_address>0x2000df9a</load_address>
         <run_address>0x2000df9a</run_address>
         <size>0x16</size>
         <input_file_ref idref="fl-ef"/>
      </object_component>
      <object_component id="oc-372">
         <name>.text:_SlDrvMemZero</name>
         <load_address>0x2000dfb0</load_address>
         <run_address>0x2000dfb0</run_address>
         <size>0x16</size>
         <input_file_ref idref="fl-f6"/>
      </object_component>
      <object_component id="oc-7cf">
         <name>.text:strchr</name>
         <load_address>0x2000dfc6</load_address>
         <run_address>0x2000dfc6</run_address>
         <size>0x16</size>
         <input_file_ref idref="fl-e4"/>
      </object_component>
      <object_component id="oc-34c">
         <name>.text:CPUcpsie</name>
         <load_address>0x2000dfdc</load_address>
         <run_address>0x2000dfdc</run_address>
         <size>0x14</size>
         <input_file_ref idref="fl-f3"/>
      </object_component>
      <object_component id="oc-121">
         <name>.text:IntVTableBaseSet</name>
         <load_address>0x2000dff0</load_address>
         <run_address>0x2000dff0</run_address>
         <size>0x14</size>
         <input_file_ref idref="fl-ed"/>
      </object_component>
      <object_component id="oc-1bc">
         <name>.text:strcpy</name>
         <load_address>0x2000e004</load_address>
         <run_address>0x2000e004</run_address>
         <size>0x14</size>
         <input_file_ref idref="fl-cf"/>
      </object_component>
      <object_component id="oc-139">
         <name>.text:strlen</name>
         <load_address>0x2000e018</load_address>
         <run_address>0x2000e018</run_address>
         <size>0x14</size>
         <input_file_ref idref="fl-d0"/>
      </object_component>
      <object_component id="oc-3cf">
         <name>.text:I2CMasterControl</name>
         <load_address>0x2000e02c</load_address>
         <run_address>0x2000e02c</run_address>
         <size>0x12</size>
         <input_file_ref idref="fl-ec"/>
      </object_component>
      <object_component id="oc-3c3">
         <name>.text:I2CMasterIntClearEx</name>
         <load_address>0x2000e03e</load_address>
         <run_address>0x2000e03e</run_address>
         <size>0x12</size>
         <input_file_ref idref="fl-ec"/>
      </object_component>
      <object_component id="oc-3c9">
         <name>.text:I2CMasterTimeoutSet</name>
         <load_address>0x2000e050</load_address>
         <run_address>0x2000e050</run_address>
         <size>0x12</size>
         <input_file_ref idref="fl-ec"/>
      </object_component>
      <object_component id="oc-688">
         <name>.text:wcslen</name>
         <load_address>0x2000e062</load_address>
         <run_address>0x2000e062</run_address>
         <size>0x12</size>
         <input_file_ref idref="fl-e8"/>
      </object_component>
      <object_component id="oc-92a">
         <name>.text:_SlDrvDispatchHttpServerEvents</name>
         <load_address>0x2000e074</load_address>
         <run_address>0x2000e074</run_address>
         <size>0x10</size>
         <input_file_ref idref="fl-f6"/>
      </object_component>
      <object_component id="oc-3e7">
         <name>.text:I2CMasterDataGet</name>
         <load_address>0x2000e084</load_address>
         <run_address>0x2000e084</run_address>
         <size>0xe</size>
         <input_file_ref idref="fl-ec"/>
      </object_component>
      <object_component id="oc-30f">
         <name>.text:_SlDrvResetCmdExt</name>
         <load_address>0x2000e092</load_address>
         <run_address>0x2000e092</run_address>
         <size>0xe</size>
         <input_file_ref idref="fl-f6"/>
      </object_component>
      <object_component id="oc-1b">
         <name>.text:decompress:none:__TI_decompress_none</name>
         <load_address>0x2000e0a0</load_address>
         <run_address>0x2000e0a0</run_address>
         <size>0xe</size>
         <input_file_ref idref="fl-cb"/>
      </object_component>
      <object_component id="oc-29">
         <name>.text</name>
         <load_address>0x2000e0ae</load_address>
         <run_address>0x2000e0ae</run_address>
         <size>0xe</size>
         <input_file_ref idref="fl-9"/>
      </object_component>
      <object_component id="oc-559">
         <name>.text:NwpMaskInterrupt</name>
         <load_address>0x2000e0bc</load_address>
         <run_address>0x2000e0bc</run_address>
         <size>0xc</size>
         <input_file_ref idref="fl-fc"/>
      </object_component>
      <object_component id="oc-573">
         <name>.text:NwpUnMaskInterrupt</name>
         <load_address>0x2000e0c8</load_address>
         <run_address>0x2000e0c8</run_address>
         <size>0xc</size>
         <input_file_ref idref="fl-fc"/>
      </object_component>
      <object_component id="oc-127">
         <name>.text:IntMasterEnable</name>
         <load_address>0x2000e0d4</load_address>
         <run_address>0x2000e0d4</run_address>
         <size>0xa</size>
         <input_file_ref idref="fl-ed"/>
      </object_component>
      <object_component id="oc-468">
         <name>.text:_outc</name>
         <load_address>0x2000e0de</load_address>
         <run_address>0x2000e0de</run_address>
         <size>0xa</size>
         <input_file_ref idref="fl-c6"/>
      </object_component>
      <object_component id="oc-68e">
         <name>.text:__aeabi_errno_addr</name>
         <load_address>0x2000e0e8</load_address>
         <run_address>0x2000e0e8</run_address>
         <size>0x8</size>
         <input_file_ref idref="fl-e5"/>
      </object_component>
      <object_component id="oc-252">
         <name>.text:malloc</name>
         <load_address>0x2000e0f0</load_address>
         <run_address>0x2000e0f0</run_address>
         <size>0x8</size>
         <input_file_ref idref="fl-ce"/>
      </object_component>
      <object_component id="oc-145">
         <name>.text:UtilsDelay</name>
         <load_address>0x2000e0f8</load_address>
         <run_address>0x2000e0f8</run_address>
         <size>0x6</size>
         <input_file_ref idref="fl-f2"/>
      </object_component>
      <object_component id="oc-91">
         <name>.text:_system_pre_init</name>
         <load_address>0x2000e0fe</load_address>
         <run_address>0x2000e0fe</run_address>
         <size>0x4</size>
         <input_file_ref idref="fl-db"/>
      </object_component>
      <object_component id="oc-1f0">
         <name>.text:abort:abort</name>
[...]
         <value>0x2000d6d9</value>
         <object_component_ref idref="oc-52d"/>
      </symbol>
      <symbol id="sm-b20">
         <name>SPIDmaDisable</name>
         <value>0x2000ddcd</value>
         <object_component_ref idref="oc-5dd"/>
      </symbol>
      <symbol id="sm-b21">
         <name>SPIReset</name>
         <value>0x2000dafb</value>
         <object_component_ref idref="oc-195"/>
      </symbol>
      <symbol id="sm-b22">
         <name>SPIIntEnable</name>
         <value>0x2000ce59</value>
         <object_component_ref idref="oc-53f"/>
      </symbol>
      <symbol id="sm-b23">
         <name>SPIIntClear</name>
         <value>0x2000d021</value>
         <object_component_ref idref="oc-728"/>
      </symbol>
      <symbol id="sm-b24">
         <name>SPICSDisable</name>
         <value>0x2000de81</value>
         <object_component_ref idref="oc-450"/>
      </symbol>
      <symbol id="sm-b60">
         <name>UARTConfigSetExpClk</name>
         <value>0x2000c4d9</value>
         <object_component_ref idref="oc-22e"/>
      </symbol>
      <symbol id="sm-b61">
         <name>UARTDisable</name>
         <value>0x2000d771</value>
         <object_component_ref idref="oc-4ae"/>
      </symbol>
      <symbol id="sm-b62">
         <name>UARTCharsAvail</name>
         <value>0x2000dee1</value>
         <object_component_ref idref="oc-240"/>
      </symbol>
      <symbol id="sm-b63">
         <name>UARTCharGetNonBlocking</name>
         <value>0x2000dcef</value>
         <object_component_ref idref="oc-246"/>
      </symbol>
      <symbol id="sm-b64">
         <name>UARTCharPut</name>
         <value>0x2000dc7b</value>
         <object_component_ref idref="oc-234"/>
      </symbol>
      <symbol id="sm-b65">
         <name>UARTEnable</name>
         <value>0x2000dab5</value>
         <object_component_ref idref="oc-4b4"/>
      </symbol>
      <symbol id="sm-b69">
         <name>UtilsDelay</name>
         <value>0x2000e0f9</value>
         <object_component_ref idref="oc-145"/>
      </symbol>
      <symbol id="sm-b73">
         <name>CPUcpsie</name>
         <value>0x2000dfdd</value>
         <object_component_ref idref="oc-34c"/>
      </symbol>
      <symbol id="sm-c2f">
         <name>_sl_HandleAsync_InitComplete</name>
         <value>0x2000beb1</value>
         <object_component_ref idref="oc-977"/>
      </symbol>
      <symbol id="sm-c30">
         <name>_SlDrvDeviceEventHandler</name>
         <value>0x2000b69d</value>
         <object_component_ref idref="oc-90a"/>
      </symbol>
      <symbol id="sm-c31">
         <name>_sl_HandleAsync_Stop</name>
         <value>0x2000ce09</value>
         <object_component_ref idref="oc-952"/>
      </symbol>
      <symbol id="sm-c32">
         <name>sl_DevSet</name>
         <value>0x2000b739</value>
         <object_component_ref idref="oc-146"/>
      </symbol>
      <symbol id="sm-c33">
         <name>sl_Stop</name>
         <value>0x2000a539</value>
         <object_component_ref idref="oc-e4"/>
      </symbol>
      <symbol id="sm-c34">
         <name>sl_Start</name>
         <value>0x2000a809</value>
         <object_component_ref idref="oc-d2"/>
      </symbol>
      <symbol id="sm-c35">
         <name>sl_DevGet</name>
         <value>0x2000af19</value>
         <object_component_ref idref="oc-ea"/>
      </symbol>
      <symbol id="sm-f23">
         <name>RxIrqCnt</name>
         <value>0x2001f214</value>
      </symbol>
      <symbol id="sm-f24">
         <name>g_bDeviceRestartIsRequired</name>
         <value>0x2001f215</value>
      </symbol>
      <symbol id="sm-f25">
         <name>_SlDrvProtectionObjUnLock</name>
         <value>0x2000d981</value>
         <object_component_ref idref="oc-38e"/>
      </symbol>
      <symbol id="sm-f26">
         <name>_SlDrvBasicCmd</name>
         <value>0x2000d069</value>
         <object_component_ref idref="oc-326"/>
      </symbol>
      <symbol id="sm-f27">
         <name>_SlDrvObjUnLock</name>
         <value>0x2000dbe1</value>
         <object_component_ref idref="oc-6ae"/>
      </symbol>
      <symbol id="sm-f28">
         <name>_SlDrvObjLockWaitForever</name>
         <value>0x2000da21</value>
         <object_component_ref idref="oc-6a8"/>
      </symbol>
      <symbol id="sm-f29">
         <name>_SlDrvMsgReadSpawnCtx</name>
         <value>0x2000a9dd</value>
         <object_component_ref idref="oc-5a6"/>
      </symbol>
      <symbol id="sm-f2a">
         <name>_SlDrvDispatchHttpServerEvents</name>
         <value>0x2000e075</value>
         <object_component_ref idref="oc-92a"/>
      </symbol>
      <symbol id="sm-f2b">
         <name>_SlDrvHandleNetAppEvents</name>
         <value>0x2000d315</value>
         <object_component_ref idref="oc-916"/>
      </symbol>
      <symbol id="sm-f2c">
         <name>_SlDriverHandleError</name>
         <value>0x2000b41d</value>
         <object_component_ref idref="oc-57a"/>
      </symbol>
      <symbol id="sm-f2d">
         <name>_SlDrvDriverCBDeinit</name>
         <value>0x20009db1</value>
         <object_component_ref idref="oc-300"/>
      </symbol>
      <symbol id="sm-f2e">
         <name>_SlDrvStartMeasureTimeout</name>
         <value>0x2000dd0b</value>
         <object_component_ref idref="oc-6ef"/>
      </symbol>
      <symbol id="sm-f2f">
         <name>_SlDrvResetCmdExt</name>
         <value>0x2000e093</value>
         <object_component_ref idref="oc-30f"/>
      </symbol>
      <symbol id="sm-f30">
         <name>_SlDrvIsTimeoutExpired</name>
         <value>0x2000be25</value>
         <object_component_ref idref="oc-6f5"/>
      </symbol>
      <symbol id="sm-f31">
         <name>_SlDrvProtectAsyncRespSetting</name>
         <value>0x2000cef1</value>
         <object_component_ref idref="oc-29d"/>
      </symbol>
      <symbol id="sm-f32">
         <name>_SlDrvReleasePoolObj</name>
         <value>0x2000863d</value>
         <object_component_ref idref="oc-2bb"/>
      </symbol>
      <symbol id="sm-f33">
         <name>_SlDrvHandleWlanEvents</name>
         <value>0x2000d355</value>
         <object_component_ref idref="oc-910"/>
      </symbol>
      <symbol id="sm-f34">
         <name>OpcodeTranslateTable</name>
         <value>0x2000e980</value>
         <object_component_ref idref="oc-836"/>
      </symbol>
      <symbol id="sm-f35">
         <name>pPingCallBackFunc</name>
         <value>0x2001f2a0</value>
         <object_component_ref idref="oc-2ca"/>
      </symbol>
      <symbol id="sm-f36">
         <name>_SlDrvDriverCBInit</name>
         <value>0x20008b95</value>
         <object_component_ref idref="oc-291"/>
      </symbol>
      <symbol id="sm-f37">
         <name>g_pCB</name>
         <value>0x2001f29c</value>
         <object_component_ref idref="oc-2ca"/>
      </symbol>
      <symbol id="sm-f38">
         <name>_SlDrvProtectionObjLockWaitForever</name>
         <value>0x2000d8b1</value>
         <object_component_ref idref="oc-388"/>
      </symbol>
      <symbol id="sm-f39">
         <name>_SlDrvCmdOp</name>
         <value>0x2000b0a9</value>
         <object_component_ref idref="oc-2e4"/>
      </symbol>
      <symbol id="sm-f3a">
         <name>_SlDrvSyncObjWaitTimeout</name>
         <value>0x2000d1c5</value>
         <object_component_ref idref="oc-2b5"/>
      </symbol>
      <symbol id="sm-f3b">
         <name>_SlDrvGlobalObjUnLock</name>
         <value>0x2000d959</value>
         <object_component_ref idref="oc-5b9"/>
      </symbol>
      <symbol id="sm-f3c">
         <name>_SlDrvMemZero</name>
         <value>0x2000dfb1</value>
         <object_component_ref idref="oc-372"/>
      </symbol>
      <symbol id="sm-f3d">
         <name>_SlDrvWaitForPoolObj</name>
         <value>0x20008ee5</value>
         <object_component_ref idref="oc-382"/>
      </symbol>
      <symbol id="sm-f3e">
         <name>_SlDrvSyncObjSignal</name>
         <value>0x2000dc01</value>
         <object_component_ref idref="oc-587"/>
      </symbol>
      <symbol id="sm-f3f">
         <name>_SlDrvDataReadOp</name>
         <value>0x20008459</value>
         <object_component_ref idref="oc-484"/>
      </symbol>
      <symbol id="sm-f40">
         <name>_SlDrvDataWriteOp</name>
         <value>0x200094e9</value>
         <object_component_ref idref="oc-476"/>
      </symbol>
      <symbol id="sm-f41">
         <name>_SlDrvRxIrqHandler</name>
         <value>0x2000ccb9</value>
         <object_component_ref idref="oc-2cd"/>
      </symbol>
      <symbol id="sm-f42">
         <name>_SlDrvHandleHttpServerEvents</name>
         <value>0x2000d181</value>
         <object_component_ref idref="oc-988"/>
      </symbol>
      <symbol id="sm-f43">
         <name>_SlDrvSyncObjWaitForever</name>
         <value>0x2000d9a9</value>
         <object_component_ref idref="oc-394"/>
      </symbol>
      <symbol id="sm-f44">
         <name>g_SlDeviceStatus</name>
         <value>0x2001f298</value>
         <object_component_ref idref="oc-2ca"/>
      </symbol>
      <symbol id="sm-f45">
         <name>_SlDrvCmdSend</name>
         <value>0x2000c6a5</value>
         <object_component_ref idref="oc-98f"/>
      </symbol>
      <symbol id="sm-f46">
         <name>_SlActionLookupTable</name>
         <value>0x2000e9bc</value>
         <object_component_ref idref="oc-8c3"/>
      </symbol>
      <symbol id="sm-fee">
         <name>sl_NetAppMDNSUnRegisterService</name>
         <value>0x2000c911</value>
         <object_component_ref idref="oc-10e"/>
      </symbol>
      <symbol id="sm-fef">
         <name>_SlNetAppSendTokenValueCmdCtrl</name>
         <value>0x2000ebda</value>
         <object_component_ref idref="oc-995"/>
      </symbol>
      <symbol id="sm-ff0">
         <name>sl_NetAppDnsGetHostByName</name>
         <value>0x200098c5</value>
         <object_component_ref idref="oc-152"/>
      </symbol>
      <symbol id="sm-ff1">
         <name>_sl_HandleAsync_DnsGetHostByName</name>
         <value>0x2000bb5d</value>
         <object_component_ref idref="oc-91e"/>
      </symbol>
      <symbol id="sm-ff2">
         <name>_sl_HandleAsync_PingResponse</name>
         <value>0x2000bbed</value>
         <object_component_ref idref="oc-8af"/>
      </symbol>
      <symbol id="sm-ff3">
         <name>_SlDrvNetAppEventHandler</name>
         <value>0x2000a239</value>
         <object_component_ref idref="oc-8a9"/>
      </symbol>
      <symbol id="sm-ff4">
         <name>_sl_HandleAsync_DnsGetHostByService</name>
         <value>0x2000ae4d</value>
         <object_component_ref idref="oc-924"/>
      </symbol>
      <symbol id="sm-ff5">
         <name>_sl_NetAppSendTokenValue</name>
         <value>0x2000c711</value>
         <object_component_ref idref="oc-930"/>
      </symbol>
      <symbol id="sm-ff6">
         <name>sl_NetAppMDNSRegisterUnregisterService</name>
         <value>0x2000ac8d</value>
         <object_component_ref idref="oc-33b"/>
      </symbol>
      <symbol id="sm-1018">
         <name>sl_NetCfgSet</name>
         <value>0x2000b7d1</value>
         <object_component_ref idref="oc-102"/>
      </symbol>
      <symbol id="sm-1060">
         <name>_SlNonOsSemSet</name>
         <value>0x2000def9</value>
         <object_component_ref idref="oc-4fe"/>
      </symbol>
      <symbol id="sm-1061">
         <name>_SlNonOsSpawn</name>
         <value>0x2000c7e5</value>
         <object_component_ref idref="oc-5a0"/>
      </symbol>
      <symbol id="sm-1062">
         <name>_SlNonOsSemGet</name>
         <value>0x2000b21d</value>
         <object_component_ref idref="oc-504"/>
      </symbol>
      <symbol id="sm-1063">
         <name>_SlNonOsMainLoopTask</name>
         <value>0x2000c551</value>
         <object_component_ref idref="oc-d8"/>
      </symbol>
      <symbol id="sm-1064">
         <name>g__SlNonOsCB</name>
         <value>0x2001f218</value>
         <object_component_ref idref="oc-2df"/>
      </symbol>
      <symbol id="sm-1165">
         <name>sl_Recv</name>
         <value>0x2000b561</value>
         <object_component_ref idref="oc-1d4"/>
      </symbol>
      <symbol id="sm-1166">
         <name>sl_Send</name>
         <value>0x20009c7d</value>
         <object_component_ref idref="oc-1c8"/>
      </symbol>
      <symbol id="sm-1167">
         <name>_sl_HandleAsync_Connect</name>
         <value>0x2000c265</value>
         <object_component_ref idref="oc-946"/>
      </symbol>
      <symbol id="sm-1168">
         <name>sl_Htonl</name>
         <value>0x2000d291</value>
         <object_component_ref idref="oc-15e"/>
      </symbol>
      <symbol id="sm-1169">
         <name>sl_Htons</name>
         <value>0x2000d585</value>
         <object_component_ref idref="oc-158"/>
      </symbol>
      <symbol id="sm-116a">
         <name>sl_Connect</name>
         <value>0x20009075</value>
         <object_component_ref idref="oc-170"/>
      </symbol>
      <symbol id="sm-116b">
         <name>sl_Socket</name>
         <value>0x2000bf3d</value>
         <object_component_ref idref="oc-164"/>
      </symbol>
      <symbol id="sm-116c">
         <name>_sl_HandleAsync_Select</name>
         <value>0x2000cd61</value>
         <object_component_ref idref="oc-94c"/>
      </symbol>
      <symbol id="sm-116d">
         <name>sl_Close</name>
         <value>0x2000ca3d</value>
         <object_component_ref idref="oc-1ce"/>
      </symbol>
      <symbol id="sm-116e">
         <name>_sl_HandleAsync_Accept</name>
         <value>0x2000c849</value>
         <object_component_ref idref="oc-940"/>
      </symbol>
      <symbol id="sm-116f">
         <name>sl_SetSockOpt</name>
         <value>0x2000b869</value>
         <object_component_ref idref="oc-16a"/>
      </symbol>
      <symbol id="sm-1229">
         <name>sl_WlanDisconnect</name>
         <value>0x2000d635</value>
         <object_component_ref idref="oc-fc"/>
      </symbol>
      <symbol id="sm-122a">
         <name>sl_WlanPolicySet</name>
         <value>0x2000bc7d</value>
         <object_component_ref idref="oc-f0"/>
      </symbol>
      <symbol id="sm-122b">
         <name>sl_WlanProfileDel</name>
         <value>0x2000ca9d</value>
         <object_component_ref idref="oc-f6"/>
      </symbol>
      <symbol id="sm-122c">
         <name>sl_WlanRxFilterSet</name>
         <value>0x2000c1e1</value>
         <object_component_ref idref="oc-11a"/>
      </symbol>
      <symbol id="sm-122d">
         <name>sl_WlanConnect</name>
         <value>0x20007aa5</value>
         <object_component_ref idref="oc-13f"/>
      </symbol>
      <symbol id="sm-122e">
         <name>sl_WlanSet</name>
         <value>0x2000b901</value>
         <object_component_ref idref="oc-108"/>
      </symbol>
      <symbol id="sm-122f">
         <name>sl_WlanSetMode</name>
         <value>0x2000cafd</value>
         <object_component_ref idref="oc-de"/>
      </symbol>
      <symbol id="sm-134f">
         <name>g_ucDinDout</name>
         <value>0x2001f168</value>
      </symbol>
      <symbol id="sm-1350">
         <name>g_cDummy</name>
         <value>0x2001f216</value>
      </symbol>
      <symbol id="sm-1351">
         <name>NwpMaskInterrupt</name>
         <value>0x2000e0bd</value>
         <object_component_ref idref="oc-559"/>
      </symbol>
      <symbol id="sm-1352">
         <name>NwpPrePowerOffTimout0</name>
         <value>0x2000db81</value>
         <object_component_ref idref="oc-2f4"/>
      </symbol>
      <symbol id="sm-1353">
         <name>NwpRegisterInterruptHandler</name>
         <value>0x2000d455</value>
         <object_component_ref idref="oc-2a9"/>
      </symbol>
      <symbol id="sm-1354">
         <name>g_pHostIntHdl</name>
         <value>0x2001f2ac</value>
         <object_component_ref idref="oc-545"/>
      </symbol>
      <symbol id="sm-1355">
         <name>simplelink_timerA2_start</name>
         <value>0x2000d549</value>
         <object_component_ref idref="oc-890"/>
      </symbol>
      <symbol id="sm-1356">
         <name>NwpUnMaskInterrupt</name>
         <value>0x2000e0c9</value>
         <object_component_ref idref="oc-573"/>
      </symbol>
      <symbol id="sm-1357">
         <name>NwpPowerOff</name>
         <value>0x2000d5fd</value>
         <object_component_ref idref="oc-2a3"/>
      </symbol>
      <symbol id="sm-1358">
         <name>TimerGetCurrentTimestamp</name>
         <value>0x2000dbc1</value>
         <object_component_ref idref="oc-805"/>
      </symbol>
      <symbol id="sm-1359">
         <name>spi_Read</name>
         <value>0x2000a629</value>
         <object_component_ref idref="oc-829"/>
      </symbol>
      <symbol id="sm-135a">
         <name>DmaSpiSwIntHandler</name>
         <value>0x2000da6d</value>
         <object_component_ref idref="oc-54b"/>
      </symbol>
      <symbol id="sm-135b">
         <name>NwpPowerOn</name>
         <value>0x2000d82d</value>
         <object_component_ref idref="oc-2af"/>
      </symbol>
      <symbol id="sm-135c">
         <name>spi_Close</name>
         <value>0x2000c461</value>
         <object_component_ref idref="oc-2fa"/>
      </symbol>
      <symbol id="sm-135d">
         <name>spi_Write</name>
         <value>0x2000b999</value>
         <object_component_ref idref="oc-755"/>
      </symbol>
      <symbol id="sm-135e">
         <name>spi_Open</name>
         <value>0x20009639</value>
         <object_component_ref idref="oc-297"/>
      </symbol>
      <symbol id="sm-135f">
         <name>g_ucDMAEnabled</name>
         <value>0x2001f2b0</value>
         <object_component_ref idref="oc-545"/>
      </symbol>
      <symbol id="sm-1360">
         <name>g_SpiFd</name>
         <value>0x2001f2a8</value>
         <object_component_ref idref="oc-545"/>
      </symbol>
      <symbol id="sm-1393">
         <name>TimerLoadSet</name>
         <value>0x2000d8dd</value>
         <object_component_ref idref="oc-8f8"/>
      </symbol>
      <symbol id="sm-1394">
         <name>TimerEnable</name>
         <value>0x2000dc5d</value>
         <object_component_ref idref="oc-8fe"/>
      </symbol>
      <symbol id="sm-1395">
         <name>TimerValueGet</name>
         <value>0x2000dcd3</value>
         <object_component_ref idref="oc-896"/>
      </symbol>
      <symbol id="sm-1396">
         <name>TimerPrescaleSet</name>
         <value>0x2000d907</value>
         <object_component_ref idref="oc-8f2"/>
      </symbol>
      <symbol id="sm-1397">
         <name>TimerConfigure</name>
         <value>0x2000d13d</value>
         <object_component_ref idref="oc-8ec"/>
      </symbol>
      <symbol id="sm-13ee">
         <name>uDMAChannelControlSet</name>
         <value>0x2000d5c1</value>
         <object_component_ref idref="oc-95a"/>
      </symbol>
      <symbol id="sm-13ef">
         <name>uDMAChannelAttributeEnable</name>
         <value>0x2000c9d9</value>
         <object_component_ref idref="oc-960"/>
      </symbol>
      <symbol id="sm-13f0">
         <name>uDMAChannelTransferSet</name>
         <value>0x2000a719</value>
         <object_component_ref idref="oc-966"/>
      </symbol>
      <symbol id="sm-13f1">
         <name>uDMAChannelAssign</name>
         <value>0x2000cfd5</value>
         <object_component_ref idref="oc-703"/>
      </symbol>
      <symbol id="sm-13f2">
         <name>uDMAChannelAttributeDisable</name>
         <value>0x2000c975</value>
         <object_component_ref idref="oc-709"/>
      </symbol>
      <symbol id="sm-13f3">
         <name>uDMAChannelEnable</name>
         <value>0x2000dd7d</value>
         <object_component_ref idref="oc-96c"/>
      </symbol>
      <symbol id="sm-13f4">
         <name>__TI_static_base__</name>
         <value>0x2000ec20</value>
      </symbol>
      <symbol id="sm-13f7">
         <name>__mpu_init</name>
         <value>0x0</value>
      </symbol>
      <symbol id="sm-13f8">
         <name>_system_post_cinit</name>
         <value>0x0</value>
      </symbol>
   </symbol_table>
   <title>Link successful</title>
</link_info>
