<?xml version="1.0" encoding="ISO-8859-1" ?>
<link_info>
   <banner>TI ARM Linker PC v20.2.2.LTS</banner>
   <copyright>Copyright (c) 1996-2018 Texas Instruments Incorporated</copyright>
   <link_time>0x609b8802</link_time>
   <link_errors>0x0</link_errors>
   <output_file>SSL_REST_API_AWS.out</output_file>
   <entry_point>
      <name>_c_int00_noargs</name>
      <address>0x2000c5dd</address>
   </entry_point>
   <input_file_list>
      <input_file id="fl-2">
         <path>.\</path>
         <kind>object</kind>
         <file>gpio_if.obj</file>
         <name>gpio_if.obj</name>
      </input_file>
      <input_file id="fl-3">
         <path>.\</path>
         <kind>object</kind>
         <file>main.obj</file>
         <name>main.obj</name>
      </input_file>
      <input_file id="fl-4">
         <path>.\</path>
         <kind>object</kind>
         <file>network_common.obj</file>
         <name>network_common.obj</name>
      </input_file>
      <input_file id="fl-5">
         <path>.\</path>
         <kind>object</kind>
         <file>pinmux.obj</file>
         <name>pinmux.obj</name>
      </input_file>
      <input_file id="fl-6">
         <path>.\</path>
         <kind>object</kind>
         <file>startup_ccs.obj</file>
         <name>startup_ccs.obj</name>
      </input_file>
      <input_file id="fl-7">
         <path>.\</path>
         <kind>object</kind>
         <file>uart_if.obj</file>
         <name>uart_if.obj</name>
      </input_file>
      <input_file id="fl-d">
         <kind>object</kind>
         <file>&lt;internal&gt;</file>
         <name>&lt;internal&gt;</name>
      </input_file>
      <input_file id="fl-c3">
         <path>C:\ti\ccs1020\ccs\tools\compiler\ti-cgt-arm_20.2.2.LTS\lib\</path>
         <kind>archive</kind>
         <file>rtsv7M4_T_le_v4SPD16_eabi.lib</file>
         <name>sprintf.c.obj</name>
      </input_file>
      <input_file id="fl-c4">
         <path>C:\ti\ccs1020\ccs\tools\compiler\ti-cgt-arm_20.2.2.LTS\lib\</path>
         <kind>archive</kind>
         <file>rtsv7M4_T_le_v4SPD16_eabi.lib</file>
         <name>vsnprintf.c.obj</name>
      </input_file>
      <input_file id="fl-c5">
         <path>C:\ti\ccs1020\ccs\tools\compiler\ti-cgt-arm_20.2.2.LTS\lib\</path>
         <kind>archive</kind>
         <file>rtsv7M4_T_le_v4SPD16_eabi.lib</file>
         <name>memcpy_t2.asm.obj</name>
      </input_file>
      <input_file id="fl-c6">
         <path>C:\ti\ccs1020\ccs\tools\compiler\ti-cgt-arm_20.2.2.LTS\lib\</path>
         <kind>archive</kind>
         <file>rtsv7M4_T_le_v4SPD16_eabi.lib</file>
         <name>memset_t2.asm.obj</name>
      </input_file>
      <input_file id="fl-c7">
         <path>C:\ti\ccs1020\ccs\tools\compiler\ti-cgt-arm_20.2.2.LTS\lib\</path>
         <kind>archive</kind>
         <file>rtsv7M4_T_le_v4SPD16_eabi.lib</file>
         <name>copy_zero_init.c.obj</name>
      </input_file>
      <input_file id="fl-c8">
         <path>C:\ti\ccs1020\ccs\tools\compiler\ti-cgt-arm_20.2.2.LTS\lib\</path>
         <kind>archive</kind>
         <file>rtsv7M4_T_le_v4SPD16_eabi.lib</file>
         <name>copy_decompress_none.c.obj</name>
      </input_file>
      <input_file id="fl-c9">
         <path>C:\ti\ccs1020\ccs\tools\compiler\ti-cgt-arm_20.2.2.LTS\lib\</path>
         <kind>archive</kind>
         <file>rtsv7M4_T_le_v4SPD16_eabi.lib</file>
         <name>copy_decompress_lzss.c.obj</name>
      </input_file>
      <input_file id="fl-ca">
         <path>C:\ti\ccs1020\ccs\tools\compiler\ti-cgt-arm_20.2.2.LTS\lib\</path>
         <kind>archive</kind>
         <file>rtsv7M4_T_le_v4SPD16_eabi.lib</file>
         <name>memmov.c.obj</name>
      </input_file>
      <input_file id="fl-cb">
         <path>C:\ti\ccs1020\ccs\tools\compiler\ti-cgt-arm_20.2.2.LTS\lib\</path>
         <kind>archive</kind>
         <file>rtsv7M4_T_le_v4SPD16_eabi.lib</file>
         <name>memory.c.obj</name>
      </input_file>
      <input_file id="fl-cc">
         <path>C:\ti\ccs1020\ccs\tools\compiler\ti-cgt-arm_20.2.2.LTS\lib\</path>
         <kind>archive</kind>
         <file>rtsv7M4_T_le_v4SPD16_eabi.lib</file>
         <name>strcpy.c.obj</name>
      </input_file>
      <input_file id="fl-cd">
         <path>C:\ti\ccs1020\ccs\tools\compiler\ti-cgt-arm_20.2.2.LTS\lib\</path>
         <kind>archive</kind>
         <file>rtsv7M4_T_le_v4SPD16_eabi.lib</file>
         <name>strlen.c.obj</name>
      </input_file>
      <input_file id="fl-ce">
         <path>C:\ti\ccs1020\ccs\tools\compiler\ti-cgt-arm_20.2.2.LTS\lib\</path>
         <kind>archive</kind>
         <file>rtsv7M4_T_le_v4SPD16_eabi.lib</file>
         <name>boot_cortex_m.c.obj</name>
      </input_file>
      <input_file id="fl-cf">
         <path>C:\ti\ccs1020\ccs\tools\compiler\ti-cgt-arm_20.2.2.LTS\lib\</path>
         <kind>archive</kind>
         <file>rtsv7M4_T_le_v4SPD16_eabi.lib</file>
         <name>_printfi.c.obj</name>
      </input_file>
      <input_file id="fl-d0">
         <path>C:\ti\ccs1020\ccs\tools\compiler\ti-cgt-arm_20.2.2.LTS\lib\</path>
         <kind>archive</kind>
         <file>rtsv7M4_T_le_v4SPD16_eabi.lib</file>
         <name>fd_add_t2.asm.obj</name>
      </input_file>
      <input_file id="fl-d1">
         <path>C:\ti\ccs1020\ccs\tools\compiler\ti-cgt-arm_20.2.2.LTS\lib\</path>
         <kind>archive</kind>
         <file>rtsv7M4_T_le_v4SPD16_eabi.lib</file>
         <name>fd_cmp_t2.asm.obj</name>
      </input_file>
      <input_file id="fl-d2">
         <path>C:\ti\ccs1020\ccs\tools\compiler\ti-cgt-arm_20.2.2.LTS\lib\</path>
         <kind>archive</kind>
         <file>rtsv7M4_T_le_v4SPD16_eabi.lib</file>
         <name>fd_div_t2.asm.obj</name>
      </input_file>
      <input_file id="fl-d3">
         <path>C:\ti\ccs1020\ccs\tools\compiler\ti-cgt-arm_20.2.2.LTS\lib\</path>
         <kind>archive</kind>
         <file>rtsv7M4_T_le_v4SPD16_eabi.lib</file>
         <name>fd_mul_t2.asm.obj</name>
      </input_file>
      <input_file id="fl-d4">
         <path>C:\ti\ccs1020\ccs\tools\compiler\ti-cgt-arm_20.2.2.LTS\lib\</path>
         <kind>archive</kind>
         <file>rtsv7M4_T_le_v4SPD16_eabi.lib</file>
         <name>fd_toi_t2.asm.obj</name>
      </input_file>
      <input_file id="fl-d5">
         <path>C:\ti\ccs1020\ccs\tools\compiler\ti-cgt-arm_20.2.2.LTS\lib\</path>
         <kind>archive</kind>
         <file>rtsv7M4_T_le_v4SPD16_eabi.lib</file>
         <name>i_tofd_t2.asm.obj</name>
      </input_file>
      <input_file id="fl-d6">
         <path>C:\ti\ccs1020\ccs\tools\compiler\ti-cgt-arm_20.2.2.LTS\lib\</path>
         <kind>archive</kind>
         <file>rtsv7M4_T_le_v4SPD16_eabi.lib</file>
         <name>ull_div_t2.asm.obj</name>
      </input_file>
      <input_file id="fl-d7">
         <path>C:\ti\ccs1020\ccs\tools\compiler\ti-cgt-arm_20.2.2.LTS\lib\</path>
         <kind>archive</kind>
         <file>rtsv7M4_T_le_v4SPD16_eabi.lib</file>
         <name>autoinit.c.obj</name>
      </input_file>
      <input_file id="fl-d8">
         <path>C:\ti\ccs1020\ccs\tools\compiler\ti-cgt-arm_20.2.2.LTS\lib\</path>
         <kind>archive</kind>
         <file>rtsv7M4_T_le_v4SPD16_eabi.lib</file>
         <name>pre_init.c.obj</name>
      </input_file>
      <input_file id="fl-d9">
         <path>C:\ti\ccs1020\ccs\tools\compiler\ti-cgt-arm_20.2.2.LTS\lib\</path>
         <kind>archive</kind>
         <file>rtsv7M4_T_le_v4SPD16_eabi.lib</file>
         <name>cpy_tbl.c.obj</name>
      </input_file>
      <input_file id="fl-da">
         <path>C:\ti\ccs1020\ccs\tools\compiler\ti-cgt-arm_20.2.2.LTS\lib\</path>
         <kind>archive</kind>
         <file>rtsv7M4_T_le_v4SPD16_eabi.lib</file>
         <name>exit.c.obj</name>
      </input_file>
      <input_file id="fl-db">
         <path>C:\ti\ccs1020\ccs\tools\compiler\ti-cgt-arm_20.2.2.LTS\lib\</path>
         <kind>archive</kind>
         <file>rtsv7M4_T_le_v4SPD16_eabi.lib</file>
         <name>_lock.c.obj</name>
      </input_file>
      <input_file id="fl-dc">
         <path>C:\ti\ccs1020\ccs\tools\compiler\ti-cgt-arm_20.2.2.LTS\lib\</path>
         <kind>archive</kind>
         <file>rtsv7M4_T_le_v4SPD16_eabi.lib</file>
         <name>_ltoa.c.obj</name>
      </input_file>
      <input_file id="fl-dd">
         <path>C:\ti\ccs1020\ccs\tools\compiler\ti-cgt-arm_20.2.2.LTS\lib\</path>
         <kind>archive</kind>
         <file>rtsv7M4_T_le_v4SPD16_eabi.lib</file>
         <name>args_main.c.obj</name>
      </input_file>
      <input_file id="fl-de">
         <path>C:\ti\ccs1020\ccs\tools\compiler\ti-cgt-arm_20.2.2.LTS\lib\</path>
         <kind>archive</kind>
         <file>rtsv7M4_T_le_v4SPD16_eabi.lib</file>
         <name>atoi.c.obj</name>
      </input_file>
      <input_file id="fl-df">
         <path>C:\ti\ccs1020\ccs\tools\compiler\ti-cgt-arm_20.2.2.LTS\lib\</path>
         <kind>archive</kind>
         <file>rtsv7M4_T_le_v4SPD16_eabi.lib</file>
         <name>ctype.c.obj</name>
      </input_file>
      <input_file id="fl-e0">
         <path>C:\ti\ccs1020\ccs\tools\compiler\ti-cgt-arm_20.2.2.LTS\lib\</path>
         <kind>archive</kind>
         <file>rtsv7M4_T_le_v4SPD16_eabi.lib</file>
         <name>memccpy.c.obj</name>
      </input_file>
      <input_file id="fl-e1">
         <path>C:\ti\ccs1020\ccs\tools\compiler\ti-cgt-arm_20.2.2.LTS\lib\</path>
         <kind>archive</kind>
         <file>rtsv7M4_T_le_v4SPD16_eabi.lib</file>
         <name>strchr.c.obj</name>
      </input_file>
      <input_file id="fl-e2">
         <path>C:\ti\ccs1020\ccs\tools\compiler\ti-cgt-arm_20.2.2.LTS\lib\</path>
         <kind>archive</kind>
         <file>rtsv7M4_T_le_v4SPD16_eabi.lib</file>
         <name>errno.c.obj</name>
      </input_file>
      <input_file id="fl-e3">
         <path>C:\ti\ccs1020\ccs\tools\compiler\ti-cgt-arm_20.2.2.LTS\lib\</path>
         <kind>archive</kind>
         <file>rtsv7M4_T_le_v4SPD16_eabi.lib</file>
         <name>s_frexp.c.obj</name>
      </input_file>
      <input_file id="fl-e4">
         <path>C:\ti\ccs1020\ccs\tools\compiler\ti-cgt-arm_20.2.2.LTS\lib\</path>
         <kind>archive</kind>
         <file>rtsv7M4_T_le_v4SPD16_eabi.lib</file>
         <name>s_scalbn.c.obj</name>
      </input_file>
      <input_file id="fl-e5">
         <path>C:\ti\ccs1020\ccs\tools\compiler\ti-cgt-arm_20.2.2.LTS\lib\</path>
         <kind>archive</kind>
         <file>rtsv7M4_T_le_v4SPD16_eabi.lib</file>
         <name>wcslen.c.obj</name>
      </input_file>
      <input_file id="fl-e6">
         <path>C:\ti\ccs1020\ccs\tools\compiler\ti-cgt-arm_20.2.2.LTS\lib\</path>
         <kind>archive</kind>
         <file>rtsv7M4_T_le_v4SPD16_eabi.lib</file>
         <name>s_copysign.c.obj</name>
      </input_file>
      <input_file id="fl-e7">
         <path>C:\ti\ccs1020\ccs\tools\compiler\ti-cgt-arm_20.2.2.LTS\lib\</path>
         <kind>archive</kind>
         <file>rtsv7M4_T_le_v4SPD16_eabi.lib</file>
         <name>div0.asm.obj</name>
      </input_file>
      <input_file id="fl-e8">
         <path>C:\ti\CC3200SDK_1.5.0\cc3200-sdk\driverlib\ccs\Release\</path>
         <kind>archive</kind>
         <file>driverlib.a</file>
         <name>gpio.obj</name>
      </input_file>
      <input_file id="fl-e9">
         <path>C:\ti\CC3200SDK_1.5.0\cc3200-sdk\driverlib\ccs\Release\</path>
         <kind>archive</kind>
         <file>driverlib.a</file>
         <name>interrupt.obj</name>
      </input_file>
      <input_file id="fl-ea">
         <path>C:\ti\CC3200SDK_1.5.0\cc3200-sdk\driverlib\ccs\Release\</path>
         <kind>archive</kind>
         <file>driverlib.a</file>
         <name>pin.obj</name>
      </input_file>
      <input_file id="fl-eb">
         <path>C:\ti\CC3200SDK_1.5.0\cc3200-sdk\driverlib\ccs\Release\</path>
         <kind>archive</kind>
         <file>driverlib.a</file>
         <name>prcm.obj</name>
      </input_file>
      <input_file id="fl-ec">
         <path>C:\ti\CC3200SDK_1.5.0\cc3200-sdk\driverlib\ccs\Release\</path>
         <kind>archive</kind>
         <file>driverlib.a</file>
         <name>uart.obj</name>
      </input_file>
      <input_file id="fl-ed">
         <path>C:\ti\CC3200SDK_1.5.0\cc3200-sdk\driverlib\ccs\Release\</path>
         <kind>archive</kind>
         <file>driverlib.a</file>
         <name>utils.obj</name>
      </input_file>
      <input_file id="fl-ee">
         <path>C:\ti\CC3200SDK_1.5.0\cc3200-sdk\driverlib\ccs\Release\</path>
         <kind>archive</kind>
         <file>driverlib.a</file>
         <name>cpu.obj</name>
      </input_file>
      <input_file id="fl-ef">
         <path>C:\ti\CC3200SDK_1.5.0\cc3200-sdk\driverlib\ccs\Release\</path>
         <kind>archive</kind>
         <file>driverlib.a</file>
         <name>flash.obj</name>
      </input_file>
      <input_file id="fl-f0">
         <path>C:\ti\CC3200SDK_1.5.0\cc3200-sdk\simplelink\ccs\NON_OS\</path>
         <kind>archive</kind>
         <file>simplelink.a</file>
         <name>device.obj</name>
      </input_file>
      <input_file id="fl-f1">
         <path>C:\ti\CC3200SDK_1.5.0\cc3200-sdk\simplelink\ccs\NON_OS\</path>
         <kind>archive</kind>
         <file>simplelink.a</file>
         <name>driver.obj</name>
      </input_file>
      <input_file id="fl-f2">
         <path>C:\ti\CC3200SDK_1.5.0\cc3200-sdk\simplelink\ccs\NON_OS\</path>
         <kind>archive</kind>
         <file>simplelink.a</file>
         <name>netapp.obj</name>
      </input_file>
      <input_file id="fl-f3">
         <path>C:\ti\CC3200SDK_1.5.0\cc3200-sdk\simplelink\ccs\NON_OS\</path>
         <kind>archive</kind>
         <file>simplelink.a</file>
         <name>netcfg.obj</name>
      </input_file>
      <input_file id="fl-f4">
         <path>C:\ti\CC3200SDK_1.5.0\cc3200-sdk\simplelink\ccs\NON_OS\</path>
         <kind>archive</kind>
         <file>simplelink.a</file>
         <name>nonos.obj</name>
      </input_file>
      <input_file id="fl-f5">
         <path>C:\ti\CC3200SDK_1.5.0\cc3200-sdk\simplelink\ccs\NON_OS\</path>
         <kind>archive</kind>
         <file>simplelink.a</file>
         <name>socket.obj</name>
      </input_file>
      <input_file id="fl-f6">
         <path>C:\ti\CC3200SDK_1.5.0\cc3200-sdk\simplelink\ccs\NON_OS\</path>
         <kind>archive</kind>
         <file>simplelink.a</file>
         <name>wlan.obj</name>
      </input_file>
      <input_file id="fl-f7">
         <path>C:\ti\CC3200SDK_1.5.0\cc3200-sdk\simplelink\ccs\NON_OS\</path>
         <kind>archive</kind>
         <file>simplelink.a</file>
         <name>cc_pal.obj</name>
      </input_file>
      <input_file id="fl-f8">
         <path>C:\ti\CC3200SDK_1.5.0\cc3200-sdk\driverlib\ccs\Release\</path>
         <kind>archive</kind>
         <file>driverlib.a</file>
         <name>spi.obj</name>
      </input_file>
      <input_file id="fl-f9">
         <path>C:\ti\CC3200SDK_1.5.0\cc3200-sdk\driverlib\ccs\Release\</path>
         <kind>archive</kind>
         <file>driverlib.a</file>
         <name>timer.obj</name>
      </input_file>
      <input_file id="fl-fa">
         <path>C:\ti\CC3200SDK_1.5.0\cc3200-sdk\driverlib\ccs\Release\</path>
         <kind>archive</kind>
         <file>driverlib.a</file>
         <name>udma.obj</name>
      </input_file>
   </input_file_list>
   <object_component_list>
      <object_component id="oc-12">
         <name>.intvecs</name>
         <load_address>0x20004000</load_address>
         <run_address>0x20004000</run_address>
         <size>0x400</size>
         <input_file_ref idref="fl-6"/>
      </object_component>
      <object_component id="oc-97">
         <name>.text</name>
         <load_address>0x20004400</load_address>
         <run_address>0x20004400</run_address>
         <size>0x1280</size>
         <input_file_ref idref="fl-3"/>
      </object_component>
      <object_component id="oc-3e1">
         <name>.text:__TI_printfi</name>
         <load_address>0x20005680</load_address>
         <run_address>0x20005680</run_address>
         <size>0xa4e</size>
         <input_file_ref idref="fl-cf"/>
      </object_component>
      <object_component id="oc-6bb">
         <name>.text:IntDefaultHandler</name>
         <load_address>0x200060ce</load_address>
         <run_address>0x200060ce</run_address>
         <size>0x2</size>
         <input_file_ref idref="fl-e9"/>
      </object_component>
      <object_component id="oc-6cd">
         <name>.text:_SlDrvMsgRead</name>
         <load_address>0x200060d0</load_address>
         <run_address>0x200060d0</run_address>
         <size>0x590</size>
         <input_file_ref idref="fl-f1"/>
      </object_component>
      <object_component id="oc-145">
         <name>.text</name>
         <load_address>0x20006660</load_address>
         <run_address>0x20006660</run_address>
         <size>0x398</size>
         <input_file_ref idref="fl-2"/>
      </object_component>
      <object_component id="oc-13f">
         <name>.text:sl_WlanConnect</name>
         <load_address>0x200069f8</load_address>
         <run_address>0x200069f8</run_address>
         <size>0x280</size>
         <input_file_ref idref="fl-f6"/>
      </object_component>
      <object_component id="oc-c5">
         <name>.text</name>
         <load_address>0x20006c78</load_address>
         <run_address>0x20006c78</run_address>
         <size>0x27c</size>
         <input_file_ref idref="fl-7"/>
      </object_component>
      <object_component id="oc-603">
         <name>.text:_pconv_a</name>
         <load_address>0x20006ef4</load_address>
         <run_address>0x20006ef4</run_address>
         <size>0x270</size>
         <input_file_ref idref="fl-cf"/>
      </object_component>
      <object_component id="oc-7aa">
         <name>.text:_SlDrvRxHdrRead</name>
         <load_address>0x20007164</load_address>
         <run_address>0x20007164</run_address>
         <size>0x248</size>
         <input_file_ref idref="fl-f1"/>
      </object_component>
      <object_component id="oc-409">
         <name>.text:_SlDrvDataReadOp</name>
         <load_address>0x200073ac</load_address>
         <run_address>0x200073ac</run_address>
         <size>0x1e4</size>
         <input_file_ref idref="fl-f1"/>
      </object_component>
      <object_component id="oc-288">
         <name>.text:_SlDrvReleasePoolObj</name>
         <load_address>0x20007590</load_address>
         <run_address>0x20007590</run_address>
         <size>0x1d0</size>
         <input_file_ref idref="fl-f1"/>
      </object_component>
      <object_component id="oc-5f1">
         <name>.text:_pconv_g</name>
         <load_address>0x20007760</load_address>
         <run_address>0x20007760</run_address>
         <size>0x1d0</size>
         <input_file_ref idref="fl-cf"/>
      </object_component>
      <object_component id="oc-732">
         <name>.text</name>
         <load_address>0x20007930</load_address>
         <run_address>0x20007930</run_address>
         <size>0x1b6</size>
         <input_file_ref idref="fl-d0"/>
      </object_component>
      <object_component id="oc-645">
         <name>.text:_nop</name>
         <load_address>0x20007ae6</load_address>
         <run_address>0x20007ae6</run_address>
         <size>0x2</size>
         <input_file_ref idref="fl-db"/>
      </object_component>
      <object_component id="oc-25e">
         <name>.text:_SlDrvDriverCBInit</name>
         <load_address>0x20007ae8</load_address>
         <run_address>0x20007ae8</run_address>
         <size>0x1b4</size>
         <input_file_ref idref="fl-f1"/>
      </object_component>
      <object_component id="oc-556">
         <name>.text:_SlDrvMsgWrite</name>
         <load_address>0x20007c9c</load_address>
         <run_address>0x20007c9c</run_address>
         <size>0x19c</size>
         <input_file_ref idref="fl-f1"/>
      </object_component>
      <object_component id="oc-391">
         <name>.text:_SlDrvWaitForPoolObj</name>
         <load_address>0x20007e38</load_address>
         <run_address>0x20007e38</run_address>
         <size>0x190</size>
         <input_file_ref idref="fl-f1"/>
      </object_component>
      <object_component id="oc-176">
         <name>.text:sl_Connect</name>
         <load_address>0x20007fc8</load_address>
         <run_address>0x20007fc8</run_address>
         <size>0x18c</size>
         <input_file_ref idref="fl-f5"/>
      </object_component>
      <object_component id="oc-133">
         <name>.text:PRCMCC3200MCUInit</name>
         <load_address>0x20008154</load_address>
         <run_address>0x20008154</run_address>
         <size>0x178</size>
         <input_file_ref idref="fl-eb"/>
      </object_component>
      <object_component id="oc-7bc">
         <name>.text:_SlFindAndSetActiveObj</name>
         <load_address>0x200082cc</load_address>
         <run_address>0x200082cc</run_address>
         <size>0x170</size>
         <input_file_ref idref="fl-f1"/>
      </object_component>
      <object_component id="oc-3fb">
         <name>.text:_SlDrvDataWriteOp</name>
         <load_address>0x2000843c</load_address>
         <run_address>0x2000843c</run_address>
         <size>0x150</size>
         <input_file_ref idref="fl-f1"/>
      </object_component>
      <object_component id="oc-264">
         <name>.text:spi_Open</name>
         <load_address>0x2000858c</load_address>
         <run_address>0x2000858c</run_address>
         <size>0x148</size>
         <input_file_ref idref="fl-f7"/>
      </object_component>
      <object_component id="oc-55c">
         <name>.text:_SlDrvMsgReadCmdCtx</name>
         <load_address>0x200086d4</load_address>
         <run_address>0x200086d4</run_address>
         <size>0x144</size>
         <input_file_ref idref="fl-f1"/>
      </object_component>
      <object_component id="oc-158">
         <name>.text:sl_NetAppDnsGetHostByName</name>
         <load_address>0x20008818</load_address>
         <run_address>0x20008818</run_address>
         <size>0x144</size>
         <input_file_ref idref="fl-f2"/>
      </object_component>
      <object_component id="oc-5fd">
         <name>.text:_pconv_e</name>
         <load_address>0x2000895c</load_address>
         <run_address>0x2000895c</run_address>
         <size>0x13c</size>
         <input_file_ref idref="fl-cf"/>
      </object_component>
      <object_component id="oc-718">
         <name>.text</name>
         <load_address>0x20008a98</load_address>
         <run_address>0x20008a98</run_address>
         <size>0x136</size>
         <input_file_ref idref="fl-d2"/>
      </object_component>
      <object_component id="oc-7ee">
         <name>.text</name>
         <load_address>0x20008bce</load_address>
         <run_address>0x20008bce</run_address>
         <size>0x2</size>
         <input_file_ref idref="fl-e7"/>
      </object_component>
      <object_component id="oc-190">
         <name>.text:sl_Send</name>
         <load_address>0x20008bd0</load_address>
         <run_address>0x20008bd0</run_address>
         <size>0x134</size>
         <input_file_ref idref="fl-f5"/>
      </object_component>
      <object_component id="oc-2cd">
         <name>.text:_SlDrvDriverCBDeinit</name>
         <load_address>0x20008d04</load_address>
         <run_address>0x20008d04</run_address>
         <size>0x130</size>
         <input_file_ref idref="fl-f1"/>
      </object_component>
      <object_component id="oc-744">
         <name>.text:fcvt</name>
         <load_address>0x20008e34</load_address>
         <run_address>0x20008e34</run_address>
         <size>0x124</size>
         <input_file_ref idref="fl-cf"/>
      </object_component>
      <object_component id="oc-758">
         <name>.text:scalbn</name>
         <load_address>0x20008f58</load_address>
         <run_address>0x20008f58</run_address>
         <size>0x110</size>
         <input_file_ref idref="fl-e4"/>
      </object_component>
      <object_component id="oc-83d">
         <name>.text:_SlDrvNetAppEventHandler</name>
         <load_address>0x20009068</load_address>
         <run_address>0x20009068</run_address>
         <size>0x104</size>
         <input_file_ref idref="fl-f2"/>
      </object_component>
      <object_component id="oc-45e">
         <name>.text:aligned_alloc</name>
         <load_address>0x2000916c</load_address>
         <run_address>0x2000916c</run_address>
         <size>0x100</size>
         <input_file_ref idref="fl-cb"/>
      </object_component>
      <object_component id="oc-713">
         <name>.text</name>
         <load_address>0x2000926c</load_address>
         <run_address>0x2000926c</run_address>
         <size>0xfc</size>
         <input_file_ref idref="fl-d3"/>
      </object_component>
      <object_component id="oc-e4">
         <name>.text:sl_Stop</name>
         <load_address>0x20009368</load_address>
         <run_address>0x20009368</run_address>
         <size>0xf0</size>
         <input_file_ref idref="fl-f0"/>
      </object_component>
      <object_component id="oc-7b6">
         <name>.text:spi_Read</name>
         <load_address>0x20009458</load_address>
         <run_address>0x20009458</run_address>
         <size>0xf0</size>
         <input_file_ref idref="fl-f7"/>
      </object_component>
      <object_component id="oc-8f8">
         <name>.text:uDMAChannelTransferSet</name>
         <load_address>0x20009548</load_address>
         <run_address>0x20009548</run_address>
         <size>0xf0</size>
         <input_file_ref idref="fl-fa"/>
      </object_component>
      <object_component id="oc-d2">
         <name>.text:sl_Start</name>
         <load_address>0x20009638</load_address>
         <run_address>0x20009638</run_address>
         <size>0xec</size>
         <input_file_ref idref="fl-f0"/>
      </object_component>
      <object_component id="oc-6d3">
         <name>.text:_SlAsyncEventGenericHandler</name>
         <load_address>0x20009724</load_address>
         <run_address>0x20009724</run_address>
         <size>0xe8</size>
         <input_file_ref idref="fl-f1"/>
      </object_component>
      <object_component id="oc-53d">
         <name>.text:_SlDrvMsgReadSpawnCtx</name>
         <load_address>0x2000980c</load_address>
         <run_address>0x2000980c</run_address>
         <size>0xe8</size>
         <input_file_ref idref="fl-f1"/>
      </object_component>
      <object_component id="oc-22b">
         <name>.text:free</name>
         <load_address>0x200098f4</load_address>
         <run_address>0x200098f4</run_address>
         <size>0xe4</size>
         <input_file_ref idref="fl-cb"/>
      </object_component>
      <object_component id="oc-225">
         <name>.text:realloc</name>
         <load_address>0x200099d8</load_address>
         <run_address>0x200099d8</run_address>
         <size>0xe4</size>
         <input_file_ref idref="fl-cb"/>
      </object_component>
      <object_component id="oc-308">
         <name>.text:sl_NetAppMDNSRegisterUnregisterService</name>
         <load_address>0x20009abc</load_address>
         <run_address>0x20009abc</run_address>
         <size>0xe4</size>
         <input_file_ref idref="fl-f2"/>
      </object_component>
      <object_component id="oc-7b0">
         <name>.text:_SlDrvClassifyRxMsg</name>
         <load_address>0x20009ba0</load_address>
         <run_address>0x20009ba0</run_address>
         <size>0xdc</size>
         <input_file_ref idref="fl-f1"/>
      </object_component>
      <object_component id="oc-8b6">
         <name>.text:_sl_HandleAsync_DnsGetHostByService</name>
         <load_address>0x20009c7c</load_address>
         <run_address>0x20009c7c</run_address>
         <size>0xcc</size>
         <input_file_ref idref="fl-f2"/>
      </object_component>
      <object_component id="oc-ea">
         <name>.text:sl_DevGet</name>
         <load_address>0x20009d48</load_address>
         <run_address>0x20009d48</run_address>
         <size>0xcc</size>
         <input_file_ref idref="fl-f0"/>
      </object_component>
      <object_component id="oc-518">
         <name>.text:_SlRemoveFromList</name>
         <load_address>0x20009e14</load_address>
         <run_address>0x20009e14</run_address>
         <size>0xc4</size>
         <input_file_ref idref="fl-f1"/>
      </object_component>
      <object_component id="oc-2b1">
         <name>.text:_SlDrvCmdOp</name>
         <load_address>0x20009ed8</load_address>
         <run_address>0x20009ed8</run_address>
         <size>0xc0</size>
         <input_file_ref idref="fl-f1"/>
      </object_component>
      <object_component id="oc-5e6">
         <name>.text:_ltostr</name>
         <load_address>0x20009f98</load_address>
         <run_address>0x20009f98</run_address>
         <size>0xb1</size>
         <input_file_ref idref="fl-cf"/>
      </object_component>
      <object_component id="oc-489">
         <name>.text:_SlNonOsSemGet</name>
         <load_address>0x2000a04c</load_address>
         <run_address>0x2000a04c</run_address>
         <size>0xb0</size>
         <input_file_ref idref="fl-f4"/>
      </object_component>
      <object_component id="oc-4f7">
         <name>.text:IntDisable</name>
         <load_address>0x2000a0fc</load_address>
         <run_address>0x2000a0fc</run_address>
         <size>0xa8</size>
         <input_file_ref idref="fl-e9"/>
      </object_component>
      <object_component id="oc-12d">
         <name>.text:IntEnable</name>
         <load_address>0x2000a1a4</load_address>
         <run_address>0x2000a1a4</run_address>
         <size>0xa8</size>
         <input_file_ref idref="fl-e9"/>
      </object_component>
      <object_component id="oc-511">
         <name>.text:_SlDriverHandleError</name>
         <load_address>0x2000a24c</load_address>
         <run_address>0x2000a24c</run_address>
         <size>0xa4</size>
         <input_file_ref idref="fl-f1"/>
      </object_component>
      <object_component id="oc-4a6">
         <name>.text:SPIConfigSetExpClk</name>
         <load_address>0x2000a2f0</load_address>
         <run_address>0x2000a2f0</run_address>
         <size>0xa0</size>
         <input_file_ref idref="fl-f8"/>
      </object_component>
      <object_component id="oc-19c">
         <name>.text:sl_Recv</name>
         <load_address>0x2000a390</load_address>
         <run_address>0x2000a390</run_address>
         <size>0xa0</size>
         <input_file_ref idref="fl-f5"/>
      </object_component>
      <object_component id="oc-3d">
         <name>.text</name>
         <load_address>0x2000a430</load_address>
         <run_address>0x2000a430</run_address>
         <size>0x9c</size>
         <input_file_ref idref="fl-c5"/>
      </object_component>
      <object_component id="oc-89c">
         <name>.text:_SlDrvDeviceEventHandler</name>
         <load_address>0x2000a4cc</load_address>
         <run_address>0x2000a4cc</run_address>
         <size>0x9a</size>
         <input_file_ref idref="fl-f0"/>
      </object_component>
      <object_component id="oc-14c">
         <name>.text:sl_DevSet</name>
         <load_address>0x2000a568</load_address>
         <run_address>0x2000a568</run_address>
         <size>0x98</size>
         <input_file_ref idref="fl-f0"/>
      </object_component>
      <object_component id="oc-102">
         <name>.text:sl_NetCfgSet</name>
         <load_address>0x2000a600</load_address>
         <run_address>0x2000a600</run_address>
         <size>0x98</size>
         <input_file_ref idref="fl-f3"/>
      </object_component>
      <object_component id="oc-170">
         <name>.text:sl_SetSockOpt</name>
         <load_address>0x2000a698</load_address>
         <run_address>0x2000a698</run_address>
         <size>0x98</size>
         <input_file_ref idref="fl-f5"/>
      </object_component>
      <object_component id="oc-108">
         <name>.text:sl_WlanSet</name>
         <load_address>0x2000a730</load_address>
         <run_address>0x2000a730</run_address>
         <size>0x98</size>
         <input_file_ref idref="fl-f6"/>
      </object_component>
      <object_component id="oc-6dc">
         <name>.text:spi_Write</name>
         <load_address>0x2000a7c8</load_address>
         <run_address>0x2000a7c8</run_address>
         <size>0x98</size>
         <input_file_ref idref="fl-f7"/>
      </object_component>
      <object_component id="oc-70c">
         <name>.text</name>
         <load_address>0x2000a860</load_address>
         <run_address>0x2000a860</run_address>
         <size>0x96</size>
         <input_file_ref idref="fl-d6"/>
      </object_component>
      <object_component id="oc-1f5">
         <name>.text:PRCMPeripheralClockGet</name>
         <load_address>0x2000a8f8</load_address>
         <run_address>0x2000a8f8</run_address>
         <size>0x94</size>
         <input_file_ref idref="fl-eb"/>
      </object_component>
      <object_component id="oc-8b0">
         <name>.text:_sl_HandleAsync_DnsGetHostByName</name>
         <load_address>0x2000a98c</load_address>
         <run_address>0x2000a98c</run_address>
         <size>0x90</size>
         <input_file_ref idref="fl-f2"/>
      </object_component>
      <object_component id="oc-843">
         <name>.text:_sl_HandleAsync_PingResponse</name>
         <load_address>0x2000aa1c</load_address>
         <run_address>0x2000aa1c</run_address>
         <size>0x90</size>
         <input_file_ref idref="fl-f2"/>
      </object_component>
      <object_component id="oc-f0">
         <name>.text:sl_WlanPolicySet</name>
         <load_address>0x2000aaac</load_address>
         <run_address>0x2000aaac</run_address>
         <size>0x90</size>
         <input_file_ref idref="fl-f6"/>
      </object_component>
      <object_component id="oc-84a">
         <name>.text:SetupDMAReceive</name>
         <load_address>0x2000ab3c</load_address>
         <run_address>0x2000ab3c</run_address>
         <size>0x8c</size>
         <input_file_ref idref="fl-f7"/>
      </object_component>
      <object_component id="oc-7c7">
         <name>.text:SetupDMASend</name>
         <load_address>0x2000abc8</load_address>
         <run_address>0x2000abc8</run_address>
         <size>0x8c</size>
         <input_file_ref idref="fl-f7"/>
      </object_component>
      <object_component id="oc-67c">
         <name>.text:_SlDrvIsTimeoutExpired</name>
         <load_address>0x2000ac54</load_address>
         <run_address>0x2000ac54</run_address>
         <size>0x8c</size>
         <input_file_ref idref="fl-f1"/>
      </object_component>
      <object_component id="oc-909">
         <name>.text:_sl_HandleAsync_InitComplete</name>
         <load_address>0x2000ace0</load_address>
         <run_address>0x2000ace0</run_address>
         <size>0x8c</size>
         <input_file_ref idref="fl-f0"/>
      </object_component>
      <object_component id="oc-16a">
         <name>.text:sl_Socket</name>
         <load_address>0x2000ad6c</load_address>
         <run_address>0x2000ad6c</run_address>
         <size>0x8c</size>
         <input_file_ref idref="fl-f5"/>
      </object_component>
      <object_component id="oc-5cf">
         <name>.text:PinConfigSet</name>
         <load_address>0x2000adf8</load_address>
         <run_address>0x2000adf8</run_address>
         <size>0x88</size>
         <input_file_ref idref="fl-ea"/>
      </object_component>
      <object_component id="oc-5ec">
         <name>.text:__aeabi_cdcmple</name>
         <load_address>0x2000ae80</load_address>
         <run_address>0x2000ae80</run_address>
         <size>0x86</size>
         <input_file_ref idref="fl-d1"/>
      </object_component>
      <object_component id="oc-71d">
         <name>.text:__aeabi_cdrcmple</name>
         <load_address>0x2000af06</load_address>
         <run_address>0x2000af06</run_address>
         <size>0x86</size>
         <input_file_ref idref="fl-d1"/>
      </object_component>
      <object_component id="oc-11a">
         <name>.text:sl_WlanRxFilterSet</name>
         <load_address>0x2000af8c</load_address>
         <run_address>0x2000af8c</run_address>
         <size>0x84</size>
         <input_file_ref idref="fl-f6"/>
      </object_component>
      <object_component id="oc-355">
         <name>.text:GPIOIntTypeSet</name>
         <load_address>0x2000b010</load_address>
         <run_address>0x2000b010</run_address>
         <size>0x82</size>
         <input_file_ref idref="fl-e8"/>
      </object_component>
      <object_component id="oc-8d8">
         <name>.text:_sl_HandleAsync_Connect</name>
         <load_address>0x2000b094</load_address>
         <run_address>0x2000b094</run_address>
         <size>0x80</size>
         <input_file_ref idref="fl-f5"/>
      </object_component>
      <object_component id="oc-850">
         <name>.text:spi_Read_CPU</name>
         <load_address>0x2000b114</load_address>
         <run_address>0x2000b114</run_address>
         <size>0x80</size>
         <input_file_ref idref="fl-f7"/>
      </object_component>
      <object_component id="oc-7d9">
         <name>.text:spi_Write_CPU</name>
         <load_address>0x2000b194</load_address>
         <run_address>0x2000b194</run_address>
         <size>0x80</size>
         <input_file_ref idref="fl-f7"/>
      </object_component>
      <object_component id="oc-8b">
         <name>.text</name>
         <load_address>0x2000b214</load_address>
         <run_address>0x2000b214</run_address>
         <size>0x7a</size>
         <input_file_ref idref="fl-c6"/>
      </object_component>
      <object_component id="oc-2c7">
         <name>.text:spi_Close</name>
         <load_address>0x2000b290</load_address>
         <run_address>0x2000b290</run_address>
         <size>0x78</size>
         <input_file_ref idref="fl-f7"/>
      </object_component>
      <object_component id="oc-1fb">
         <name>.text:UARTConfigSetExpClk</name>
         <load_address>0x2000b308</load_address>
         <run_address>0x2000b308</run_address>
         <size>0x76</size>
         <input_file_ref idref="fl-ec"/>
      </object_component>
      <object_component id="oc-d8">
         <name>.text:_SlNonOsMainLoopTask</name>
         <load_address>0x2000b380</load_address>
         <run_address>0x2000b380</run_address>
         <size>0x74</size>
         <input_file_ref idref="fl-f4"/>
      </object_component>
      <object_component id="oc-46b">
         <name>.text:split</name>
         <load_address>0x2000b3f4</load_address>
         <run_address>0x2000b3f4</run_address>
         <size>0x70</size>
         <input_file_ref idref="fl-cb"/>
      </object_component>
      <object_component id="oc-73d">
         <name>.text:_mcpy</name>
         <load_address>0x2000b464</load_address>
         <run_address>0x2000b464</run_address>
         <size>0x6e</size>
         <input_file_ref idref="fl-cf"/>
      </object_component>
      <object_component id="oc-921">
         <name>.text:_SlDrvCmdSend</name>
         <load_address>0x2000b4d4</load_address>
         <run_address>0x2000b4d4</run_address>
         <size>0x6c</size>
         <input_file_ref idref="fl-f1"/>
      </object_component>
      <object_component id="oc-8c2">
         <name>.text:_sl_NetAppSendTokenValue</name>
         <load_address>0x2000b540</load_address>
         <run_address>0x2000b540</run_address>
         <size>0x6c</size>
         <input_file_ref idref="fl-f2"/>
      </object_component>
      <object_component id="oc-15">
         <name>.text:decompress:lzss:__TI_decompress_lzss</name>
         <load_address>0x2000b5ac</load_address>
         <run_address>0x2000b5ac</run_address>
         <size>0x68</size>
         <input_file_ref idref="fl-c9"/>
      </object_component>
      <object_component id="oc-537">
         <name>.text:_SlNonOsSpawn</name>
         <load_address>0x2000b614</load_address>
         <run_address>0x2000b614</run_address>
         <size>0x64</size>
         <input_file_ref idref="fl-f4"/>
      </object_component>
      <object_component id="oc-8d2">
         <name>.text:_sl_HandleAsync_Accept</name>
         <load_address>0x2000b678</load_address>
         <run_address>0x2000b678</run_address>
         <size>0x64</size>
         <input_file_ref idref="fl-f5"/>
      </object_component>
      <object_component id="oc-752">
         <name>.text:frexp</name>
         <load_address>0x2000b6dc</load_address>
         <run_address>0x2000b6dc</run_address>
         <size>0x64</size>
         <input_file_ref idref="fl-e3"/>
      </object_component>
      <object_component id="oc-10e">
         <name>.text:sl_NetAppMDNSUnRegisterService</name>
         <load_address>0x2000b740</load_address>
         <run_address>0x2000b740</run_address>
         <size>0x64</size>
         <input_file_ref idref="fl-f2"/>
      </object_component>
      <object_component id="oc-693">
         <name>.text:uDMAChannelAttributeDisable</name>
         <load_address>0x2000b7a4</load_address>
         <run_address>0x2000b7a4</run_address>
         <size>0x64</size>
         <input_file_ref idref="fl-fa"/>
      </object_component>
      <object_component id="oc-8f2">
         <name>.text:uDMAChannelAttributeEnable</name>
         <load_address>0x2000b808</load_address>
         <run_address>0x2000b808</run_address>
         <size>0x64</size>
         <input_file_ref idref="fl-fa"/>
      </object_component>
      <object_component id="oc-196">
         <name>.text:sl_Close</name>
         <load_address>0x2000b86c</load_address>
         <run_address>0x2000b86c</run_address>
         <size>0x60</size>
         <input_file_ref idref="fl-f5"/>
      </object_component>
      <object_component id="oc-f6">
         <name>.text:sl_WlanProfileDel</name>
         <load_address>0x2000b8cc</load_address>
         <run_address>0x2000b8cc</run_address>
         <size>0x60</size>
         <input_file_ref idref="fl-f6"/>
      </object_component>
      <object_component id="oc-de">
         <name>.text:sl_WlanSetMode</name>
         <load_address>0x2000b92c</load_address>
         <run_address>0x2000b92c</run_address>
         <size>0x60</size>
         <input_file_ref idref="fl-f6"/>
      </object_component>
      <object_component id="oc-503">
         <name>.text:IntPendClear</name>
         <load_address>0x2000b98c</load_address>
         <run_address>0x2000b98c</run_address>
         <size>0x58</size>
         <input_file_ref idref="fl-e9"/>
      </object_component>
      <object_component id="oc-33c">
         <name>.text:PRCMPeripheralReset</name>
         <load_address>0x2000b9e4</load_address>
         <run_address>0x2000b9e4</run_address>
         <size>0x58</size>
         <input_file_ref idref="fl-eb"/>
      </object_component>
      <object_component id="oc-17c">
         <name>.text</name>
         <load_address>0x2000ba3c</load_address>
         <run_address>0x2000ba3c</run_address>
         <size>0x58</size>
         <input_file_ref idref="fl-5"/>
      </object_component>
      <object_component id="oc-5f7">
         <name>.text:_pconv_f</name>
         <load_address>0x2000ba94</load_address>
         <run_address>0x2000ba94</run_address>
         <size>0x56</size>
         <input_file_ref idref="fl-cf"/>
      </object_component>
      <object_component id="oc-35b">
         <name>.text:IntPrioritySet</name>
         <load_address>0x2000baec</load_address>
         <run_address>0x2000baec</run_address>
         <size>0x54</size>
         <input_file_ref idref="fl-e9"/>
      </object_component>
      <object_component id="oc-29a">
         <name>.text:_SlDrvRxIrqHandler</name>
         <load_address>0x2000bb40</load_address>
         <run_address>0x2000bb40</run_address>
         <size>0x54</size>
         <input_file_ref idref="fl-f1"/>
      </object_component>
      <object_component id="oc-727">
         <name>.text:__TI_ltoa</name>
         <load_address>0x2000bb94</load_address>
         <run_address>0x2000bb94</run_address>
         <size>0x54</size>
         <input_file_ref idref="fl-dc"/>
      </object_component>
      <object_component id="oc-8de">
         <name>.text:_sl_HandleAsync_Select</name>
         <load_address>0x2000bbe8</load_address>
         <run_address>0x2000bbe8</run_address>
         <size>0x54</size>
         <input_file_ref idref="fl-f5"/>
      </object_component>
      <object_component id="oc-737">
         <name>.text:_ecpy</name>
         <load_address>0x2000bc3c</load_address>
         <run_address>0x2000bc3c</run_address>
         <size>0x52</size>
         <input_file_ref idref="fl-cf"/>
      </object_component>
      <object_component id="oc-8e4">
         <name>.text:_sl_HandleAsync_Stop</name>
         <load_address>0x2000bc90</load_address>
         <run_address>0x2000bc90</run_address>
         <size>0x50</size>
         <input_file_ref idref="fl-f0"/>
      </object_component>
      <object_component id="oc-4d0">
         <name>.text:SPIIntEnable</name>
         <load_address>0x2000bce0</load_address>
         <run_address>0x2000bce0</run_address>
         <size>0x4c</size>
         <input_file_ref idref="fl-f8"/>
      </object_component>
      <object_component id="oc-6e7">
         <name>.text:SPIIntNumberGet</name>
         <load_address>0x2000bd2c</load_address>
         <run_address>0x2000bd2c</run_address>
         <size>0x4c</size>
         <input_file_ref idref="fl-f8"/>
      </object_component>
      <object_component id="oc-26a">
         <name>.text:_SlDrvProtectAsyncRespSetting</name>
         <load_address>0x2000bd78</load_address>
         <run_address>0x2000bd78</run_address>
         <size>0x4c</size>
         <input_file_ref idref="fl-f1"/>
      </object_component>
      <object_component id="oc-3c2">
         <name>.text:_sl_BuildAddress</name>
         <load_address>0x2000bdc4</load_address>
         <run_address>0x2000bdc4</run_address>
         <size>0x4c</size>
         <input_file_ref idref="fl-f5"/>
      </object_component>
      <object_component id="oc-5e0">
         <name>.text:atoi</name>
         <load_address>0x2000be10</load_address>
         <run_address>0x2000be10</run_address>
         <size>0x4c</size>
         <input_file_ref idref="fl-de"/>
      </object_component>
      <object_component id="oc-68d">
         <name>.text:uDMAChannelAssign</name>
         <load_address>0x2000be5c</load_address>
         <run_address>0x2000be5c</run_address>
         <size>0x4c</size>
         <input_file_ref idref="fl-fa"/>
      </object_component>
      <object_component id="oc-5ac">
         <name>.text:GPIOGetIntNumber</name>
         <load_address>0x2000bea8</load_address>
         <run_address>0x2000bea8</run_address>
         <size>0x48</size>
         <input_file_ref idref="fl-e8"/>
      </object_component>
      <object_component id="oc-6af">
         <name>.text:SPIIntClear</name>
         <load_address>0x2000bef0</load_address>
         <run_address>0x2000bef0</run_address>
         <size>0x48</size>
         <input_file_ref idref="fl-f8"/>
      </object_component>
      <object_component id="oc-2f3">
         <name>.text:_SlDrvBasicCmd</name>
         <load_address>0x2000bf38</load_address>
         <run_address>0x2000bf38</run_address>
         <size>0x48</size>
         <input_file_ref idref="fl-f1"/>
      </object_component>
      <object_component id="oc-722">
         <name>.text</name>
         <load_address>0x2000bf80</load_address>
         <run_address>0x2000bf80</run_address>
         <size>0x48</size>
         <input_file_ref idref="fl-d4"/>
      </object_component>
      <object_component id="oc-69e">
         <name>.text:SPIDmaMaskGet</name>
         <load_address>0x2000bfc8</load_address>
         <run_address>0x2000bfc8</run_address>
         <size>0x44</size>
         <input_file_ref idref="fl-f8"/>
      </object_component>
      <object_component id="oc-87c">
         <name>.text:TimerConfigure</name>
         <load_address>0x2000c00c</load_address>
         <run_address>0x2000c00c</run_address>
         <size>0x44</size>
         <input_file_ref idref="fl-f9"/>
      </object_component>
      <object_component id="oc-91a">
         <name>.text:_SlDrvHandleHttpServerEvents</name>
         <load_address>0x2000c050</load_address>
         <run_address>0x2000c050</run_address>
         <size>0x44</size>
         <input_file_ref idref="fl-f1"/>
      </object_component>
      <object_component id="oc-282">
         <name>.text:_SlDrvSyncObjWaitTimeout</name>
         <load_address>0x2000c094</load_address>
         <run_address>0x2000c094</run_address>
         <size>0x44</size>
         <input_file_ref idref="fl-f1"/>
      </object_component>
      <object_component id="oc-1c3">
         <name>.text:__TI_auto_init_nobinit_nopinit:__TI_auto_init_nobinit_nopinit</name>
         <load_address>0x2000c0d8</load_address>
         <run_address>0x2000c0d8</run_address>
         <size>0x44</size>
         <input_file_ref idref="fl-d7"/>
      </object_component>
      <object_component id="oc-85d">
         <name>.text:cc_SetupTransfer</name>
         <load_address>0x2000c11c</load_address>
         <run_address>0x2000c11c</run_address>
         <size>0x44</size>
         <input_file_ref idref="fl-f7"/>
      </object_component>
      <object_component id="oc-164">
         <name>.text:sl_Htonl</name>
         <load_address>0x2000c160</load_address>
         <run_address>0x2000c160</run_address>
         <size>0x42</size>
         <input_file_ref idref="fl-f5"/>
      </object_component>
      <object_component id="oc-5d5">
         <name>.text:PinModeSet</name>
         <load_address>0x2000c1a4</load_address>
         <run_address>0x2000c1a4</run_address>
         <size>0x40</size>
         <input_file_ref idref="fl-ea"/>
      </object_component>
      <object_component id="oc-8a8">
         <name>.text:_SlDrvHandleNetAppEvents</name>
         <load_address>0x2000c1e4</load_address>
         <run_address>0x2000c1e4</run_address>
         <size>0x40</size>
         <input_file_ref idref="fl-f1"/>
      </object_component>
      <object_component id="oc-8a2">
         <name>.text:_SlDrvHandleWlanEvents</name>
         <load_address>0x2000c224</load_address>
         <run_address>0x2000c224</run_address>
         <size>0x40</size>
         <input_file_ref idref="fl-f1"/>
      </object_component>
      <object_component id="oc-3f5">
         <name>.text:_sl_TruncatePayloadByProtocol</name>
         <load_address>0x2000c264</load_address>
         <run_address>0x2000c264</run_address>
         <size>0x40</size>
         <input_file_ref idref="fl-f5"/>
      </object_component>
      <object_component id="oc-18a">
         <name>.text:sprintf</name>
         <load_address>0x2000c2a4</load_address>
         <run_address>0x2000c2a4</run_address>
         <size>0x40</size>
         <input_file_ref idref="fl-c3"/>
      </object_component>
      <object_component id="oc-207">
         <name>.text:vsnprintf</name>
         <load_address>0x2000c2e4</load_address>
         <run_address>0x2000c2e4</run_address>
         <size>0x40</size>
         <input_file_ref idref="fl-c4"/>
      </object_component>
      <object_component id="oc-276">
         <name>.text:NwpRegisterInterruptHandler</name>
         <load_address>0x2000c324</load_address>
         <run_address>0x2000c324</run_address>
         <size>0x3e</size>
         <input_file_ref idref="fl-f7"/>
      </object_component>
      <object_component id="oc-74a">
         <name>.text:_fcpy</name>
         <load_address>0x2000c362</load_address>
         <run_address>0x2000c362</run_address>
         <size>0x3e</size>
         <input_file_ref idref="fl-cf"/>
      </object_component>
      <object_component id="oc-8c9">
         <name>.text:CopyPingResultsToReport</name>
         <load_address>0x2000c3a0</load_address>
         <run_address>0x2000c3a0</run_address>
         <size>0x3c</size>
         <input_file_ref idref="fl-f2"/>
      </object_component>
      <object_component id="oc-336">
         <name>.text:PRCMPeripheralClkEnable</name>
         <load_address>0x2000c3dc</load_address>
         <run_address>0x2000c3dc</run_address>
         <size>0x3c</size>
         <input_file_ref idref="fl-eb"/>
      </object_component>
      <object_component id="oc-823">
         <name>.text:simplelink_timerA2_start</name>
         <load_address>0x2000c418</load_address>
         <run_address>0x2000c418</run_address>
         <size>0x3c</size>
         <input_file_ref idref="fl-f7"/>
      </object_component>
      <object_component id="oc-15e">
         <name>.text:sl_Htons</name>
         <load_address>0x2000c454</load_address>
         <run_address>0x2000c454</run_address>
         <size>0x3c</size>
         <input_file_ref idref="fl-f5"/>
      </object_component>
      <object_component id="oc-8ec">
         <name>.text:uDMAChannelControlSet</name>
         <load_address>0x2000c490</load_address>
         <run_address>0x2000c490</run_address>
         <size>0x3c</size>
         <input_file_ref idref="fl-fa"/>
      </object_component>
      <object_component id="oc-270">
         <name>.text:NwpPowerOff</name>
         <load_address>0x2000c4cc</load_address>
         <run_address>0x2000c4cc</run_address>
         <size>0x38</size>
         <input_file_ref idref="fl-f7"/>
      </object_component>
      <object_component id="oc-fc">
         <name>.text:sl_WlanDisconnect</name>
         <load_address>0x2000c504</load_address>
         <run_address>0x2000c504</run_address>
         <size>0x38</size>
         <input_file_ref idref="fl-f6"/>
      </object_component>
      <object_component id="oc-3d2">
         <name>.text:GPIODirModeSet</name>
         <load_address>0x2000c53c</load_address>
         <run_address>0x2000c53c</run_address>
         <size>0x36</size>
         <input_file_ref idref="fl-e8"/>
      </object_component>
      <object_component id="oc-4ac">
         <name>.text:PRCMPeripheralStatusGet</name>
         <load_address>0x2000c574</load_address>
         <run_address>0x2000c574</run_address>
         <size>0x34</size>
         <input_file_ref idref="fl-eb"/>
      </object_component>
      <object_component id="oc-4c4">
         <name>.text:SPIFIFOLevelSet</name>
         <load_address>0x2000c5a8</load_address>
         <run_address>0x2000c5a8</run_address>
         <size>0x34</size>
         <input_file_ref idref="fl-f8"/>
      </object_component>
      <object_component id="oc-5b">
         <name>.text:_c_int00_noargs:_c_int00_noargs</name>
         <load_address>0x2000c5dc</load_address>
         <run_address>0x2000c5dc</run_address>
         <size>0x34</size>
         <input_file_ref idref="fl-ce"/>
      </object_component>
      <object_component id="oc-3cc">
         <name>.text:PinTypeGPIO</name>
         <load_address>0x2000c610</load_address>
         <run_address>0x2000c610</run_address>
         <size>0x30</size>
         <input_file_ref idref="fl-ea"/>
      </object_component>
      <object_component id="oc-434">
         <name>.text:UARTDisable</name>
         <load_address>0x2000c640</load_address>
         <run_address>0x2000c640</run_address>
         <size>0x30</size>
         <input_file_ref idref="fl-ec"/>
      </object_component>
      <object_component id="oc-442">
         <name>.text:_outs</name>
         <load_address>0x2000c670</load_address>
         <run_address>0x2000c670</run_address>
         <size>0x30</size>
         <input_file_ref idref="fl-c4"/>
      </object_component>
      <object_component id="oc-72d">
         <name>.text</name>
         <load_address>0x2000c6a0</load_address>
         <run_address>0x2000c6a0</run_address>
         <size>0x2e</size>
         <input_file_ref idref="fl-d5"/>
      </object_component>
      <object_component id="oc-27c">
         <name>.text:NwpPowerOn</name>
         <load_address>0x2000c6d0</load_address>
         <run_address>0x2000c6d0</run_address>
         <size>0x2c</size>
         <input_file_ref idref="fl-f7"/>
      </object_component>
      <object_component id="oc-324">
         <name>.text:PRCMSysResetCauseGet</name>
         <load_address>0x2000c6fc</load_address>
         <run_address>0x2000c6fc</run_address>
         <size>0x2c</size>
         <input_file_ref idref="fl-eb"/>
      </object_component>
      <object_component id="oc-54a">
         <name>.text:_SlDrvObjGlobalLockWaitForever</name>
         <load_address>0x2000c728</load_address>
         <run_address>0x2000c728</run_address>
         <size>0x2c</size>
         <input_file_ref idref="fl-f1"/>
      </object_component>
      <object_component id="oc-397">
         <name>.text:_SlDrvProtectionObjLockWaitForever</name>
         <load_address>0x2000c754</load_address>
         <run_address>0x2000c754</run_address>
         <size>0x2c</size>
         <input_file_ref idref="fl-f1"/>
      </object_component>
      <object_component id="oc-888">
         <name>.text:TimerLoadSet</name>
         <load_address>0x2000c780</load_address>
         <run_address>0x2000c780</run_address>
         <size>0x2a</size>
         <input_file_ref idref="fl-f9"/>
      </object_component>
      <object_component id="oc-882">
         <name>.text:TimerPrescaleSet</name>
         <load_address>0x2000c7aa</load_address>
         <run_address>0x2000c7aa</run_address>
         <size>0x2a</size>
         <input_file_ref idref="fl-f9"/>
      </object_component>
      <object_component id="oc-342">
         <name>.text:PRCMPeripheralClkDisable</name>
         <load_address>0x2000c7d4</load_address>
         <run_address>0x2000c7d4</run_address>
         <size>0x28</size>
         <input_file_ref idref="fl-eb"/>
      </object_component>
      <object_component id="oc-550">
         <name>.text:_SlDrvGlobalObjUnLock</name>
         <load_address>0x2000c7fc</load_address>
         <run_address>0x2000c7fc</run_address>
         <size>0x28</size>
         <input_file_ref idref="fl-f1"/>
      </object_component>
      <object_component id="oc-39d">
         <name>.text:_SlDrvProtectionObjUnLock</name>
         <load_address>0x2000c824</load_address>
         <run_address>0x2000c824</run_address>
         <size>0x28</size>
         <input_file_ref idref="fl-f1"/>
      </object_component>
      <object_component id="oc-3a3">
         <name>.text:_SlDrvSyncObjWaitForever</name>
         <load_address>0x2000c84c</load_address>
         <run_address>0x2000c84c</run_address>
         <size>0x28</size>
         <input_file_ref idref="fl-f1"/>
      </object_component>
      <object_component id="oc-472">
         <name>.text:free_list_insert</name>
         <load_address>0x2000c874</load_address>
         <run_address>0x2000c874</run_address>
         <size>0x28</size>
         <input_file_ref idref="fl-cb"/>
      </object_component>
      <object_component id="oc-219">
         <name>.text:memmove</name>
         <load_address>0x2000c89c</load_address>
         <run_address>0x2000c89c</run_address>
         <size>0x28</size>
         <input_file_ref idref="fl-ca"/>
      </object_component>
      <object_component id="oc-62f">
         <name>.text:_SlDrvObjLockWaitForever</name>
         <load_address>0x2000c8c4</load_address>
         <run_address>0x2000c8c4</run_address>
         <size>0x26</size>
         <input_file_ref idref="fl-f1"/>
      </object_component>
      <object_component id="oc-936">
         <name>.text</name>
         <load_address>0x2000c8ea</load_address>
         <run_address>0x2000c8ea</run_address>
         <size>0x26</size>
         <input_file_ref idref="fl-4"/>
      </object_component>
      <object_component id="oc-4e2">
         <name>.text:DmaSpiSwIntHandler</name>
         <load_address>0x2000c910</load_address>
         <run_address>0x2000c910</run_address>
         <size>0x24</size>
         <input_file_ref idref="fl-f7"/>
      </object_component>
      <object_component id="oc-4fd">
         <name>.text:IntUnregister</name>
         <load_address>0x2000c934</load_address>
         <run_address>0x2000c934</run_address>
         <size>0x24</size>
         <input_file_ref idref="fl-e9"/>
      </object_component>
      <object_component id="oc-43a">
         <name>.text:UARTEnable</name>
         <load_address>0x2000c958</load_address>
         <run_address>0x2000c958</run_address>
         <size>0x24</size>
         <input_file_ref idref="fl-ec"/>
      </object_component>
      <object_component id="oc-4a0">
         <name>.text:SPIReset</name>
         <load_address>0x2000c97c</load_address>
         <run_address>0x2000c97c</run_address>
         <size>0x22</size>
         <input_file_ref idref="fl-f8"/>
      </object_component>
      <object_component id="oc-7d3">
         <name>.text:SPIWordCountSet</name>
         <load_address>0x2000c99e</load_address>
         <run_address>0x2000c99e</run_address>
         <size>0x22</size>
         <input_file_ref idref="fl-f8"/>
      </object_component>
      <object_component id="oc-373">
         <name>.text:GPIOPinWrite</name>
         <load_address>0x2000c9c0</load_address>
         <run_address>0x2000c9c0</run_address>
         <size>0x20</size>
         <input_file_ref idref="fl-e8"/>
      </object_component>
      <object_component id="oc-4ca">
         <name>.text:IntRegister</name>
         <load_address>0x2000c9e0</load_address>
         <run_address>0x2000c9e0</run_address>
         <size>0x20</size>
         <input_file_ref idref="fl-e9"/>
      </object_component>
      <object_component id="oc-2c1">
         <name>.text:NwpPrePowerOffTimout0</name>
         <load_address>0x2000ca00</load_address>
         <run_address>0x2000ca00</run_address>
         <size>0x20</size>
         <input_file_ref idref="fl-f7"/>
      </object_component>
      <object_component id="oc-794">
         <name>.text:TimerGetCurrentTimestamp</name>
         <load_address>0x2000ca20</load_address>
         <run_address>0x2000ca20</run_address>
         <size>0x20</size>
         <input_file_ref idref="fl-f7"/>
      </object_component>
      <object_component id="oc-635">
         <name>.text:_SlDrvObjUnLock</name>
         <load_address>0x2000ca40</load_address>
         <run_address>0x2000ca40</run_address>
         <size>0x20</size>
         <input_file_ref idref="fl-f1"/>
      </object_component>
      <object_component id="oc-51e">
         <name>.text:_SlDrvSyncObjSignal</name>
         <load_address>0x2000ca60</load_address>
         <run_address>0x2000ca60</run_address>
         <size>0x20</size>
         <input_file_ref idref="fl-f1"/>
      </object_component>
      <object_component id="oc-361">
         <name>.text:GPIOIntRegister</name>
         <load_address>0x2000ca80</load_address>
         <run_address>0x2000ca80</run_address>
         <size>0x1e</size>
         <input_file_ref idref="fl-e8"/>
      </object_component>
      <object_component id="oc-88e">
         <name>.text:TimerEnable</name>
         <load_address>0x2000ca9e</load_address>
         <run_address>0x2000ca9e</run_address>
         <size>0x1e</size>
         <input_file_ref idref="fl-f9"/>
      </object_component>
      <object_component id="oc-201">
         <name>.text:UARTCharPut</name>
         <load_address>0x2000cabc</load_address>
         <run_address>0x2000cabc</run_address>
         <size>0x1e</size>
         <input_file_ref idref="fl-ec"/>
      </object_component>
      <object_component id="oc-4b2">
         <name>.text:cc_UDMAChannelSelect</name>
         <load_address>0x2000cada</load_address>
         <run_address>0x2000cada</run_address>
         <size>0x1e</size>
         <input_file_ref idref="fl-f7"/>
      </object_component>
      <object_component id="oc-829">
         <name>.text:TimerValueGet</name>
         <load_address>0x2000caf8</load_address>
         <run_address>0x2000caf8</run_address>
         <size>0x1c</size>
         <input_file_ref idref="fl-f9"/>
      </object_component>
      <object_component id="oc-213">
         <name>.text:UARTCharGetNonBlocking</name>
         <load_address>0x2000cb14</load_address>
         <run_address>0x2000cb14</run_address>
         <size>0x1c</size>
         <input_file_ref idref="fl-ec"/>
      </object_component>
      <object_component id="oc-676">
         <name>.text:_SlDrvStartMeasureTimeout</name>
         <load_address>0x2000cb30</load_address>
         <run_address>0x2000cb30</run_address>
         <size>0x1c</size>
         <input_file_ref idref="fl-f1"/>
      </object_component>
      <object_component id="oc-49">
         <name>.text:decompress:ZI:__TI_zero_init_nomemset:__TI_zero_init_nomemset</name>
         <load_address>0x2000cb4c</load_address>
         <run_address>0x2000cb4c</run_address>
         <size>0x1c</size>
         <input_file_ref idref="fl-c7"/>
      </object_component>
      <object_component id="oc-465">
         <name>.text:free_list_remove</name>
         <load_address>0x2000cb68</load_address>
         <run_address>0x2000cb68</run_address>
         <size>0x1c</size>
         <input_file_ref idref="fl-cb"/>
      </object_component>
      <object_component id="oc-609">
         <name>.text:memccpy</name>
         <load_address>0x2000cb84</load_address>
         <run_address>0x2000cb84</run_address>
         <size>0x1c</size>
         <input_file_ref idref="fl-e0"/>
      </object_component>
      <object_component id="oc-8fe">
         <name>.text:uDMAChannelEnable</name>
         <load_address>0x2000cba0</load_address>
         <run_address>0x2000cba0</run_address>
         <size>0x1c</size>
         <input_file_ref idref="fl-fa"/>
      </object_component>
      <object_component id="oc-36d">
         <name>.text:GPIOIntEnable</name>
         <load_address>0x2000cbbc</load_address>
         <run_address>0x2000cbbc</run_address>
         <size>0x1a</size>
         <input_file_ref idref="fl-e8"/>
      </object_component>
      <object_component id="oc-3d8">
         <name>.text:PinTypeUART</name>
         <load_address>0x2000cbd6</load_address>
         <run_address>0x2000cbd6</run_address>
         <size>0x1a</size>
         <input_file_ref idref="fl-ea"/>
      </object_component>
      <object_component id="oc-574">
         <name>.text:SPIDmaDisable</name>
         <load_address>0x2000cbf0</load_address>
         <run_address>0x2000cbf0</run_address>
         <size>0x1a</size>
         <input_file_ref idref="fl-f8"/>
      </object_component>
      <object_component id="oc-4be">
         <name>.text:SPIDmaEnable</name>
         <load_address>0x2000cc0a</load_address>
         <run_address>0x2000cc0a</run_address>
         <size>0x1a</size>
         <input_file_ref idref="fl-f8"/>
      </object_component>
      <object_component id="oc-56e">
         <name>.text:SPIFIFODisable</name>
         <load_address>0x2000cc24</load_address>
         <run_address>0x2000cc24</run_address>
         <size>0x1a</size>
         <input_file_ref idref="fl-f8"/>
      </object_component>
      <object_component id="oc-4b8">
         <name>.text:SPIFIFOEnable</name>
         <load_address>0x2000cc3e</load_address>
         <run_address>0x2000cc3e</run_address>
         <size>0x1a</size>
         <input_file_ref idref="fl-f8"/>
      </object_component>
      <object_component id="oc-568">
         <name>.text:SPIIntUnregister</name>
         <load_address>0x2000cc58</load_address>
         <run_address>0x2000cc58</run_address>
         <size>0x1a</size>
         <input_file_ref idref="fl-f8"/>
      </object_component>
      <object_component id="oc-807">
         <name>.text:copysign</name>
         <load_address>0x2000cc72</load_address>
         <run_address>0x2000cc72</run_address>
         <size>0x1a</size>
         <input_file_ref idref="fl-e6"/>
      </object_component>
      <object_component id="oc-37f">
         <name>.text:GPIOPinRead</name>
         <load_address>0x2000cc8c</load_address>
         <run_address>0x2000cc8c</run_address>
         <size>0x18</size>
         <input_file_ref idref="fl-e8"/>
      </object_component>
      <object_component id="oc-494">
         <name>.text:SPICSDisable</name>
         <load_address>0x2000cca4</load_address>
         <run_address>0x2000cca4</run_address>
         <size>0x18</size>
         <input_file_ref idref="fl-f8"/>
      </object_component>
      <object_component id="oc-7cd">
         <name>.text:SPICSEnable</name>
         <load_address>0x2000ccbc</load_address>
         <run_address>0x2000ccbc</run_address>
         <size>0x18</size>
         <input_file_ref idref="fl-f8"/>
      </object_component>
      <object_component id="oc-49a">
         <name>.text:SPIDisable</name>
         <load_address>0x2000ccd4</load_address>
         <run_address>0x2000ccd4</run_address>
         <size>0x18</size>
         <input_file_ref idref="fl-f8"/>
      </object_component>
      <object_component id="oc-4d6">
         <name>.text:SPIEnable</name>
         <load_address>0x2000ccec</load_address>
         <run_address>0x2000ccec</run_address>
         <size>0x18</size>
         <input_file_ref idref="fl-f8"/>
      </object_component>
      <object_component id="oc-20d">
         <name>.text:UARTCharsAvail</name>
         <load_address>0x2000cd04</load_address>
         <run_address>0x2000cd04</run_address>
         <size>0x18</size>
         <input_file_ref idref="fl-ec"/>
      </object_component>
      <object_component id="oc-483">
         <name>.text:_SlNonOsSemSet</name>
         <load_address>0x2000cd1c</load_address>
         <run_address>0x2000cd1c</run_address>
         <size>0x18</size>
         <input_file_ref idref="fl-f4"/>
      </object_component>
      <object_component id="oc-448">
         <name>.text:_outc</name>
         <load_address>0x2000cd34</load_address>
         <run_address>0x2000cd34</run_address>
         <size>0x18</size>
         <input_file_ref idref="fl-c4"/>
      </object_component>
      <object_component id="oc-3e7">
         <name>.text:_outs</name>
         <load_address>0x2000cd4c</load_address>
         <run_address>0x2000cd4c</run_address>
         <size>0x18</size>
         <input_file_ref idref="fl-c3"/>
      </object_component>
      <object_component id="oc-28e">
         <name>.text:_sl_GetStartResponseConvert</name>
         <load_address>0x2000cd64</load_address>
         <run_address>0x2000cd64</run_address>
         <size>0x18</size>
         <input_file_ref idref="fl-f0"/>
      </object_component>
      <object_component id="oc-32a">
         <name>.text:PRCMHIBRegRead</name>
         <load_address>0x2000cd7c</load_address>
         <run_address>0x2000cd7c</run_address>
         <size>0x16</size>
         <input_file_ref idref="fl-eb"/>
      </object_component>
      <object_component id="oc-330">
         <name>.text:PRCMHIBRegWrite</name>
         <load_address>0x2000cd92</load_address>
         <run_address>0x2000cd92</run_address>
         <size>0x16</size>
         <input_file_ref idref="fl-eb"/>
      </object_component>
      <object_component id="oc-34b">
         <name>.text:_SlDrvMemZero</name>
         <load_address>0x2000cda8</load_address>
         <run_address>0x2000cda8</run_address>
         <size>0x16</size>
         <input_file_ref idref="fl-f1"/>
      </object_component>
      <object_component id="oc-75e">
         <name>.text:strchr</name>
         <load_address>0x2000cdbe</load_address>
         <run_address>0x2000cdbe</run_address>
         <size>0x16</size>
         <input_file_ref idref="fl-e1"/>
      </object_component>
      <object_component id="oc-319">
         <name>.text:CPUcpsie</name>
         <load_address>0x2000cdd4</load_address>
         <run_address>0x2000cdd4</run_address>
         <size>0x14</size>
         <input_file_ref idref="fl-ee"/>
      </object_component>
      <object_component id="oc-367">
         <name>.text:GPIOIntClear</name>
         <load_address>0x2000cde8</load_address>
         <run_address>0x2000cde8</run_address>
         <size>0x14</size>
         <input_file_ref idref="fl-e8"/>
      </object_component>
      <object_component id="oc-121">
         <name>.text:IntVTableBaseSet</name>
         <load_address>0x2000cdfc</load_address>
         <run_address>0x2000cdfc</run_address>
         <size>0x14</size>
         <input_file_ref idref="fl-e9"/>
      </object_component>
      <object_component id="oc-184">
         <name>.text:strcpy</name>
         <load_address>0x2000ce10</load_address>
         <run_address>0x2000ce10</run_address>
         <size>0x14</size>
         <input_file_ref idref="fl-cc"/>
      </object_component>
      <object_component id="oc-139">
         <name>.text:strlen</name>
         <load_address>0x2000ce24</load_address>
         <run_address>0x2000ce24</run_address>
         <size>0x14</size>
         <input_file_ref idref="fl-cd"/>
      </object_component>
      <object_component id="oc-60f">
         <name>.text:wcslen</name>
         <load_address>0x2000ce38</load_address>
         <run_address>0x2000ce38</run_address>
         <size>0x12</size>
         <input_file_ref idref="fl-e5"/>
      </object_component>
      <object_component id="oc-8bc">
         <name>.text:_SlDrvDispatchHttpServerEvents</name>
         <load_address>0x2000ce4a</load_address>
         <run_address>0x2000ce4a</run_address>
         <size>0x10</size>
         <input_file_ref idref="fl-f1"/>
      </object_component>
      <object_component id="oc-2dc">
         <name>.text:_SlDrvResetCmdExt</name>
         <load_address>0x2000ce5a</load_address>
         <run_address>0x2000ce5a</run_address>
         <size>0xe</size>
         <input_file_ref idref="fl-f1"/>
      </object_component>
      <object_component id="oc-1b">
         <name>.text:decompress:none:__TI_decompress_none</name>
         <load_address>0x2000ce68</load_address>
         <run_address>0x2000ce68</run_address>
         <size>0xe</size>
         <input_file_ref idref="fl-c8"/>
      </object_component>
      <object_component id="oc-29">
         <name>.text</name>
         <load_address>0x2000ce76</load_address>
         <run_address>0x2000ce76</run_address>
         <size>0xe</size>
         <input_file_ref idref="fl-6"/>
      </object_component>
      <object_component id="oc-4f0">
         <name>.text:NwpMaskInterrupt</name>
         <load_address>0x2000ce84</load_address>
         <run_address>0x2000ce84</run_address>
         <size>0xc</size>
         <input_file_ref idref="fl-f7"/>
      </object_component>
      <object_component id="oc-50a">
         <name>.text:NwpUnMaskInterrupt</name>
         <load_address>0x2000ce90</load_address>
         <run_address>0x2000ce90</run_address>
         <size>0xc</size>
         <input_file_ref idref="fl-f7"/>
      </object_component>
      <object_component id="oc-127">
         <name>.text:IntMasterEnable</name>
         <load_address>0x2000ce9c</load_address>
         <run_address>0x2000ce9c</run_address>
         <size>0xa</size>
         <input_file_ref idref="fl-e9"/>
      </object_component>
      <object_component id="oc-3ed">
         <name>.text:_outc</name>
         <load_address>0x2000cea6</load_address>
         <run_address>0x2000cea6</run_address>
         <size>0xa</size>
         <input_file_ref idref="fl-c3"/>
      </object_component>
      <object_component id="oc-615">
         <name>.text:__aeabi_errno_addr</name>
         <load_address>0x2000ceb0</load_address>
         <run_address>0x2000ceb0</run_address>
         <size>0x8</size>
         <input_file_ref idref="fl-e2"/>
      </object_component>
      <object_component id="oc-21f">
         <name>.text:malloc</name>
         <load_address>0x2000ceb8</load_address>
         <run_address>0x2000ceb8</run_address>
         <size>0x8</size>
         <input_file_ref idref="fl-cb"/>
      </object_component>
      <object_component id="oc-14b">
         <name>.text:UtilsDelay</name>
         <load_address>0x2000cec0</load_address>
         <run_address>0x2000cec0</run_address>
         <size>0x6</size>
         <input_file_ref idref="fl-ed"/>
      </object_component>
      <object_component id="oc-91">
         <name>.text:_system_pre_init</name>
         <load_address>0x2000cec6</load_address>
         <run_address>0x2000cec6</run_address>
         <size>0x4</size>
         <input_file_ref idref="fl-d8"/>
      </object_component>
      <object_component id="oc-1b7">
         <name>.text:abort:abort</name>
         <load_address>0x2000ceca</load_address>
         <run_address>0x2000ceca</run_address>
         <size>0x4</size>
         <input_file_ref idref="fl-da"/>
      </object_component>
      <object_component id="oc-707">
         <name>.const:.string:_ctypes_</name>
         <load_address>0x2000ced0</load_address>
         <run_address>0x2000ced0</run_address>
         <size>0x101</size>
         <input_file_ref idref="fl-df"/>
      </object_component>
      <object_component id="oc-702">
         <name>.const:g_ulPinToPadMap</name>
         <load_address>0x2000cfd4</load_address>
         <run_address>0x2000cfd4</run_address>
         <size>0x100</size>
         <input_file_ref idref="fl-ea"/>
      </object_component>
      <object_component id="oc-5a8">
         <name>.const:g_pulRegs</name>
         <load_address>0x2000d0d4</load_address>
         <run_address>0x2000d0d4</run_address>
         <size>0xd4</size>
         <input_file_ref idref="fl-e9"/>
      </object_component>
      <object_component id="oc-59b">
         <name>.const:PRCM_PeriphRegsList</name>
         <load_address>0x2000d1a8</load_address>
         <run_address>0x2000d1a8</run_address>
         <size>0xa8</size>
         <input_file_ref idref="fl-eb"/>
      </object_component>
      <object_component id="oc-7c3">
         <name>.const:OpcodeTranslateTable</name>
         <load_address>0x2000d250</load_address>
         <run_address>0x2000d250</run_address>
         <size>0x3c</size>
         <input_file_ref idref="fl-f1"/>
      </object_component>
      <object_component id="oc-857">
         <name>.const:_SlActionLookupTable</name>
         <load_address>0x2000d28c</load_address>
         <run_address>0x2000d28c</run_address>
         <size>0x38</size>
         <input_file_ref idref="fl-f1"/>
      </object_component>
      <object_component id="oc-240">
         <name>.const:.string</name>
         <load_address>0x2000d2c4</load_address>
         <run_address>0x2000d2c4</run_address>
         <size>0x30</size>
         <input_file_ref idref="fl-3"/>
      </object_component>
      <object_component id="oc-114">
         <name>.const:$P$T1$2</name>
         <load_address>0x2000d2f4</load_address>
         <run_address>0x2000d2f4</run_address>
         <size>0x2c</size>
         <input_file_ref idref="fl-3"/>
      </object_component>
      <object_component id="oc-7e2">
         <name>.const:g_ppulSPIIntMap</name>
         <load_address>0x2000d320</load_address>
         <run_address>0x2000d320</run_address>
         <size>0x24</size>
         <input_file_ref idref="fl-f8"/>
      </object_component>
      <object_component id="oc-120">
         <name>.const:.string:$P$T0$1</name>
         <load_address>0x2000d344</load_address>
         <run_address>0x2000d344</run_address>
         <size>0x22</size>
         <input_file_ref idref="fl-3"/>
      </object_component>
      <object_component id="oc-83a">
         <name>.const:RxMsgClassLUT</name>
         <load_address>0x2000d368</load_address>
         <run_address>0x2000d368</run_address>
         <size>0x20</size>
         <input_file_ref idref="fl-f1"/>
      </object_component>
      <object_component id="oc-6b7">
         <name>.const:g_pulDisRegs</name>
         <load_address>0x2000d388</load_address>
         <run_address>0x2000d388</run_address>
         <size>0x18</size>
         <input_file_ref idref="fl-e9"/>
      </object_component>
      <object_component id="oc-320">
         <name>.const:g_pulEnRegs</name>
         <load_address>0x2000d3a0</load_address>
         <run_address>0x2000d3a0</run_address>
         <size>0x18</size>
         <input_file_ref idref="fl-e9"/>
      </object_component>
      <object_component id="oc-6c2">
[...]
         <name>_SlDrvDeviceEventHandler</name>
         <value>0x2000a4cd</value>
         <object_component_ref idref="oc-89c"/>
      </symbol>
      <symbol id="sm-a0b">
         <name>_sl_HandleAsync_Stop</name>
         <value>0x2000bc91</value>
         <object_component_ref idref="oc-8e4"/>
      </symbol>
      <symbol id="sm-a0c">
         <name>sl_DevSet</name>
         <value>0x2000a569</value>
         <object_component_ref idref="oc-14c"/>
      </symbol>
      <symbol id="sm-a0d">
         <name>sl_Stop</name>
         <value>0x20009369</value>
         <object_component_ref idref="oc-e4"/>
      </symbol>
      <symbol id="sm-a0e">
         <name>sl_Start</name>
         <value>0x20009639</value>
         <object_component_ref idref="oc-d2"/>
      </symbol>
      <symbol id="sm-a0f">
         <name>sl_DevGet</name>
         <value>0x20009d49</value>
         <object_component_ref idref="oc-ea"/>
      </symbol>
      <symbol id="sm-cfd">
         <name>RxIrqCnt</name>
         <value>0x2001f214</value>
      </symbol>
      <symbol id="sm-cfe">
         <name>g_bDeviceRestartIsRequired</name>
         <value>0x2001f215</value>
      </symbol>
      <symbol id="sm-cff">
         <name>_SlDrvProtectionObjUnLock</name>
         <value>0x2000c825</value>
         <object_component_ref idref="oc-39d"/>
      </symbol>
      <symbol id="sm-d00">
         <name>_SlDrvBasicCmd</name>
         <value>0x2000bf39</value>
         <object_component_ref idref="oc-2f3"/>
      </symbol>
      <symbol id="sm-d01">
         <name>_SlDrvObjUnLock</name>
         <value>0x2000ca41</value>
         <object_component_ref idref="oc-635"/>
      </symbol>
      <symbol id="sm-d02">
         <name>_SlDrvObjLockWaitForever</name>
         <value>0x2000c8c5</value>
         <object_component_ref idref="oc-62f"/>
      </symbol>
      <symbol id="sm-d03">
         <name>_SlDrvMsgReadSpawnCtx</name>
         <value>0x2000980d</value>
         <object_component_ref idref="oc-53d"/>
      </symbol>
      <symbol id="sm-d04">
         <name>_SlDrvDispatchHttpServerEvents</name>
         <value>0x2000ce4b</value>
         <object_component_ref idref="oc-8bc"/>
      </symbol>
      <symbol id="sm-d05">
         <name>_SlDrvHandleNetAppEvents</name>
         <value>0x2000c1e5</value>
         <object_component_ref idref="oc-8a8"/>
      </symbol>
      <symbol id="sm-d06">
         <name>_SlDriverHandleError</name>
         <value>0x2000a24d</value>
         <object_component_ref idref="oc-511"/>
      </symbol>
      <symbol id="sm-d07">
         <name>_SlDrvDriverCBDeinit</name>
         <value>0x20008d05</value>
         <object_component_ref idref="oc-2cd"/>
      </symbol>
      <symbol id="sm-d08">
         <name>_SlDrvStartMeasureTimeout</name>
         <value>0x2000cb31</value>
         <object_component_ref idref="oc-676"/>
      </symbol>
      <symbol id="sm-d09">
         <name>_SlDrvResetCmdExt</name>
         <value>0x2000ce5b</value>
         <object_component_ref idref="oc-2dc"/>
      </symbol>
      <symbol id="sm-d0a">
         <name>_SlDrvIsTimeoutExpired</name>
         <value>0x2000ac55</value>
         <object_component_ref idref="oc-67c"/>
      </symbol>
      <symbol id="sm-d0b">
         <name>_SlDrvProtectAsyncRespSetting</name>
         <value>0x2000bd79</value>
         <object_component_ref idref="oc-26a"/>
      </symbol>
      <symbol id="sm-d0c">
         <name>_SlDrvReleasePoolObj</name>
         <value>0x20007591</value>
         <object_component_ref idref="oc-288"/>
      </symbol>
      <symbol id="sm-d0d">
         <name>_SlDrvHandleWlanEvents</name>
         <value>0x2000c225</value>
         <object_component_ref idref="oc-8a2"/>
      </symbol>
      <symbol id="sm-d0e">
         <name>OpcodeTranslateTable</name>
         <value>0x2000d250</value>
         <object_component_ref idref="oc-7c3"/>
      </symbol>
      <symbol id="sm-d0f">
         <name>pPingCallBackFunc</name>
         <value>0x2001f284</value>
         <object_component_ref idref="oc-297"/>
      </symbol>
      <symbol id="sm-d10">
         <name>_SlDrvDriverCBInit</name>
         <value>0x20007ae9</value>
         <object_component_ref idref="oc-25e"/>
      </symbol>
      <symbol id="sm-d11">
         <name>g_pCB</name>
         <value>0x2001f280</value>
         <object_component_ref idref="oc-297"/>
      </symbol>
      <symbol id="sm-d12">
         <name>_SlDrvProtectionObjLockWaitForever</name>
         <value>0x2000c755</value>
         <object_component_ref idref="oc-397"/>
      </symbol>
      <symbol id="sm-d13">
         <name>_SlDrvCmdOp</name>
         <value>0x20009ed9</value>
         <object_component_ref idref="oc-2b1"/>
      </symbol>
      <symbol id="sm-d14">
         <name>_SlDrvSyncObjWaitTimeout</name>
         <value>0x2000c095</value>
         <object_component_ref idref="oc-282"/>
      </symbol>
      <symbol id="sm-d15">
         <name>_SlDrvGlobalObjUnLock</name>
         <value>0x2000c7fd</value>
         <object_component_ref idref="oc-550"/>
      </symbol>
      <symbol id="sm-d16">
         <name>_SlDrvMemZero</name>
         <value>0x2000cda9</value>
         <object_component_ref idref="oc-34b"/>
      </symbol>
      <symbol id="sm-d17">
         <name>_SlDrvWaitForPoolObj</name>
         <value>0x20007e39</value>
         <object_component_ref idref="oc-391"/>
      </symbol>
      <symbol id="sm-d18">
         <name>_SlDrvSyncObjSignal</name>
         <value>0x2000ca61</value>
         <object_component_ref idref="oc-51e"/>
      </symbol>
      <symbol id="sm-d19">
         <name>_SlDrvDataReadOp</name>
         <value>0x200073ad</value>
         <object_component_ref idref="oc-409"/>
      </symbol>
      <symbol id="sm-d1a">
         <name>_SlDrvDataWriteOp</name>
         <value>0x2000843d</value>
         <object_component_ref idref="oc-3fb"/>
      </symbol>
      <symbol id="sm-d1b">
         <name>_SlDrvRxIrqHandler</name>
         <value>0x2000bb41</value>
         <object_component_ref idref="oc-29a"/>
      </symbol>
      <symbol id="sm-d1c">
         <name>_SlDrvHandleHttpServerEvents</name>
         <value>0x2000c051</value>
         <object_component_ref idref="oc-91a"/>
      </symbol>
      <symbol id="sm-d1d">
         <name>_SlDrvSyncObjWaitForever</name>
         <value>0x2000c84d</value>
         <object_component_ref idref="oc-3a3"/>
      </symbol>
      <symbol id="sm-d1e">
         <name>g_SlDeviceStatus</name>
         <value>0x2001f27c</value>
         <object_component_ref idref="oc-297"/>
      </symbol>
      <symbol id="sm-d1f">
         <name>_SlDrvCmdSend</name>
         <value>0x2000b4d5</value>
         <object_component_ref idref="oc-921"/>
      </symbol>
      <symbol id="sm-d20">
         <name>_SlActionLookupTable</name>
         <value>0x2000d28c</value>
         <object_component_ref idref="oc-857"/>
      </symbol>
      <symbol id="sm-dc8">
         <name>sl_NetAppMDNSUnRegisterService</name>
         <value>0x2000b741</value>
         <object_component_ref idref="oc-10e"/>
      </symbol>
      <symbol id="sm-dc9">
         <name>_SlNetAppSendTokenValueCmdCtrl</name>
         <value>0x2000d4a2</value>
         <object_component_ref idref="oc-927"/>
      </symbol>
      <symbol id="sm-dca">
         <name>sl_NetAppDnsGetHostByName</name>
         <value>0x20008819</value>
         <object_component_ref idref="oc-158"/>
      </symbol>
      <symbol id="sm-dcb">
         <name>_sl_HandleAsync_DnsGetHostByName</name>
         <value>0x2000a98d</value>
         <object_component_ref idref="oc-8b0"/>
      </symbol>
      <symbol id="sm-dcc">
         <name>_sl_HandleAsync_PingResponse</name>
         <value>0x2000aa1d</value>
         <object_component_ref idref="oc-843"/>
      </symbol>
      <symbol id="sm-dcd">
         <name>_SlDrvNetAppEventHandler</name>
         <value>0x20009069</value>
         <object_component_ref idref="oc-83d"/>
      </symbol>
      <symbol id="sm-dce">
         <name>_sl_HandleAsync_DnsGetHostByService</name>
         <value>0x20009c7d</value>
         <object_component_ref idref="oc-8b6"/>
      </symbol>
      <symbol id="sm-dcf">
         <name>_sl_NetAppSendTokenValue</name>
         <value>0x2000b541</value>
         <object_component_ref idref="oc-8c2"/>
      </symbol>
      <symbol id="sm-dd0">
         <name>sl_NetAppMDNSRegisterUnregisterService</name>
         <value>0x20009abd</value>
         <object_component_ref idref="oc-308"/>
      </symbol>
      <symbol id="sm-df2">
         <name>sl_NetCfgSet</name>
         <value>0x2000a601</value>
         <object_component_ref idref="oc-102"/>
      </symbol>
      <symbol id="sm-e3a">
         <name>_SlNonOsSemSet</name>
         <value>0x2000cd1d</value>
         <object_component_ref idref="oc-483"/>
      </symbol>
      <symbol id="sm-e3b">
         <name>_SlNonOsSpawn</name>
         <value>0x2000b615</value>
         <object_component_ref idref="oc-537"/>
      </symbol>
      <symbol id="sm-e3c">
         <name>_SlNonOsSemGet</name>
         <value>0x2000a04d</value>
         <object_component_ref idref="oc-489"/>
      </symbol>
      <symbol id="sm-e3d">
         <name>_SlNonOsMainLoopTask</name>
         <value>0x2000b381</value>
         <object_component_ref idref="oc-d8"/>
      </symbol>
      <symbol id="sm-e3e">
         <name>g__SlNonOsCB</name>
         <value>0x2001f21c</value>
         <object_component_ref idref="oc-2ac"/>
      </symbol>
      <symbol id="sm-f3f">
         <name>sl_Recv</name>
         <value>0x2000a391</value>
         <object_component_ref idref="oc-19c"/>
      </symbol>
      <symbol id="sm-f40">
         <name>sl_Send</name>
         <value>0x20008bd1</value>
         <object_component_ref idref="oc-190"/>
      </symbol>
      <symbol id="sm-f41">
         <name>_sl_HandleAsync_Connect</name>
         <value>0x2000b095</value>
         <object_component_ref idref="oc-8d8"/>
      </symbol>
      <symbol id="sm-f42">
         <name>sl_Htonl</name>
         <value>0x2000c161</value>
         <object_component_ref idref="oc-164"/>
      </symbol>
      <symbol id="sm-f43">
         <name>sl_Htons</name>
         <value>0x2000c455</value>
         <object_component_ref idref="oc-15e"/>
      </symbol>
      <symbol id="sm-f44">
         <name>sl_Connect</name>
         <value>0x20007fc9</value>
         <object_component_ref idref="oc-176"/>
      </symbol>
      <symbol id="sm-f45">
         <name>sl_Socket</name>
         <value>0x2000ad6d</value>
         <object_component_ref idref="oc-16a"/>
      </symbol>
      <symbol id="sm-f46">
         <name>_sl_HandleAsync_Select</name>
         <value>0x2000bbe9</value>
         <object_component_ref idref="oc-8de"/>
      </symbol>
      <symbol id="sm-f47">
         <name>sl_Close</name>
         <value>0x2000b86d</value>
         <object_component_ref idref="oc-196"/>
      </symbol>
      <symbol id="sm-f48">
         <name>_sl_HandleAsync_Accept</name>
         <value>0x2000b679</value>
         <object_component_ref idref="oc-8d2"/>
      </symbol>
      <symbol id="sm-f49">
         <name>sl_SetSockOpt</name>
         <value>0x2000a699</value>
         <object_component_ref idref="oc-170"/>
      </symbol>
      <symbol id="sm-1003">
         <name>sl_WlanDisconnect</name>
         <value>0x2000c505</value>
         <object_component_ref idref="oc-fc"/>
      </symbol>
      <symbol id="sm-1004">
         <name>sl_WlanPolicySet</name>
         <value>0x2000aaad</value>
         <object_component_ref idref="oc-f0"/>
      </symbol>
      <symbol id="sm-1005">
         <name>sl_WlanProfileDel</name>
         <value>0x2000b8cd</value>
         <object_component_ref idref="oc-f6"/>
      </symbol>
      <symbol id="sm-1006">
         <name>sl_WlanRxFilterSet</name>
         <value>0x2000af8d</value>
         <object_component_ref idref="oc-11a"/>
      </symbol>
      <symbol id="sm-1007">
         <name>sl_WlanConnect</name>
         <value>0x200069f9</value>
         <object_component_ref idref="oc-13f"/>
      </symbol>
      <symbol id="sm-1008">
         <name>sl_WlanSet</name>
         <value>0x2000a731</value>
         <object_component_ref idref="oc-108"/>
      </symbol>
      <symbol id="sm-1009">
         <name>sl_WlanSetMode</name>
         <value>0x2000b92d</value>
         <object_component_ref idref="oc-de"/>
      </symbol>
      <symbol id="sm-1129">
         <name>g_ucDinDout</name>
         <value>0x2001f168</value>
      </symbol>
      <symbol id="sm-112a">
         <name>g_cDummy</name>
         <value>0x2001f216</value>
      </symbol>
      <symbol id="sm-112b">
         <name>NwpMaskInterrupt</name>
         <value>0x2000ce85</value>
         <object_component_ref idref="oc-4f0"/>
      </symbol>
      <symbol id="sm-112c">
         <name>NwpPrePowerOffTimout0</name>
         <value>0x2000ca01</value>
         <object_component_ref idref="oc-2c1"/>
      </symbol>
      <symbol id="sm-112d">
         <name>NwpRegisterInterruptHandler</name>
         <value>0x2000c325</value>
         <object_component_ref idref="oc-276"/>
      </symbol>
      <symbol id="sm-112e">
         <name>g_pHostIntHdl</name>
         <value>0x2001f29c</value>
         <object_component_ref idref="oc-4dc"/>
      </symbol>
      <symbol id="sm-112f">
         <name>simplelink_timerA2_start</name>
         <value>0x2000c419</value>
         <object_component_ref idref="oc-823"/>
      </symbol>
      <symbol id="sm-1130">
         <name>NwpUnMaskInterrupt</name>
         <value>0x2000ce91</value>
         <object_component_ref idref="oc-50a"/>
      </symbol>
      <symbol id="sm-1131">
         <name>NwpPowerOff</name>
         <value>0x2000c4cd</value>
         <object_component_ref idref="oc-270"/>
      </symbol>
      <symbol id="sm-1132">
         <name>TimerGetCurrentTimestamp</name>
         <value>0x2000ca21</value>
         <object_component_ref idref="oc-794"/>
      </symbol>
      <symbol id="sm-1133">
         <name>spi_Read</name>
         <value>0x20009459</value>
         <object_component_ref idref="oc-7b6"/>
      </symbol>
      <symbol id="sm-1134">
         <name>DmaSpiSwIntHandler</name>
         <value>0x2000c911</value>
         <object_component_ref idref="oc-4e2"/>
      </symbol>
      <symbol id="sm-1135">
         <name>NwpPowerOn</name>
         <value>0x2000c6d1</value>
         <object_component_ref idref="oc-27c"/>
      </symbol>
      <symbol id="sm-1136">
         <name>spi_Close</name>
         <value>0x2000b291</value>
         <object_component_ref idref="oc-2c7"/>
      </symbol>
      <symbol id="sm-1137">
         <name>spi_Write</name>
         <value>0x2000a7c9</value>
         <object_component_ref idref="oc-6dc"/>
      </symbol>
      <symbol id="sm-1138">
         <name>spi_Open</name>
         <value>0x2000858d</value>
         <object_component_ref idref="oc-264"/>
      </symbol>
      <symbol id="sm-1139">
         <name>g_ucDMAEnabled</name>
         <value>0x2001f2a0</value>
         <object_component_ref idref="oc-4dc"/>
      </symbol>
      <symbol id="sm-113a">
         <name>g_SpiFd</name>
         <value>0x2001f298</value>
         <object_component_ref idref="oc-4dc"/>
      </symbol>
      <symbol id="sm-11f5">
         <name>SPIFIFODisable</name>
         <value>0x2000cc25</value>
         <object_component_ref idref="oc-56e"/>
      </symbol>
      <symbol id="sm-11f6">
         <name>SPICSEnable</name>
         <value>0x2000ccbd</value>
         <object_component_ref idref="oc-7cd"/>
      </symbol>
      <symbol id="sm-11f7">
         <name>SPIDisable</name>
         <value>0x2000ccd5</value>
         <object_component_ref idref="oc-49a"/>
      </symbol>
      <symbol id="sm-11f8">
         <name>SPIFIFOEnable</name>
         <value>0x2000cc3f</value>
         <object_component_ref idref="oc-4b8"/>
      </symbol>
      <symbol id="sm-11f9">
         <name>SPIWordCountSet</name>
         <value>0x2000c99f</value>
         <object_component_ref idref="oc-7d3"/>
      </symbol>
      <symbol id="sm-11fa">
         <name>SPIEnable</name>
         <value>0x2000cced</value>
         <object_component_ref idref="oc-4d6"/>
      </symbol>
      <symbol id="sm-11fb">
         <name>SPIDmaEnable</name>
         <value>0x2000cc0b</value>
         <object_component_ref idref="oc-4be"/>
      </symbol>
      <symbol id="sm-11fc">
         <name>SPIConfigSetExpClk</name>
         <value>0x2000a2f1</value>
         <object_component_ref idref="oc-4a6"/>
      </symbol>
      <symbol id="sm-11fd">
         <name>SPIIntUnregister</name>
         <value>0x2000cc59</value>
         <object_component_ref idref="oc-568"/>
      </symbol>
      <symbol id="sm-11fe">
         <name>SPIFIFOLevelSet</name>
         <value>0x2000c5a9</value>
         <object_component_ref idref="oc-4c4"/>
      </symbol>
      <symbol id="sm-11ff">
         <name>SPIDmaDisable</name>
         <value>0x2000cbf1</value>
         <object_component_ref idref="oc-574"/>
      </symbol>
      <symbol id="sm-1200">
         <name>SPIReset</name>
         <value>0x2000c97d</value>
         <object_component_ref idref="oc-4a0"/>
      </symbol>
      <symbol id="sm-1201">
         <name>SPIIntEnable</name>
         <value>0x2000bce1</value>
         <object_component_ref idref="oc-4d0"/>
      </symbol>
      <symbol id="sm-1202">
         <name>SPIIntClear</name>
         <value>0x2000bef1</value>
         <object_component_ref idref="oc-6af"/>
      </symbol>
      <symbol id="sm-1203">
         <name>SPICSDisable</name>
         <value>0x2000cca5</value>
         <object_component_ref idref="oc-494"/>
      </symbol>
      <symbol id="sm-1236">
         <name>TimerLoadSet</name>
         <value>0x2000c781</value>
         <object_component_ref idref="oc-888"/>
      </symbol>
      <symbol id="sm-1237">
         <name>TimerEnable</name>
         <value>0x2000ca9f</value>
         <object_component_ref idref="oc-88e"/>
      </symbol>
      <symbol id="sm-1238">
         <name>TimerValueGet</name>
         <value>0x2000caf9</value>
         <object_component_ref idref="oc-829"/>
      </symbol>
      <symbol id="sm-1239">
         <name>TimerPrescaleSet</name>
         <value>0x2000c7ab</value>
         <object_component_ref idref="oc-882"/>
      </symbol>
      <symbol id="sm-123a">
         <name>TimerConfigure</name>
         <value>0x2000c00d</value>
         <object_component_ref idref="oc-87c"/>
      </symbol>
      <symbol id="sm-1291">
         <name>uDMAChannelControlSet</name>
         <value>0x2000c491</value>
         <object_component_ref idref="oc-8ec"/>
      </symbol>
      <symbol id="sm-1292">
         <name>uDMAChannelAttributeEnable</name>
         <value>0x2000b809</value>
         <object_component_ref idref="oc-8f2"/>
      </symbol>
      <symbol id="sm-1293">
         <name>uDMAChannelTransferSet</name>
         <value>0x20009549</value>
         <object_component_ref idref="oc-8f8"/>
      </symbol>
      <symbol id="sm-1294">
         <name>uDMAChannelAssign</name>
         <value>0x2000be5d</value>
         <object_component_ref idref="oc-68d"/>
      </symbol>
      <symbol id="sm-1295">
         <name>uDMAChannelAttributeDisable</name>
         <value>0x2000b7a5</value>
         <object_component_ref idref="oc-693"/>
      </symbol>
      <symbol id="sm-1296">
         <name>uDMAChannelEnable</name>
         <value>0x2000cba1</value>
         <object_component_ref idref="oc-8fe"/>
      </symbol>
      <symbol id="sm-1297">
         <name>__TI_static_base__</name>
         <value>0x2000d4e8</value>
      </symbol>
      <symbol id="sm-129a">
         <name>__mpu_init</name>
         <value>0x0</value>
      </symbol>
      <symbol id="sm-129b">
         <name>_system_post_cinit</name>
         <value>0x0</value>
      </symbol>
   </symbol_table>
   <title>Link successful</title>
</link_info>
