******************************************************************************
                  TI ARM Linker PC v20.2.2                     
******************************************************************************
>> Linked Wed May 12 00:47:14 2021

OUTPUT FILE NAME:   <SSL_REST_API_AWS.out>
ENTRY POINT SYMBOL: "_c_int00_noargs"  address: 2000c5dd


MEMORY CONFIGURATION

         name            origin    length      used     unused   attr    fill
----------------------  --------  ---------  --------  --------  ----  --------
  SRAM_CODE             20004000   00013000  0000953a  00009ac6  RW X
  SRAM_DATA             20017000   00019000  000092ba  0000fd46  RW X


SEGMENT ALLOCATION MAP

run origin  load origin   length   init length attrs members
----------  ----------- ---------- ----------- ----- -------
20004000    20004000    00009540   00009540    r-x
  20004000    20004000    00000400   00000400    r-- .intvecs
  20004400    20004400    00008ace   00008ace    r-x .text
  2000ced0    2000ced0    00000614   00000614    r-- .const
  2000d4e8    2000d4e8    00000058   00000058    r-- .cinit
20017000    20017000    000082bc   00000000    rw-
  20017000    20017000    00008000   00000000    rw- .sysmem
  2001f000    2001f000    0000021a   00000000    rw- .bss
  2001f21c    2001f21c    000000a0   00000000    rw- .data
2002f000    2002f000    00001000   00000000    rw-
  2002f000    2002f000    00001000   00000000    rw- .stack


SECTION ALLOCATION MAP

 output                                  attributes/
section   page    origin      length       input sections
--------  ----  ----------  ----------   ----------------
.intvecs   0    20004000    00000400     
                  20004000    00000400     startup_ccs.obj (.intvecs)

.init_array 
*          0    20004000    00000000     UNINITIALIZED

.text      0    20004400    00008ace     
                  20004400    00001280     main.obj (.text)
                  20005680    00000a4e     rtsv7M4_T_le_v4SPD16_eabi.lib : _printfi.c.obj (.text:__TI_printfi)
                  200060ce    00000002     driverlib.a : interrupt.obj (.text:IntDefaultHandler)
                  200060d0    00000590     simplelink.a : driver.obj (.text:_SlDrvMsgRead)
                  20006660    00000398     gpio_if.obj (.text)
                  200069f8    00000280     simplelink.a : wlan.obj (.text:sl_WlanConnect)
                  20006c78    0000027c     uart_if.obj (.text)
                  20006ef4    00000270     rtsv7M4_T_le_v4SPD16_eabi.lib : _printfi.c.obj (.text:_pconv_a)
                  20007164    00000248     simplelink.a : driver.obj (.text:_SlDrvRxHdrRead)
                  200073ac    000001e4                  : driver.obj (.text:_SlDrvDataReadOp)
                  20007590    000001d0                  : driver.obj (.text:_SlDrvReleasePoolObj)
                  20007760    000001d0     rtsv7M4_T_le_v4SPD16_eabi.lib : _printfi.c.obj (.text:_pconv_g)
                  20007930    000001b6                                   : fd_add_t2.asm.obj (.text)
                  20007ae6    00000002                                   : _lock.c.obj (.text:_nop)
                  20007ae8    000001b4     simplelink.a : driver.obj (.text:_SlDrvDriverCBInit)
                  20007c9c    0000019c                  : driver.obj (.text:_SlDrvMsgWrite)
                  20007e38    00000190                  : driver.obj (.text:_SlDrvWaitForPoolObj)
                  20007fc8    0000018c                  : socket.obj (.text:sl_Connect)
                  20008154    00000178     driverlib.a : prcm.obj (.text:PRCMCC3200MCUInit)
                  200082cc    00000170     simplelink.a : driver.obj (.text:_SlFindAndSetActiveObj)
                  2000843c    00000150                  : driver.obj (.text:_SlDrvDataWriteOp)
                  2000858c    00000148                  : cc_pal.obj (.text:spi_Open)
                  200086d4    00000144                  : driver.obj (.text:_SlDrvMsgReadCmdCtx)
                  20008818    00000144                  : netapp.obj (.text:sl_NetAppDnsGetHostByName)
                  2000895c    0000013c     rtsv7M4_T_le_v4SPD16_eabi.lib : _printfi.c.obj (.text:_pconv_e)
                  20008a98    00000136                                   : fd_div_t2.asm.obj (.text)
                  20008bce    00000002                                   : div0.asm.obj (.text)
                  20008bd0    00000134     simplelink.a : socket.obj (.text:sl_Send)
                  20008d04    00000130                  : driver.obj (.text:_SlDrvDriverCBDeinit)
                  20008e34    00000124     rtsv7M4_T_le_v4SPD16_eabi.lib : _printfi.c.obj (.text:fcvt)
                  20008f58    00000110                                   : s_scalbn.c.obj (.text:scalbn)
                  20009068    00000104     simplelink.a : netapp.obj (.text:_SlDrvNetAppEventHandler)
                  2000916c    00000100     rtsv7M4_T_le_v4SPD16_eabi.lib : memory.c.obj (.text:aligned_alloc)
                  2000926c    000000fc                                   : fd_mul_t2.asm.obj (.text)
                  20009368    000000f0     simplelink.a : device.obj (.text:sl_Stop)
                  20009458    000000f0                  : cc_pal.obj (.text:spi_Read)
                  20009548    000000f0     driverlib.a : udma.obj (.text:uDMAChannelTransferSet)
                  20009638    000000ec     simplelink.a : device.obj (.text:sl_Start)
                  20009724    000000e8                  : driver.obj (.text:_SlAsyncEventGenericHandler)
                  2000980c    000000e8                  : driver.obj (.text:_SlDrvMsgReadSpawnCtx)
                  200098f4    000000e4     rtsv7M4_T_le_v4SPD16_eabi.lib : memory.c.obj (.text:free)
                  200099d8    000000e4                                   : memory.c.obj (.text:realloc)
                  20009abc    000000e4     simplelink.a : netapp.obj (.text:sl_NetAppMDNSRegisterUnregisterService)
                  20009ba0    000000dc                  : driver.obj (.text:_SlDrvClassifyRxMsg)
                  20009c7c    000000cc                  : netapp.obj (.text:_sl_HandleAsync_DnsGetHostByService)
                  20009d48    000000cc                  : device.obj (.text:sl_DevGet)
                  20009e14    000000c4                  : driver.obj (.text:_SlRemoveFromList)
                  20009ed8    000000c0                  : driver.obj (.text:_SlDrvCmdOp)
                  20009f98    000000b1     rtsv7M4_T_le_v4SPD16_eabi.lib : _printfi.c.obj (.text:_ltostr)
                  2000a049    00000003     --HOLE-- [fill = 0]
                  2000a04c    000000b0     simplelink.a : nonos.obj (.text:_SlNonOsSemGet)
                  2000a0fc    000000a8     driverlib.a : interrupt.obj (.text:IntDisable)
                  2000a1a4    000000a8                 : interrupt.obj (.text:IntEnable)
                  2000a24c    000000a4     simplelink.a : driver.obj (.text:_SlDriverHandleError)
                  2000a2f0    000000a0     driverlib.a : spi.obj (.text:SPIConfigSetExpClk)
                  2000a390    000000a0     simplelink.a : socket.obj (.text:sl_Recv)
                  2000a430    0000009c     rtsv7M4_T_le_v4SPD16_eabi.lib : memcpy_t2.asm.obj (.text)
                  2000a4cc    0000009a     simplelink.a : device.obj (.text:_SlDrvDeviceEventHandler)
                  2000a566    00000002     --HOLE-- [fill = 0]
                  2000a568    00000098                  : device.obj (.text:sl_DevSet)
                  2000a600    00000098                  : netcfg.obj (.text:sl_NetCfgSet)
                  2000a698    00000098                  : socket.obj (.text:sl_SetSockOpt)
                  2000a730    00000098                  : wlan.obj (.text:sl_WlanSet)
                  2000a7c8    00000098                  : cc_pal.obj (.text:spi_Write)
                  2000a860    00000096     rtsv7M4_T_le_v4SPD16_eabi.lib : ull_div_t2.asm.obj (.text)
                  2000a8f6    00000002     --HOLE-- [fill = 0]
                  2000a8f8    00000094     driverlib.a : prcm.obj (.text:PRCMPeripheralClockGet)
                  2000a98c    00000090     simplelink.a : netapp.obj (.text:_sl_HandleAsync_DnsGetHostByName)
                  2000aa1c    00000090                  : netapp.obj (.text:_sl_HandleAsync_PingResponse)
                  2000aaac    00000090                  : wlan.obj (.text:sl_WlanPolicySet)
                  2000ab3c    0000008c                  : cc_pal.obj (.text:SetupDMAReceive)
                  2000abc8    0000008c                  : cc_pal.obj (.text:SetupDMASend)
                  2000ac54    0000008c                  : driver.obj (.text:_SlDrvIsTimeoutExpired)
                  2000ace0    0000008c                  : device.obj (.text:_sl_HandleAsync_InitComplete)
                  2000ad6c    0000008c                  : socket.obj (.text:sl_Socket)
                  2000adf8    00000088     driverlib.a : pin.obj (.text:PinConfigSet)
                  2000ae80    00000086     rtsv7M4_T_le_v4SPD16_eabi.lib : fd_cmp_t2.asm.obj (.text:__aeabi_cdcmple)
                  2000af06    00000086                                   : fd_cmp_t2.asm.obj (.text:__aeabi_cdrcmple)
                  2000af8c    00000084     simplelink.a : wlan.obj (.text:sl_WlanRxFilterSet)
                  2000b010    00000082     driverlib.a : gpio.obj (.text:GPIOIntTypeSet)
                  2000b092    00000002     --HOLE-- [fill = 0]
                  2000b094    00000080     simplelink.a : socket.obj (.text:_sl_HandleAsync_Connect)
                  2000b114    00000080                  : cc_pal.obj (.text:spi_Read_CPU)
                  2000b194    00000080                  : cc_pal.obj (.text:spi_Write_CPU)
                  2000b214    0000007a     rtsv7M4_T_le_v4SPD16_eabi.lib : memset_t2.asm.obj (.text)
                  2000b28e    00000002     --HOLE-- [fill = 0]
                  2000b290    00000078     simplelink.a : cc_pal.obj (.text:spi_Close)
                  2000b308    00000076     driverlib.a : uart.obj (.text:UARTConfigSetExpClk)
                  2000b37e    00000002     --HOLE-- [fill = 0]
                  2000b380    00000074     simplelink.a : nonos.obj (.text:_SlNonOsMainLoopTask)
                  2000b3f4    00000070     rtsv7M4_T_le_v4SPD16_eabi.lib : memory.c.obj (.text:split)
                  2000b464    0000006e                                   : _printfi.c.obj (.text:_mcpy)
                  2000b4d2    00000002     --HOLE-- [fill = 0]
                  2000b4d4    0000006c     simplelink.a : driver.obj (.text:_SlDrvCmdSend)
                  2000b540    0000006c                  : netapp.obj (.text:_sl_NetAppSendTokenValue)
                  2000b5ac    00000068     rtsv7M4_T_le_v4SPD16_eabi.lib : copy_decompress_lzss.c.obj (.text:decompress:lzss:__TI_decompress_lzss)
                  2000b614    00000064     simplelink.a : nonos.obj (.text:_SlNonOsSpawn)
                  2000b678    00000064                  : socket.obj (.text:_sl_HandleAsync_Accept)
                  2000b6dc    00000064     rtsv7M4_T_le_v4SPD16_eabi.lib : s_frexp.c.obj (.text:frexp)
                  2000b740    00000064     simplelink.a : netapp.obj (.text:sl_NetAppMDNSUnRegisterService)
                  2000b7a4    00000064     driverlib.a : udma.obj (.text:uDMAChannelAttributeDisable)
                  2000b808    00000064                 : udma.obj (.text:uDMAChannelAttributeEnable)
                  2000b86c    00000060     simplelink.a : socket.obj (.text:sl_Close)
                  2000b8cc    00000060                  : wlan.obj (.text:sl_WlanProfileDel)
                  2000b92c    00000060                  : wlan.obj (.text:sl_WlanSetMode)
                  2000b98c    00000058     driverlib.a : interrupt.obj (.text:IntPendClear)
                  2000b9e4    00000058                 : prcm.obj (.text:PRCMPeripheralReset)
                  2000ba3c    00000058     pinmux.obj (.text)
                  2000ba94    00000056     rtsv7M4_T_le_v4SPD16_eabi.lib : _printfi.c.obj (.text:_pconv_f)
                  2000baea    00000002     --HOLE-- [fill = 0]
                  2000baec    00000054     driverlib.a : interrupt.obj (.text:IntPrioritySet)
                  2000bb40    00000054     simplelink.a : driver.obj (.text:_SlDrvRxIrqHandler)
                  2000bb94    00000054     rtsv7M4_T_le_v4SPD16_eabi.lib : _ltoa.c.obj (.text:__TI_ltoa)
                  2000bbe8    00000054     simplelink.a : socket.obj (.text:_sl_HandleAsync_Select)
                  2000bc3c    00000052     rtsv7M4_T_le_v4SPD16_eabi.lib : _printfi.c.obj (.text:_ecpy)
                  2000bc8e    00000002     --HOLE-- [fill = 0]
                  2000bc90    00000050     simplelink.a : device.obj (.text:_sl_HandleAsync_Stop)
                  2000bce0    0000004c     driverlib.a : spi.obj (.text:SPIIntEnable)
                  2000bd2c    0000004c                 : spi.obj (.text:SPIIntNumberGet)
                  2000bd78    0000004c     simplelink.a : driver.obj (.text:_SlDrvProtectAsyncRespSetting)
                  2000bdc4    0000004c                  : socket.obj (.text:_sl_BuildAddress)
                  2000be10    0000004c     rtsv7M4_T_le_v4SPD16_eabi.lib : atoi.c.obj (.text:atoi)
                  2000be5c    0000004c     driverlib.a : udma.obj (.text:uDMAChannelAssign)
                  2000bea8    00000048                 : gpio.obj (.text:GPIOGetIntNumber)
                  2000bef0    00000048                 : spi.obj (.text:SPIIntClear)
                  2000bf38    00000048     simplelink.a : driver.obj (.text:_SlDrvBasicCmd)
                  2000bf80    00000048     rtsv7M4_T_le_v4SPD16_eabi.lib : fd_toi_t2.asm.obj (.text)
                  2000bfc8    00000044     driverlib.a : spi.obj (.text:SPIDmaMaskGet)
                  2000c00c    00000044                 : timer.obj (.text:TimerConfigure)
                  2000c050    00000044     simplelink.a : driver.obj (.text:_SlDrvHandleHttpServerEvents)
                  2000c094    00000044                  : driver.obj (.text:_SlDrvSyncObjWaitTimeout)
                  2000c0d8    00000044     rtsv7M4_T_le_v4SPD16_eabi.lib : autoinit.c.obj (.text:__TI_auto_init_nobinit_nopinit:__TI_auto_init_nobinit_nopinit)
                  2000c11c    00000044     simplelink.a : cc_pal.obj (.text:cc_SetupTransfer)
                  2000c160    00000042                  : socket.obj (.text:sl_Htonl)
                  2000c1a2    00000002     --HOLE-- [fill = 0]
                  2000c1a4    00000040     driverlib.a : pin.obj (.text:PinModeSet)
                  2000c1e4    00000040     simplelink.a : driver.obj (.text:_SlDrvHandleNetAppEvents)
                  2000c224    00000040                  : driver.obj (.text:_SlDrvHandleWlanEvents)
                  2000c264    00000040                  : socket.obj (.text:_sl_TruncatePayloadByProtocol)
                  2000c2a4    00000040     rtsv7M4_T_le_v4SPD16_eabi.lib : sprintf.c.obj (.text:sprintf)
                  2000c2e4    00000040                                   : vsnprintf.c.obj (.text:vsnprintf)
                  2000c324    0000003e     simplelink.a : cc_pal.obj (.text:NwpRegisterInterruptHandler)
                  2000c362    0000003e     rtsv7M4_T_le_v4SPD16_eabi.lib : _printfi.c.obj (.text:_fcpy)
                  2000c3a0    0000003c     simplelink.a : netapp.obj (.text:CopyPingResultsToReport)
                  2000c3dc    0000003c     driverlib.a : prcm.obj (.text:PRCMPeripheralClkEnable)
                  2000c418    0000003c     simplelink.a : cc_pal.obj (.text:simplelink_timerA2_start)
                  2000c454    0000003c                  : socket.obj (.text:sl_Htons)
                  2000c490    0000003c     driverlib.a : udma.obj (.text:uDMAChannelControlSet)
                  2000c4cc    00000038     simplelink.a : cc_pal.obj (.text:NwpPowerOff)
                  2000c504    00000038                  : wlan.obj (.text:sl_WlanDisconnect)
                  2000c53c    00000036     driverlib.a : gpio.obj (.text:GPIODirModeSet)
                  2000c572    00000002     --HOLE-- [fill = 0]
                  2000c574    00000034                 : prcm.obj (.text:PRCMPeripheralStatusGet)
                  2000c5a8    00000034                 : spi.obj (.text:SPIFIFOLevelSet)
                  2000c5dc    00000034     rtsv7M4_T_le_v4SPD16_eabi.lib : boot_cortex_m.c.obj (.text:_c_int00_noargs:_c_int00_noargs)
                  2000c610    00000030     driverlib.a : pin.obj (.text:PinTypeGPIO)
                  2000c640    00000030                 : uart.obj (.text:UARTDisable)
                  2000c670    00000030     rtsv7M4_T_le_v4SPD16_eabi.lib : vsnprintf.c.obj (.text:_outs)
                  2000c6a0    0000002e                                   : i_tofd_t2.asm.obj (.text)
                  2000c6ce    00000002     --HOLE-- [fill = 0]
                  2000c6d0    0000002c     simplelink.a : cc_pal.obj (.text:NwpPowerOn)
                  2000c6fc    0000002c     driverlib.a : prcm.obj (.text:PRCMSysResetCauseGet)
                  2000c728    0000002c     simplelink.a : driver.obj (.text:_SlDrvObjGlobalLockWaitForever)
                  2000c754    0000002c                  : driver.obj (.text:_SlDrvProtectionObjLockWaitForever)
                  2000c780    0000002a     driverlib.a : timer.obj (.text:TimerLoadSet)
                  2000c7aa    0000002a                 : timer.obj (.text:TimerPrescaleSet)
                  2000c7d4    00000028                 : prcm.obj (.text:PRCMPeripheralClkDisable)
                  2000c7fc    00000028     simplelink.a : driver.obj (.text:_SlDrvGlobalObjUnLock)
                  2000c824    00000028                  : driver.obj (.text:_SlDrvProtectionObjUnLock)
                  2000c84c    00000028                  : driver.obj (.text:_SlDrvSyncObjWaitForever)
                  2000c874    00000028     rtsv7M4_T_le_v4SPD16_eabi.lib : memory.c.obj (.text:free_list_insert)
                  2000c89c    00000028                                   : memmov.c.obj (.text:memmove)
                  2000c8c4    00000026     simplelink.a : driver.obj (.text:_SlDrvObjLockWaitForever)
                  2000c8ea    00000026     network_common.obj (.text)
                  2000c910    00000024     simplelink.a : cc_pal.obj (.text:DmaSpiSwIntHandler)
                  2000c934    00000024     driverlib.a : interrupt.obj (.text:IntUnregister)
                  2000c958    00000024                 : uart.obj (.text:UARTEnable)
                  2000c97c    00000022                 : spi.obj (.text:SPIReset)
                  2000c99e    00000022                 : spi.obj (.text:SPIWordCountSet)
                  2000c9c0    00000020                 : gpio.obj (.text:GPIOPinWrite)
                  2000c9e0    00000020                 : interrupt.obj (.text:IntRegister)
                  2000ca00    00000020     simplelink.a : cc_pal.obj (.text:NwpPrePowerOffTimout0)
                  2000ca20    00000020                  : cc_pal.obj (.text:TimerGetCurrentTimestamp)
                  2000ca40    00000020                  : driver.obj (.text:_SlDrvObjUnLock)
                  2000ca60    00000020                  : driver.obj (.text:_SlDrvSyncObjSignal)
                  2000ca80    0000001e     driverlib.a : gpio.obj (.text:GPIOIntRegister)
                  2000ca9e    0000001e                 : timer.obj (.text:TimerEnable)
                  2000cabc    0000001e                 : uart.obj (.text:UARTCharPut)
                  2000cada    0000001e     simplelink.a : cc_pal.obj (.text:cc_UDMAChannelSelect)
                  2000caf8    0000001c     driverlib.a : timer.obj (.text:TimerValueGet)
                  2000cb14    0000001c                 : uart.obj (.text:UARTCharGetNonBlocking)
                  2000cb30    0000001c     simplelink.a : driver.obj (.text:_SlDrvStartMeasureTimeout)
                  2000cb4c    0000001c     rtsv7M4_T_le_v4SPD16_eabi.lib : copy_zero_init.c.obj (.text:decompress:ZI:__TI_zero_init_nomemset:__TI_zero_init_nomemset)
                  2000cb68    0000001c                                   : memory.c.obj (.text:free_list_remove)
                  2000cb84    0000001c                                   : memccpy.c.obj (.text:memccpy)
                  2000cba0    0000001c     driverlib.a : udma.obj (.text:uDMAChannelEnable)
                  2000cbbc    0000001a                 : gpio.obj (.text:GPIOIntEnable)
                  2000cbd6    0000001a                 : pin.obj (.text:PinTypeUART)
                  2000cbf0    0000001a                 : spi.obj (.text:SPIDmaDisable)
                  2000cc0a    0000001a                 : spi.obj (.text:SPIDmaEnable)
                  2000cc24    0000001a                 : spi.obj (.text:SPIFIFODisable)
                  2000cc3e    0000001a                 : spi.obj (.text:SPIFIFOEnable)
                  2000cc58    0000001a                 : spi.obj (.text:SPIIntUnregister)
                  2000cc72    0000001a     rtsv7M4_T_le_v4SPD16_eabi.lib : s_copysign.c.obj (.text:copysign)
                  2000cc8c    00000018     driverlib.a : gpio.obj (.text:GPIOPinRead)
                  2000cca4    00000018                 : spi.obj (.text:SPICSDisable)
                  2000ccbc    00000018                 : spi.obj (.text:SPICSEnable)
                  2000ccd4    00000018                 : spi.obj (.text:SPIDisable)
                  2000ccec    00000018                 : spi.obj (.text:SPIEnable)
                  2000cd04    00000018                 : uart.obj (.text:UARTCharsAvail)
                  2000cd1c    00000018     simplelink.a : nonos.obj (.text:_SlNonOsSemSet)
                  2000cd34    00000018     rtsv7M4_T_le_v4SPD16_eabi.lib : vsnprintf.c.obj (.text:_outc)
                  2000cd4c    00000018                                   : sprintf.c.obj (.text:_outs)
                  2000cd64    00000018     simplelink.a : device.obj (.text:_sl_GetStartResponseConvert)
                  2000cd7c    00000016     driverlib.a : prcm.obj (.text:PRCMHIBRegRead)
                  2000cd92    00000016                 : prcm.obj (.text:PRCMHIBRegWrite)
                  2000cda8    00000016     simplelink.a : driver.obj (.text:_SlDrvMemZero)
                  2000cdbe    00000016     rtsv7M4_T_le_v4SPD16_eabi.lib : strchr.c.obj (.text:strchr)
                  2000cdd4    00000014     driverlib.a : cpu.obj (.text:CPUcpsie)
                  2000cde8    00000014                 : gpio.obj (.text:GPIOIntClear)
                  2000cdfc    00000014                 : interrupt.obj (.text:IntVTableBaseSet)
                  2000ce10    00000014     rtsv7M4_T_le_v4SPD16_eabi.lib : strcpy.c.obj (.text:strcpy)
                  2000ce24    00000014                                   : strlen.c.obj (.text:strlen)
                  2000ce38    00000012                                   : wcslen.c.obj (.text:wcslen)
                  2000ce4a    00000010     simplelink.a : driver.obj (.text:_SlDrvDispatchHttpServerEvents)
                  2000ce5a    0000000e                  : driver.obj (.text:_SlDrvResetCmdExt)
                  2000ce68    0000000e     rtsv7M4_T_le_v4SPD16_eabi.lib : copy_decompress_none.c.obj (.text:decompress:none:__TI_decompress_none)
                  2000ce76    0000000e     startup_ccs.obj (.text)
                  2000ce84    0000000c     simplelink.a : cc_pal.obj (.text:NwpMaskInterrupt)
                  2000ce90    0000000c                  : cc_pal.obj (.text:NwpUnMaskInterrupt)
                  2000ce9c    0000000a     driverlib.a : interrupt.obj (.text:IntMasterEnable)
                  2000cea6    0000000a     rtsv7M4_T_le_v4SPD16_eabi.lib : sprintf.c.obj (.text:_outc)
                  2000ceb0    00000008                                   : errno.c.obj (.text:__aeabi_errno_addr)
                  2000ceb8    00000008                                   : memory.c.obj (.text:malloc)
                  2000cec0    00000006     driverlib.a : utils.obj (.text:UtilsDelay)
                  2000cec6    00000004     rtsv7M4_T_le_v4SPD16_eabi.lib : pre_init.c.obj (.text:_system_pre_init)
                  2000ceca    00000004                                   : exit.c.obj (.text:abort:abort)

.const     0    2000ced0    00000614     
                  2000ced0    00000101     rtsv7M4_T_le_v4SPD16_eabi.lib : ctype.c.obj (.const:.string:_ctypes_)
                  2000cfd1    00000003     --HOLE-- [fill = 0]
                  2000cfd4    00000100     driverlib.a : pin.obj (.const:g_ulPinToPadMap)
                  2000d0d4    000000d4                 : interrupt.obj (.const:g_pulRegs)
                  2000d1a8    000000a8                 : prcm.obj (.const:PRCM_PeriphRegsList)
                  2000d250    0000003c     simplelink.a : driver.obj (.const:OpcodeTranslateTable)
                  2000d28c    00000038                  : driver.obj (.const:_SlActionLookupTable)
                  2000d2c4    00000030     main.obj (.const:.string)
                  2000d2f4    0000002c     main.obj (.const:$P$T1$2)
                  2000d320    00000024     driverlib.a : spi.obj (.const:g_ppulSPIIntMap)
                  2000d344    00000022     main.obj (.const:.string:$P$T0$1)
                  2000d366    00000002     --HOLE-- [fill = 0]
                  2000d368    00000020     simplelink.a : driver.obj (.const:RxMsgClassLUT)
                  2000d388    00000018     driverlib.a : interrupt.obj (.const:g_pulDisRegs)
                  2000d3a0    00000018                 : interrupt.obj (.const:g_pulEnRegs)
                  2000d3b8    00000018                 : interrupt.obj (.const:g_pulUnpendRegs)
                  2000d3d0    00000018                 : spi.obj (.const:g_ulSPIDmaMaskMap)
                  2000d3e8    00000015     main.obj (.const:.string:$P$T6$7)
                  2000d3fd    00000003     --HOLE-- [fill = 0]
                  2000d400    00000014     simplelink.a : driver.obj (.const:$P$T0$1)
                  2000d414    00000014                  : nonos.obj (.const:$P$T0$1)
                  2000d428    00000014     main.obj (.const:$P$T2$3)
                  2000d43c    00000010     simplelink.a : socket.obj (.const:.string:_SlPayloadByProtocolLUT)
                  2000d44c    0000000c     main.obj (.const:$P$T4$5)
                  2000d458    0000000c     main.obj (.const:.string:$P$T3$4)
                  2000d464    00000009     main.obj (.const:.string:$P$T5$6)
                  2000d46d    00000008     simplelink.a : device.obj (.const:StartResponseLUT)
                  2000d475    00000003     --HOLE-- [fill = 0]
                  2000d478    00000008                  : driver.obj (.const:g_H2NCnysPattern)
                  2000d480    00000008                  : driver.obj (.const:g_H2NSyncPattern)
                  2000d488    00000005     main.obj (.const:.string:$P$T7$8)
                  2000d48d    00000001     --HOLE-- [fill = 0]
                  2000d48e    00000004     simplelink.a : wlan.obj (.const:$P$T0$1)
                  2000d492    00000004                  : socket.obj (.const:$P$T2$3)
                  2000d496    00000004                  : device.obj (.const:_SlDeviceGetCmdCtrl)
                  2000d49a    00000004                  : device.obj (.const:_SlDeviceSetCmdCtrl)
                  2000d49e    00000004                  : netapp.obj (.const:_SlGetHostByNameCtrl)
                  2000d4a2    00000004                  : netapp.obj (.const:_SlNetAppSendTokenValueCmdCtrl)
                  2000d4a6    00000004                  : netcfg.obj (.const:_SlNetCfgSetCmdCtrl)
                  2000d4aa    00000004                  : wlan.obj (.const:_SlPolicySetCmdCtrl)
                  2000d4ae    00000004                  : wlan.obj (.const:_SlProfileDelCmdCtrl)
                  2000d4b2    00000004                  : socket.obj (.const:_SlRecvCmdCtrl)
                  2000d4b6    00000004                  : netapp.obj (.const:_SlRegisterServiceCtrl)
                  2000d4ba    00000004                  : wlan.obj (.const:_SlRxFilterSetCmdCtrl)
                  2000d4be    00000004                  : socket.obj (.const:_SlSendCmdCtrl)
                  2000d4c2    00000004                  : socket.obj (.const:_SlSetSockOptCmdCtrl)
                  2000d4c6    00000004                  : socket.obj (.const:_SlSockCloseCmdCtrl)
                  2000d4ca    00000004                  : socket.obj (.const:_SlSockSocketCmdCtrl)
                  2000d4ce    00000004                  : device.obj (.const:_SlStopCmdCtrl)
                  2000d4d2    00000004                  : wlan.obj (.const:_SlWlanCfgSetCmdCtrl)
                  2000d4d6    00000004                  : wlan.obj (.const:_SlWlanSetModeCmdCtrl)
                  2000d4da    00000002     --HOLE-- [fill = 0]
                  2000d4dc    00000004                  : driver.obj (.const:httpServer_callbacks)
                  2000d4e0    00000004                  : driver.obj (.const:netApp_callbacks)

.cinit     0    2000d4e8    00000058     
                  2000d4e8    00000033     (.cinit..data.load) [load image, compression = lzss]
                  2000d51b    00000001     --HOLE-- [fill = 0]
                  2000d51c    0000000c     (__TI_handler_table)
                  2000d528    00000008     (.cinit..bss.load) [load image, compression = zero_init]
                  2000d530    00000010     (__TI_cinit_table)

.sysmem    0    20017000    00008000     UNINITIALIZED
                  20017000    00000010     rtsv7M4_T_le_v4SPD16_eabi.lib : memory.c.obj (.sysmem)
                  20017010    00007ff0     --HOLE--

.bss       0    2001f000    0000021a     UNINITIALIZED
                  2001f000    00000168     simplelink.a : driver.obj (.bss:g_StatMem)
                  2001f168    00000050     (.common:g_ucDinDout)
                  2001f1b8    0000002c     (.common:g_time)
                  2001f1e4    00000024     (.common:g_ucConnectionSSID)
                  2001f208    00000008     (.common:g_ucConnectionBSSID)
                  2001f210    00000004     uart_if.obj (.bss)
                  2001f214    00000001     (.common:RxIrqCnt)
                  2001f215    00000001     (.common:g_bDeviceRestartIsRequired)
                  2001f216    00000001     (.common:g_cDummy)
                  2001f217    00000001     (.common:g_ucLED1Pin)
                  2001f218    00000001     (.common:g_ucLED2Pin)
                  2001f219    00000001     (.common:g_ucLED3Pin)

.data      0    2001f21c    000000a0     UNINITIALIZED
                  2001f21c    0000003c     simplelink.a : nonos.obj (.data:g__SlNonOsCB)
                  2001f258    00000014     gpio_if.obj (.data:ulReg)
                  2001f26c    00000010     main.obj (.data)
                  2001f27c    0000000d     simplelink.a : driver.obj (.data)
                  2001f289    00000003     --HOLE--
                  2001f28c    0000000c     gpio_if.obj (.data)
                  2001f298    00000009     simplelink.a : cc_pal.obj (.data)
                  2001f2a1    00000003     --HOLE--
                  2001f2a4    00000008     rtsv7M4_T_le_v4SPD16_eabi.lib : _lock.c.obj (.data:$O1$$)
                  2001f2ac    00000008                                   : memory.c.obj (.data:$O1$$)
                  2001f2b4    00000004                                   : errno.c.obj (.data)
                  2001f2b8    00000004     simplelink.a : driver.obj (.data:wlan_callbacks)

.stack     0    2002f000    00001000     UNINITIALIZED
                  2002f000    00000004     rtsv7M4_T_le_v4SPD16_eabi.lib : boot_cortex_m.c.obj (.stack)
                  2002f004    00000ffc     --HOLE--

__llvm_prf_cnts 
*          0    20017000    00000000     UNINITIALIZED

MODULE SUMMARY

       Module                       code    ro data   rw data
       ------                       ----    -------   -------
    .\
       main.obj                     4736    205       104    
       startup_ccs.obj              14      1024      0      
       gpio_if.obj                  920     0         35     
       uart_if.obj                  636     0         4      
       pinmux.obj                   88      0         0      
       network_common.obj           38      0         0      
    +--+----------------------------+-------+---------+---------+
       Total:                       6432    1229      143    
                                                             
    C:/ti/CC3200SDK_1.5.0/cc3200-sdk/driverlib/ccs/Release/driverlib.a
       prcm.obj                     852     168       0      
       interrupt.obj                608     284       0      
       spi.obj                      798     60        0      
       udma.obj                     604     0         0      
       pin.obj                      274     256       0      
       gpio.obj                     388     0         0      
       uart.obj                     284     0         0      
       timer.obj                    210     0         0      
       cpu.obj                      20      0         0      
       utils.obj                    6       0         0      
    +--+----------------------------+-------+---------+---------+
       Total:                       4044    768       0      
                                                             
    C:/ti/CC3200SDK_1.5.0/cc3200-sdk/simplelink/ccs/NON_OS/simplelink.a
       driver.obj                   7906    192       379    
       cc_pal.obj                   1820    0         90     
       socket.obj                   1830    40        0      
       netapp.obj                   1572    12        0      
       wlan.obj                     1316    24        0      
       device.obj                   1230    20        0      
       nonos.obj                    416     20        60     
       netcfg.obj                   152     4         0      
    +--+----------------------------+-------+---------+---------+
       Total:                       16242   312       529    
                                                             
    C:\ti\ccs1020\ccs\tools\compiler\ti-cgt-arm_20.2.2.LTS\lib\rtsv7M4_T_le_v4SPD16_eabi.lib
       _printfi.c.obj               4851    0         0      
       memory.c.obj                 900     0         8      
       fd_add_t2.asm.obj            438     0         0      
       fd_div_t2.asm.obj            310     0         0      
       s_scalbn.c.obj               272     0         0      
       fd_cmp_t2.asm.obj            268     0         0      
       ctype.c.obj                  0       257       0      
       fd_mul_t2.asm.obj            252     0         0      
       memcpy_t2.asm.obj            156     0         0      
       ull_div_t2.asm.obj           150     0         0      
       vsnprintf.c.obj              136     0         0      
       memset_t2.asm.obj            122     0         0      
       copy_decompress_lzss.c.obj   104     0         0      
       s_frexp.c.obj                100     0         0      
       sprintf.c.obj                98      0         0      
       _ltoa.c.obj                  84      0         0      
       atoi.c.obj                   76      0         0      
       fd_toi_t2.asm.obj            72      0         0      
       autoinit.c.obj               68      0         0      
       boot_cortex_m.c.obj          52      0         0      
       i_tofd_t2.asm.obj            46      0         0      
       memmov.c.obj                 40      0         0      
       copy_zero_init.c.obj         28      0         0      
       memccpy.c.obj                28      0         0      
       s_copysign.c.obj             26      0         0      
       strchr.c.obj                 22      0         0      
       strcpy.c.obj                 20      0         0      
       strlen.c.obj                 20      0         0      
       wcslen.c.obj                 18      0         0      
       copy_decompress_none.c.obj   14      0         0      
       errno.c.obj                  8       0         4      
       _lock.c.obj                  2       0         8      
       exit.c.obj                   4       0         0      
       pre_init.c.obj               4       0         0      
       div0.asm.obj                 2       0         0      
    +--+----------------------------+-------+---------+---------+
       Total:                       8791    257       20     
                                                             
       Heap:                        0       0         32768  
       Stack:                       0       0         4096   
       Linker Generated:            0       87        0      
    +--+----------------------------+-------+---------+---------+
       Grand Total:                 35509   2653      37556  


LINKER GENERATED COPY TABLES

__TI_cinit_table @ 2000d530 records: 2, size/record: 8, table size: 16
	.data: load addr=2000d4e8, load size=00000033 bytes, run addr=2001f21c, run size=000000a0 bytes, compression=lzss
	.bss: load addr=2000d528, load size=00000008 bytes, run addr=2001f000, run size=0000021a bytes, compression=zero_init


LINKER GENERATED HANDLER TABLE

__TI_handler_table @ 2000d51c records: 3, size/record: 4, table size: 12
	index: 0, handler: __TI_decompress_lzss
	index: 1, handler: __TI_decompress_none
	index: 2, handler: __TI_zero_init


GLOBAL SYMBOLS: SORTED ALPHABETICALLY BY Name 

address   name                                  
-------   ----                                  
2000cecb  C$$EXIT                               
2000cdd5  CPUcpsie                              
20006cb9  ClearTerm                             
2000c911  DmaSpiSwIntHandler                    
20006cc3  Error                                 
2000c53d  GPIODirModeSet                        
2000cde9  GPIOIntClear                          
2000cbbd  GPIOIntEnable                         
2000ca81  GPIOIntRegister                       
2000b011  GPIOIntTypeSet                        
2000cc8d  GPIOPinRead                           
2000c9c1  GPIOPinWrite                          
20006921  GPIO_IF_ConfigureNIntEnable           
200069ad  GPIO_IF_Get                           
200068db  GPIO_IF_GetPortNPin                   
2000669d  GPIO_IF_LedConfigure                  
2000678f  GPIO_IF_LedOff                        
200066db  GPIO_IF_LedOn                         
20006843  GPIO_IF_LedStatus                     
200068ad  GPIO_IF_LedToggle                     
20006969  GPIO_IF_Set                           
20006cfb  GetCmd                                
20006c79  InitTerm                              
2000a0fd  IntDisable                            
2000a1a5  IntEnable                             
2000ce9d  IntMasterEnable                       
2000b98d  IntPendClear                          
2000baed  IntPrioritySet                        
2000c9e1  IntRegister                           
2000c935  IntUnregister                         
2000cdfd  IntVTableBaseSet                      
20006c97  Message                               
2000ce85  NwpMaskInterrupt                      
2000c4cd  NwpPowerOff                           
2000c6d1  NwpPowerOn                            
2000ca01  NwpPrePowerOffTimout0                 
2000c325  NwpRegisterInterruptHandler           
2000ce91  NwpUnMaskInterrupt                    
2000d250  OpcodeTranslateTable                  
20008155  PRCMCC3200MCUInit                     
2000cd7d  PRCMHIBRegRead                        
2000cd93  PRCMHIBRegWrite                       
2000c7d5  PRCMPeripheralClkDisable              
2000c3dd  PRCMPeripheralClkEnable               
2000a8f9  PRCMPeripheralClockGet                
2000b9e5  PRCMPeripheralReset                   
2000c575  PRCMPeripheralStatusGet               
2000c6fd  PRCMSysResetCauseGet                  
2000adf9  PinConfigSet                          
2000c1a5  PinModeSet                            
2000ba3d  PinMuxConfig                          
2000c611  PinTypeGPIO                           
2000cbd7  PinTypeUART                           
20006e39  Report                                
2000ce77  ResetISR                              
2001f214  RxIrqCnt                              
2000cca5  SPICSDisable                          
2000ccbd  SPICSEnable                           
2000a2f1  SPIConfigSetExpClk                    
2000ccd5  SPIDisable                            
2000cbf1  SPIDmaDisable                         
2000cc0b  SPIDmaEnable                          
2000cced  SPIEnable                             
2000cc25  SPIFIFODisable                        
2000cc3f  SPIFIFOEnable                         
2000c5a9  SPIFIFOLevelSet                       
2000bef1  SPIIntClear                           
2000bce1  SPIIntEnable                          
2000cc59  SPIIntUnregister                      
2000c97d  SPIReset                              
2000c99f  SPIWordCountSet                       
200045d5  SimpleLinkGeneralEventHandler         
200045b1  SimpleLinkHttpServerCallback          
2000450f  SimpleLinkNetAppEventHandler          
200045f5  SimpleLinkSockEventHandler            
20004401  SimpleLinkWlanEventHandler            
2000c00d  TimerConfigure                        
2000ca9f  TimerEnable                           
2000ca21  TimerGetCurrentTimestamp              
2000c781  TimerLoadSet                          
2000c7ab  TimerPrescaleSet                      
2000caf9  TimerValueGet                         
20006da1  TrimSpace                             
2000cb15  UARTCharGetNonBlocking                
2000cabd  UARTCharPut                           
2000cd05  UARTCharsAvail                        
2000b309  UARTConfigSetExpClk                   
2000c641  UARTDisable                           
2000c959  UARTEnable                            
2000cec1  UtilsDelay                            
2000d28c  _SlActionLookupTable                  
2000a24d  _SlDriverHandleError                  
2000bf39  _SlDrvBasicCmd                        
20009ed9  _SlDrvCmdOp                           
2000b4d5  _SlDrvCmdSend                         
200073ad  _SlDrvDataReadOp                      
2000843d  _SlDrvDataWriteOp                     
2000a4cd  _SlDrvDeviceEventHandler              
2000ce4b  _SlDrvDispatchHttpServerEvents        
20008d05  _SlDrvDriverCBDeinit                  
20007ae9  _SlDrvDriverCBInit                    
2000c7fd  _SlDrvGlobalObjUnLock                 
2000c051  _SlDrvHandleHttpServerEvents          
2000c1e5  _SlDrvHandleNetAppEvents              
2000c225  _SlDrvHandleWlanEvents                
2000ac55  _SlDrvIsTimeoutExpired                
2000cda9  _SlDrvMemZero                         
2000980d  _SlDrvMsgReadSpawnCtx                 
20009069  _SlDrvNetAppEventHandler              
2000c8c5  _SlDrvObjLockWaitForever              
2000ca41  _SlDrvObjUnLock                       
2000bd79  _SlDrvProtectAsyncRespSetting         
2000c755  _SlDrvProtectionObjLockWaitForever    
2000c825  _SlDrvProtectionObjUnLock             
20007591  _SlDrvReleasePoolObj                  
2000ce5b  _SlDrvResetCmdExt                     
2000bb41  _SlDrvRxIrqHandler                    
2000cb31  _SlDrvStartMeasureTimeout             
2000ca61  _SlDrvSyncObjSignal                   
2000c84d  _SlDrvSyncObjWaitForever              
2000c095  _SlDrvSyncObjWaitTimeout              
20007e39  _SlDrvWaitForPoolObj                  
2000d4a2  _SlNetAppSendTokenValueCmdCtrl        
2000b381  _SlNonOsMainLoopTask                  
2000a04d  _SlNonOsSemGet                        
2000cd1d  _SlNonOsSemSet                        
2000b615  _SlNonOsSpawn                         
20030000  __STACK_END                           
00001000  __STACK_SIZE                          
00008000  __SYSMEM_SIZE                         
2000d530  __TI_CINIT_Base                       
2000d540  __TI_CINIT_Limit                      
2000d51c  __TI_Handler_Table_Base               
2000d528  __TI_Handler_Table_Limit              
2000c0d9  __TI_auto_init_nobinit_nopinit        
2000b5ad  __TI_decompress_lzss                  
2000ce69  __TI_decompress_none                  
2000bb95  __TI_ltoa                             
ffffffff  __TI_pprof_out_hndl                   
20005681  __TI_printfi                          
ffffffff  __TI_prof_data_size                   
ffffffff  __TI_prof_data_start                  
2000d4e8  __TI_static_base__                    
2000cb4d  __TI_zero_init_nomemset               
2000ae81  __aeabi_cdcmpeq                       
2000ae81  __aeabi_cdcmple                       
2000af07  __aeabi_cdrcmple                      
2000bf81  __aeabi_d2iz                          
2000793b  __aeabi_dadd                          
20008a99  __aeabi_ddiv                          
2000926d  __aeabi_dmul                          
20007931  __aeabi_dsub                          
2000ceb1  __aeabi_errno_addr                    
2000c6a1  __aeabi_i2d                           
20008bcf  __aeabi_idiv0                         
20008bcf  __aeabi_ldiv0                         
2000b215  __aeabi_memclr                        
2000b215  __aeabi_memclr4                       
2000b215  __aeabi_memclr8                       
2000a431  __aeabi_memcpy                        
2000a431  __aeabi_memcpy4                       
2000a431  __aeabi_memcpy8                       
2000b217  __aeabi_memset                        
2000b217  __aeabi_memset4                       
2000b217  __aeabi_memset8                       
2000a861  __aeabi_uldivmod                      
ffffffff  __binit__                             
ffffffff  __c_args__                            
UNDEFED   __mpu_init                            
2002f000  __stack                               
20017000  __start___llvm_prf_cnts               
20017000  __stop___llvm_prf_cnts                
2000c5dd  _c_int00_noargs                       
2000ced0  _ctypes_                              
2001f2a4  _lock                                 
20007ae7  _nop                                  
2000b679  _sl_HandleAsync_Accept                
2000b095  _sl_HandleAsync_Connect               
2000a98d  _sl_HandleAsync_DnsGetHostByName      
20009c7d  _sl_HandleAsync_DnsGetHostByService   
2000ace1  _sl_HandleAsync_InitComplete          
2000aa1d  _sl_HandleAsync_PingResponse          
2000bbe9  _sl_HandleAsync_Select                
2000bc91  _sl_HandleAsync_Stop                  
2000b541  _sl_NetAppSendTokenValue              
20017000  _sys_memory                           
UNDEFED   _system_post_cinit                    
2000cec7  _system_pre_init                      
2001f2a8  _unlock                               
2000cecb  abort                                 
2000916d  aligned_alloc                         
2000be11  atoi                                  
ffffffff  binit                                 
2000cc73  copysign                              
2000cc73  copysignl                             
2001f2b4  errno                                 
200098f5  free                                  
2000b6dd  frexp                                 
2000b6dd  frexpl                                
2001f278  g_Host                                
2001f27c  g_SlDeviceStatus                      
2001f298  g_SpiFd                               
2001f21c  g__SlNonOsCB                          
2001f215  g_bDeviceRestartIsRequired            
2001f216  g_cDummy                              
2001f280  g_pCB                                 
2001f29c  g_pHostIntHdl                         
20004000  g_pfnVectors                          
2001f1b8  g_time                                
2001f208  g_ucConnectionBSSID                   
2001f1e4  g_ucConnectionSSID                    
2001f2a0  g_ucDMAEnabled                        
2001f168  g_ucDinDout                           
2001f217  g_ucLED1Pin                           
2001f218  g_ucLED2Pin                           
2001f219  g_ucLED3Pin                           
2001f28c  g_uiLED1Port                          
2001f290  g_uiLED2Port                          
2001f294  g_uiLED3Port                          
2001f274  g_ulGatewayIP                         
2001f270  g_ulPingPacketsRecv                   
2001f26c  g_ulStatus                            
20008f59  ldexp                                 
20008f59  ldexpl                                
200050c1  main                                  
2000ceb9  malloc                                
2000916d  memalign                              
2000cb85  memccpy                               
2000a431  memcpy                                
2000c89d  memmove                               
2000b21d  memset                                
2001f284  pPingCallBackFunc                     
20004fe1  printErrConvenience                   
200099d9  realloc                               
20008f59  scalbn                                
20008f59  scalbnl                               
2000c419  simplelink_timerA2_start              
2000b86d  sl_Close                              
20007fc9  sl_Connect                            
20009d49  sl_DevGet                             
2000a569  sl_DevSet                             
2000c161  sl_Htonl                              
2000c455  sl_Htons                              
20008819  sl_NetAppDnsGetHostByName             
20009abd  sl_NetAppMDNSRegisterUnregisterService
2000b741  sl_NetAppMDNSUnRegisterService        
2000a601  sl_NetCfgSet                          
2000c8eb  sl_Provisioning_HttpServerEventHdl    
2000c8f9  sl_Provisioning_NetAppEventHdl        
2000c905  sl_Provisioning_WlanEventHdl          
2000a391  sl_Recv                               
20008bd1  sl_Send                               
2000a699  sl_SetSockOpt                         
2000ad6d  sl_Socket                             
20009639  sl_Start                              
20009369  sl_Stop                               
200069f9  sl_WlanConnect                        
2000c505  sl_WlanDisconnect                     
2000aaad  sl_WlanPolicySet                      
2000b8cd  sl_WlanProfileDel                     
2000af8d  sl_WlanRxFilterSet                    
2000a731  sl_WlanSet                            
2000b92d  sl_WlanSetMode                        
2000b291  spi_Close                             
2000858d  spi_Open                              
20009459  spi_Read                              
2000a7c9  spi_Write                             
2000c2a5  sprintf                               
2000cdbf  strchr                                
2000ce11  strcpy                                
2000ce25  strlen                                
2000be5d  uDMAChannelAssign                     
2000b7a5  uDMAChannelAttributeDisable           
2000b809  uDMAChannelAttributeEnable            
2000c491  uDMAChannelControlSet                 
2000cba1  uDMAChannelEnable                     
20009549  uDMAChannelTransferSet                
2000c2e5  vsnprintf                             
2000ce39  wcslen                                


GLOBAL SYMBOLS: SORTED BY Symbol Address 

address   name                                  
-------   ----                                  
00001000  __STACK_SIZE                          
00008000  __SYSMEM_SIZE                         
20004000  g_pfnVectors                          
20004401  SimpleLinkWlanEventHandler            
2000450f  SimpleLinkNetAppEventHandler          
200045b1  SimpleLinkHttpServerCallback          
200045d5  SimpleLinkGeneralEventHandler         
200045f5  SimpleLinkSockEventHandler            
20004fe1  printErrConvenience                   
200050c1  main                                  
20005681  __TI_printfi                          
2000669d  GPIO_IF_LedConfigure                  
200066db  GPIO_IF_LedOn                         
2000678f  GPIO_IF_LedOff                        
20006843  GPIO_IF_LedStatus                     
200068ad  GPIO_IF_LedToggle                     
200068db  GPIO_IF_GetPortNPin                   
20006921  GPIO_IF_ConfigureNIntEnable           
20006969  GPIO_IF_Set                           
200069ad  GPIO_IF_Get                           
200069f9  sl_WlanConnect                        
20006c79  InitTerm                              
20006c97  Message                               
20006cb9  ClearTerm                             
20006cc3  Error                                 
20006cfb  GetCmd                                
20006da1  TrimSpace                             
20006e39  Report                                
200073ad  _SlDrvDataReadOp                      
20007591  _SlDrvReleasePoolObj                  
20007931  __aeabi_dsub                          
2000793b  __aeabi_dadd                          
20007ae7  _nop                                  
20007ae9  _SlDrvDriverCBInit                    
20007e39  _SlDrvWaitForPoolObj                  
20007fc9  sl_Connect                            
20008155  PRCMCC3200MCUInit                     
2000843d  _SlDrvDataWriteOp                     
2000858d  spi_Open                              
20008819  sl_NetAppDnsGetHostByName             
20008a99  __aeabi_ddiv                          
20008bcf  __aeabi_idiv0                         
20008bcf  __aeabi_ldiv0                         
20008bd1  sl_Send                               
20008d05  _SlDrvDriverCBDeinit                  
20008f59  ldexp                                 
20008f59  ldexpl                                
20008f59  scalbn                                
20008f59  scalbnl                               
20009069  _SlDrvNetAppEventHandler              
2000916d  aligned_alloc                         
2000916d  memalign                              
2000926d  __aeabi_dmul                          
20009369  sl_Stop                               
20009459  spi_Read                              
20009549  uDMAChannelTransferSet                
20009639  sl_Start                              
2000980d  _SlDrvMsgReadSpawnCtx                 
200098f5  free                                  
200099d9  realloc                               
20009abd  sl_NetAppMDNSRegisterUnregisterService
20009c7d  _sl_HandleAsync_DnsGetHostByService   
20009d49  sl_DevGet                             
20009ed9  _SlDrvCmdOp                           
2000a04d  _SlNonOsSemGet                        
2000a0fd  IntDisable                            
2000a1a5  IntEnable                             
2000a24d  _SlDriverHandleError                  
2000a2f1  SPIConfigSetExpClk                    
2000a391  sl_Recv                               
2000a431  __aeabi_memcpy                        
2000a431  __aeabi_memcpy4                       
2000a431  __aeabi_memcpy8                       
2000a431  memcpy                                
2000a4cd  _SlDrvDeviceEventHandler              
2000a569  sl_DevSet                             
2000a601  sl_NetCfgSet                          
2000a699  sl_SetSockOpt                         
2000a731  sl_WlanSet                            
2000a7c9  spi_Write                             
2000a861  __aeabi_uldivmod                      
2000a8f9  PRCMPeripheralClockGet                
2000a98d  _sl_HandleAsync_DnsGetHostByName      
2000aa1d  _sl_HandleAsync_PingResponse          
2000aaad  sl_WlanPolicySet                      
2000ac55  _SlDrvIsTimeoutExpired                
2000ace1  _sl_HandleAsync_InitComplete          
2000ad6d  sl_Socket                             
2000adf9  PinConfigSet                          
2000ae81  __aeabi_cdcmpeq                       
2000ae81  __aeabi_cdcmple                       
2000af07  __aeabi_cdrcmple                      
2000af8d  sl_WlanRxFilterSet                    
2000b011  GPIOIntTypeSet                        
2000b095  _sl_HandleAsync_Connect               
2000b215  __aeabi_memclr                        
2000b215  __aeabi_memclr4                       
2000b215  __aeabi_memclr8                       
2000b217  __aeabi_memset                        
2000b217  __aeabi_memset4                       
2000b217  __aeabi_memset8                       
2000b21d  memset                                
2000b291  spi_Close                             
2000b309  UARTConfigSetExpClk                   
2000b381  _SlNonOsMainLoopTask                  
2000b4d5  _SlDrvCmdSend                         
2000b541  _sl_NetAppSendTokenValue              
2000b5ad  __TI_decompress_lzss                  
2000b615  _SlNonOsSpawn                         
2000b679  _sl_HandleAsync_Accept                
2000b6dd  frexp                                 
2000b6dd  frexpl                                
2000b741  sl_NetAppMDNSUnRegisterService        
2000b7a5  uDMAChannelAttributeDisable           
2000b809  uDMAChannelAttributeEnable            
2000b86d  sl_Close                              
2000b8cd  sl_WlanProfileDel                     
2000b92d  sl_WlanSetMode                        
2000b98d  IntPendClear                          
2000b9e5  PRCMPeripheralReset                   
2000ba3d  PinMuxConfig                          
2000baed  IntPrioritySet                        
2000bb41  _SlDrvRxIrqHandler                    
2000bb95  __TI_ltoa                             
2000bbe9  _sl_HandleAsync_Select                
2000bc91  _sl_HandleAsync_Stop                  
2000bce1  SPIIntEnable                          
2000bd79  _SlDrvProtectAsyncRespSetting         
2000be11  atoi                                  
2000be5d  uDMAChannelAssign                     
2000bef1  SPIIntClear                           
2000bf39  _SlDrvBasicCmd                        
2000bf81  __aeabi_d2iz                          
2000c00d  TimerConfigure                        
2000c051  _SlDrvHandleHttpServerEvents          
2000c095  _SlDrvSyncObjWaitTimeout              
2000c0d9  __TI_auto_init_nobinit_nopinit        
2000c161  sl_Htonl                              
2000c1a5  PinModeSet                            
2000c1e5  _SlDrvHandleNetAppEvents              
2000c225  _SlDrvHandleWlanEvents                
2000c2a5  sprintf                               
2000c2e5  vsnprintf                             
2000c325  NwpRegisterInterruptHandler           
2000c3dd  PRCMPeripheralClkEnable               
2000c419  simplelink_timerA2_start              
2000c455  sl_Htons                              
2000c491  uDMAChannelControlSet                 
2000c4cd  NwpPowerOff                           
2000c505  sl_WlanDisconnect                     
2000c53d  GPIODirModeSet                        
2000c575  PRCMPeripheralStatusGet               
2000c5a9  SPIFIFOLevelSet                       
2000c5dd  _c_int00_noargs                       
2000c611  PinTypeGPIO                           
2000c641  UARTDisable                           
2000c6a1  __aeabi_i2d                           
2000c6d1  NwpPowerOn                            
2000c6fd  PRCMSysResetCauseGet                  
2000c755  _SlDrvProtectionObjLockWaitForever    
2000c781  TimerLoadSet                          
2000c7ab  TimerPrescaleSet                      
2000c7d5  PRCMPeripheralClkDisable              
2000c7fd  _SlDrvGlobalObjUnLock                 
2000c825  _SlDrvProtectionObjUnLock             
2000c84d  _SlDrvSyncObjWaitForever              
2000c89d  memmove                               
2000c8c5  _SlDrvObjLockWaitForever              
2000c8eb  sl_Provisioning_HttpServerEventHdl    
2000c8f9  sl_Provisioning_NetAppEventHdl        
2000c905  sl_Provisioning_WlanEventHdl          
2000c911  DmaSpiSwIntHandler                    
2000c935  IntUnregister                         
2000c959  UARTEnable                            
2000c97d  SPIReset                              
2000c99f  SPIWordCountSet                       
2000c9c1  GPIOPinWrite                          
2000c9e1  IntRegister                           
2000ca01  NwpPrePowerOffTimout0                 
2000ca21  TimerGetCurrentTimestamp              
2000ca41  _SlDrvObjUnLock                       
2000ca61  _SlDrvSyncObjSignal                   
2000ca81  GPIOIntRegister                       
2000ca9f  TimerEnable                           
2000cabd  UARTCharPut                           
2000caf9  TimerValueGet                         
2000cb15  UARTCharGetNonBlocking                
2000cb31  _SlDrvStartMeasureTimeout             
2000cb4d  __TI_zero_init_nomemset               
2000cb85  memccpy                               
2000cba1  uDMAChannelEnable                     
2000cbbd  GPIOIntEnable                         
2000cbd7  PinTypeUART                           
2000cbf1  SPIDmaDisable                         
2000cc0b  SPIDmaEnable                          
2000cc25  SPIFIFODisable                        
2000cc3f  SPIFIFOEnable                         
2000cc59  SPIIntUnregister                      
2000cc73  copysign                              
2000cc73  copysignl                             
2000cc8d  GPIOPinRead                           
2000cca5  SPICSDisable                          
2000ccbd  SPICSEnable                           
2000ccd5  SPIDisable                            
2000cced  SPIEnable                             
2000cd05  UARTCharsAvail                        
2000cd1d  _SlNonOsSemSet                        
2000cd7d  PRCMHIBRegRead                        
2000cd93  PRCMHIBRegWrite                       
2000cda9  _SlDrvMemZero                         
2000cdbf  strchr                                
2000cdd5  CPUcpsie                              
2000cde9  GPIOIntClear                          
2000cdfd  IntVTableBaseSet                      
2000ce11  strcpy                                
2000ce25  strlen                                
2000ce39  wcslen                                
2000ce4b  _SlDrvDispatchHttpServerEvents        
2000ce5b  _SlDrvResetCmdExt                     
2000ce69  __TI_decompress_none                  
2000ce77  ResetISR                              
2000ce85  NwpMaskInterrupt                      
2000ce91  NwpUnMaskInterrupt                    
2000ce9d  IntMasterEnable                       
2000ceb1  __aeabi_errno_addr                    
2000ceb9  malloc                                
2000cec1  UtilsDelay                            
2000cec7  _system_pre_init                      
2000cecb  C$$EXIT                               
2000cecb  abort                                 
2000ced0  _ctypes_                              
2000d250  OpcodeTranslateTable                  
2000d28c  _SlActionLookupTable                  
2000d4a2  _SlNetAppSendTokenValueCmdCtrl        
2000d4e8  __TI_static_base__                    
2000d51c  __TI_Handler_Table_Base               
2000d528  __TI_Handler_Table_Limit              
2000d530  __TI_CINIT_Base                       
2000d540  __TI_CINIT_Limit                      
20017000  __start___llvm_prf_cnts               
20017000  __stop___llvm_prf_cnts                
20017000  _sys_memory                           
2001f168  g_ucDinDout                           
2001f1b8  g_time                                
2001f1e4  g_ucConnectionSSID                    
2001f208  g_ucConnectionBSSID                   
2001f214  RxIrqCnt                              
2001f215  g_bDeviceRestartIsRequired            
2001f216  g_cDummy                              
2001f217  g_ucLED1Pin                           
2001f218  g_ucLED2Pin                           
2001f219  g_ucLED3Pin                           
2001f21c  g__SlNonOsCB                          
2001f26c  g_ulStatus                            
2001f270  g_ulPingPacketsRecv                   
2001f274  g_ulGatewayIP                         
2001f278  g_Host                                
2001f27c  g_SlDeviceStatus                      
2001f280  g_pCB                                 
2001f284  pPingCallBackFunc                     
2001f28c  g_uiLED1Port                          
2001f290  g_uiLED2Port                          
2001f294  g_uiLED3Port                          
2001f298  g_SpiFd                               
2001f29c  g_pHostIntHdl                         
2001f2a0  g_ucDMAEnabled                        
2001f2a4  _lock                                 
2001f2a8  _unlock                               
2001f2b4  errno                                 
2002f000  __stack                               
20030000  __STACK_END                           
ffffffff  __TI_pprof_out_hndl                   
ffffffff  __TI_prof_data_size                   
ffffffff  __TI_prof_data_start                  
ffffffff  __binit__                             
ffffffff  __c_args__                            
ffffffff  binit                                 
UNDEFED   __mpu_init                            
UNDEFED   _system_post_cinit                    

[279 symbols]
